<html>
<body>
<pre>
<h1>礦ision Build Log</h1>
<h2>Tool Versions:</h2>
IDE-Version: μVision V5.24.2.0
Copyright (C) 2017 ARM Ltd and ARM Germany GmbH. All rights reserved.
License Information: 魏 家玉, 魏家玉, LIC=585FJ-UA7V2-CX3U6-DV3IJ-JDCAS-FVKYX
 
Tool Versions:
Toolchain:       MDK-ARM Plus  Version: 5.24.1
Toolchain Path:  E:\Keil5\ARM\ARMCC\Bin
C Compiler:      Armcc.exe V5.06 update 5 (build 528)
Assembler:       Armasm.exe V5.06 update 5 (build 528)
Linker/Locator:  ArmLink.exe V5.06 update 5 (build 528)
Library Manager: ArmAr.exe V5.06 update 5 (build 528)
Hex Converter:   FromElf.exe V5.06 update 5 (build 528)
CPU DLL:         SARMCM3.DLL V5.24.1
Dialog DLL:      DCM.DLL V1.16.0.0
Target DLL:      STLink\ST-LINKIII-KEIL_SWO.dll V3.0.1.0
Dialog DLL:      TCM.DLL V1.32.0.0
 
<h2>Project:</h2>
G:\TEMP\最近360\car_example\user\Project.uvprojx
Project File Date:  06/03/2026

<h2>Output:</h2>
*** Using Compiler 'V5.06 update 5 (build 528)', folder: 'E:\Keil5\ARM\ARMCC\Bin'
Rebuild target 'Target 1'
compiling filter.c...
compiling main.c...
..\code\pid.h(35): warning:  #1-D: last line of file ends without a newline
  #endif
main.c: 1 warning, 0 errors
compiling motor.c...
..\code\pid.h(35): warning:  #1-D: last line of file ends without a newline
  #endif
..\code\motor.c: 1 warning, 0 errors
compiling gray_track.c...
..\code\pid.h(35): warning:  #1-D: last line of file ends without a newline
  #endif
..\code\gray_track.c: 1 warning, 0 errors
compiling pid.c...
..\code\pid.h(35): warning:  #1-D: last line of file ends without a newline
  #endif
..\code\pid.c(88): warning:  #223-D: function "abs" declared implicitly
  	total_distance += (abs(Encoder_count1) + abs(Encoder_count2)) / 2;
..\code\pid.c(149): warning:  #1-D: last line of file ends without a newline
  }
..\code\pid.c: 3 warnings, 0 errors
assembling startup_stm32f10x_md.s...
compiling ml_mpu6050.c...
..\code\pid.h(35): warning:  #1-D: last line of file ends without a newline
  #endif
..\ml_libs\ml_mpu6050.c: 1 warning, 0 errors
compiling system_stm32f10x.c...
compiling ml_hmc5883l.c...
..\code\pid.h(35): warning:  #1-D: last line of file ends without a newline
  #endif
..\ml_libs\ml_hmc5883l.c: 1 warning, 0 errors
compiling isr.c...
..\code\pid.h(35): warning:  #1-D: last line of file ends without a newline
  #endif
isr.c: 1 warning, 0 errors
compiling ml_oled.c...
..\code\pid.h(35): warning:  #1-D: last line of file ends without a newline
  #endif
..\ml_libs\ml_oled.c: 1 warning, 0 errors
compiling ml_nvic.c...
..\code\pid.h(35): warning:  #1-D: last line of file ends without a newline
  #endif
..\ML_LIBS\ml_nvic.c: 1 warning, 0 errors
compiling ml_delay.c...
compiling tuner_bridge.c...
..\code\pid.h(35): warning:  #1-D: last line of file ends without a newline
  #endif
..\code\tuner_bridge.c(47): warning:  #223-D: function "atof" declared implicitly
          if (p_str) new_kp = atof(p_str + 2);
..\code\tuner_bridge.c(48): warning:  #223-D: function "atof" declared implicitly
          if (i_str) new_ki = atof(i_str + 2);
..\code\tuner_bridge.c(49): warning:  #223-D: function "atof" declared implicitly
          if (d_str) new_kd = atof(d_str + 2);
..\code\tuner_bridge.c: 4 warnings, 0 errors
compiling ml_pwm.c...
..\code\pid.h(35): warning:  #1-D: last line of file ends without a newline
  #endif
..\ML_LIBS\ml_pwm.c: 1 warning, 0 errors
compiling ml_adc.c...
..\code\pid.h(35): warning:  #1-D: last line of file ends without a newline
  #endif
..\ML_LIBS\ml_adc.c: 1 warning, 0 errors
compiling ml_i2c.c...
..\code\pid.h(35): warning:  #1-D: last line of file ends without a newline
  #endif
..\ml_libs\ml_i2c.c: 1 warning, 0 errors
compiling ml_exti.c...
..\code\pid.h(35): warning:  #1-D: last line of file ends without a newline
  #endif
..\ML_LIBS\ml_exti.c: 1 warning, 0 errors
compiling ml_tim.c...
..\code\pid.h(35): warning:  #1-D: last line of file ends without a newline
  #endif
..\ML_LIBS\ml_tim.c: 1 warning, 0 errors
compiling ml_gpio.c...
..\code\pid.h(35): warning:  #1-D: last line of file ends without a newline
  #endif
..\ML_LIBS\ml_gpio.c: 1 warning, 0 errors
compiling ml_uart.c...
..\code\pid.h(35): warning:  #1-D: last line of file ends without a newline
  #endif
..\ML_LIBS\ml_uart.c: 1 warning, 0 errors
linking...
Program Size: Code=24348 RO-data=2444 RW-data=296 ZI-data=1872  
FromELF: creating hex file...
".\Objects\Project.axf" - 0 Error(s), 22 Warning(s).

<h2>Software Packages used:</h2>

Package Vendor: Keil
                http://www.keil.com/pack/Keil.STM32F1xx_DFP.2.2.0.pack
                Keil.STM32F1xx_DFP.2.2.0
                STMicroelectronics STM32F1 Series Device Support, Drivers and Examples

<h2>Collection of Component include folders:</h2>
  .\RTE\_Target_1
  E:\Keil5\ARM\PACK\Keil\STM32F1xx_DFP\2.2.0\Device\Include

<h2>Collection of Component Files used:</h2>
Build Time Elapsed:  00:00:01
</pre>
</body>
</html>
