<html>
<body>
<pre>
<h1>µVision Build Log</h1>
<h2>Tool Versions:</h2>
IDE-Version: ¶ÃVision V5.24.2.0
Copyright (C) 2017 ARM Ltd and ARM Germany GmbH. All rights reserved.
License Information: Œ∫ º“”Ò, Œ∫º“”Ò, LIC=585FJ-UA7V2-CX3U6-DV3IJ-JDCAS-FVKYX
 
Tool Versions:
Toolchain:       MDK-ARM Plus  Version: 5.24.1
Toolchain Path:  E:\Keil5\ARM\ARMCC\Bin
C Compiler:      Armcc.exe V5.06 update 5 (build 528)
Assembler:       Armasm.exe V5.06 update 5 (build 528)
Linker/Locator:  ArmLink.exe V5.06 update 5 (build 528)
Library Manager: ArmAr.exe V5.06 update 5 (build 528)
Hex Converter:   FromElf.exe V5.06 update 5 (build 528)
CPU DLL:         SARMCM3.DLL V5.24.1
Dialog DLL:      DCM.DLL V1.16.0.0
Target DLL:      STLink\ST-LINKIII-KEIL_SWO.dll V3.0.1.0
Dialog DLL:      TCM.DLL V1.32.0.0
 
<h2>Project:</h2>
E:\Local_repository\Github\NUEDC-2026-school-G\Intelligent recognition car\user\Project.uvprojx
Project File Date:  05/20/2026

<h2>Output:</h2>
*** Using Compiler 'V5.06 update 5 (build 528)', folder: 'E:\Keil5\ARM\ARMCC\Bin'
Rebuild target 'Target 1'
compiling ml_exti.c...
compiling motor.c...
compiling main.c...
main.c(7): warning:  #177-D: variable "poker_display_buf"  was declared but never referenced
  static char poker_display_buf[17];
main.c: 1 warning, 0 errors
compiling filter.c...
compiling gray_track.c...
compiling pid.c...
compiling system_stm32f10x.c...
compiling ml_mpu6050.c...
compiling buzzer.c...
assembling startup_stm32f10x_md.s...
compiling ml_pwm.c...
compiling ml_delay.c...
compiling ml_nvic.c...
compiling ml_tim.c...
compiling isr.c...
compiling ml_adc.c...
compiling ml_i2c.c...
compiling ml_gpio.c...
compiling ml_hmc5883l.c...
compiling ml_uart.c...
compiling ml_oled.c...
linking...
Program Size: Code=15856 RO-data=2044 RW-data=208 ZI-data=1736  
FromELF: creating hex file...
".\Objects\Project.axf" - 0 Error(s), 1 Warning(s).

<h2>Software Packages used:</h2>

Package Vendor: Keil
                http://www.keil.com/pack/Keil.STM32F1xx_DFP.2.2.0.pack
                Keil.STM32F1xx_DFP.2.2.0
                STMicroelectronics STM32F1 Series Device Support, Drivers and Examples

<h2>Collection of Component include folders:</h2>
  .\RTE\_Target_1
  E:\Keil5\ARM\PACK\Keil\STM32F1xx_DFP\2.2.0\Device\Include

<h2>Collection of Component Files used:</h2>
Build Time Elapsed:  00:00:01
</pre>
</body>
</html>
