Component: ARM Compiler 5.06 update 5 (build 528) Tool: armlink [4d35e2]

==============================================================================

Section Cross References

    main.o(i.check_lap) refers to frleqf.o(x$fpl$frleqf) for __aeabi_cfrcmple
    main.o(i.check_lap) refers to buzzer.o(i.buzzer_on) for buzzer_on
    main.o(i.check_lap) refers to buzzer.o(i.led_on) for led_on
    main.o(i.check_lap) refers to pid.o(i.motor_target_set) for motor_target_set
    main.o(i.check_lap) refers to main.o(i.led_blink_update) for led_blink_update
    main.o(i.check_lap) refers to pid.o(.data) for current_mode
    main.o(i.check_lap) refers to buzzer.o(.data) for buzzer_end_tick
    main.o(i.check_lap) refers to main.o(.data) for led_blink_next_tick
    main.o(i.led_blink_update) refers to buzzer.o(i.led_off) for led_off
    main.o(i.led_blink_update) refers to buzzer.o(i.led_on) for led_on
    main.o(i.led_blink_update) refers to main.o(.data) for led_blink_step
    main.o(i.led_blink_update) refers to pid.o(.data) for system_tick
    main.o(i.main) refers to motor.o(i.motor_init) for motor_init
    main.o(i.main) refers to motor.o(i.encoder_init) for encoder_init
    main.o(i.main) refers to gray_track.o(i.gray_init) for gray_init
    main.o(i.main) refers to ml_uart.o(i.uart_init) for uart_init
    main.o(i.main) refers to pid.o(i.pid_init) for pid_init
    main.o(i.main) refers to ml_oled.o(i.OLED_Init) for OLED_Init
    main.o(i.main) refers to buzzer.o(i.buzzer_init) for buzzer_init
    main.o(i.main) refers to buzzer.o(i.led_init) for led_init
    main.o(i.main) refers to ml_tim.o(i.tim_interrupt_ms_init) for tim_interrupt_ms_init
    main.o(i.main) refers to ml_oled.o(i.OLED_Clear) for OLED_Clear
    main.o(i.main) refers to ml_oled.o(i.OLED_ShowString) for OLED_ShowString
    main.o(i.main) refers to buzzer.o(i.led_toggle) for led_toggle
    main.o(i.main) refers to pid.o(i.motor_target_set) for motor_target_set
    main.o(i.main) refers to gray_track.o(i.track_pid) for track_pid
    main.o(i.main) refers to main.o(i.check_lap) for check_lap
    main.o(i.main) refers to main.o(i.update_display) for update_display
    main.o(i.main) refers to pid.o(.bss) for motorA
    main.o(i.main) refers to pid.o(.data) for current_mode
    main.o(i.main) refers to main.o(.data) for display_counter
    main.o(i.update_display) refers to ml_oled.o(i.OLED_ShowString) for OLED_ShowString
    main.o(i.update_display) refers to ml_oled.o(i.OLED_ShowNum) for OLED_ShowNum
    main.o(i.update_display) refers to ml_oled.o(i.OLED_ShowFloat) for OLED_ShowFloat
    main.o(i.update_display) refers to pid.o(.data) for current_mode
    main.o(i.update_display) refers to motor.o(.data) for total_distance
    main.o(i.update_display) refers to main.o(.data) for last_poker_flag
    main.o(.data) refers to main.o(.conststring) for .conststring
    isr.o(i.EXTI2_IRQHandler) refers to ml_gpio.o(i.gpio_get) for gpio_get
    isr.o(i.EXTI2_IRQHandler) refers to motor.o(.data) for Encoder_count1
    isr.o(i.EXTI4_IRQHandler) refers to ml_gpio.o(i.gpio_get) for gpio_get
    isr.o(i.EXTI4_IRQHandler) refers to motor.o(.data) for Encoder_count2
    isr.o(i.TIM3_IRQHandler) refers to pid.o(i.pid_control) for pid_control
    isr.o(i.TIM3_IRQHandler) refers to buzzer.o(i.buzzer_off) for buzzer_off
    isr.o(i.TIM3_IRQHandler) refers to pid.o(.data) for system_tick
    isr.o(i.TIM3_IRQHandler) refers to buzzer.o(.data) for buzzer_active
    isr.o(i.USART1_IRQHandler) refers to pid.o(i.motor_target_set) for motor_target_set
    isr.o(i.USART1_IRQHandler) refers to motor.o(i.emergency_stop) for emergency_stop
    isr.o(i.USART1_IRQHandler) refers to pid.o(i.set_current_mode) for set_current_mode
    isr.o(i.USART1_IRQHandler) refers to isr.o(.data) for uart_rx_state
    isr.o(i.USART1_IRQHandler) refers to pid.o(.data) for current_mode
    motor.o(i.emergency_stop) refers to motor.o(i.motorA_duty) for motorA_duty
    motor.o(i.emergency_stop) refers to motor.o(i.motorB_duty) for motorB_duty
    motor.o(i.emergency_stop) refers to pid.o(.bss) for motorA
    motor.o(i.encoder_init) refers to ml_exti.o(i.exti_init) for exti_init
    motor.o(i.encoder_init) refers to ml_gpio.o(i.gpio_init) for gpio_init
    motor.o(i.get_total_distance) refers to motor.o(.data) for total_distance
    motor.o(i.motorA_duty) refers to ml_pwm.o(i.pwm_update) for pwm_update
    motor.o(i.motorA_duty) refers to ml_gpio.o(i.gpio_set) for gpio_set
    motor.o(i.motorA_duty) refers to motor.o(.data) for motorA_dir
    motor.o(i.motorB_duty) refers to ml_pwm.o(i.pwm_update) for pwm_update
    motor.o(i.motorB_duty) refers to ml_gpio.o(i.gpio_set) for gpio_set
    motor.o(i.motorB_duty) refers to motor.o(.data) for motorB_dir
    motor.o(i.motor_control) refers to pid.o(i.motor_target_set) for motor_target_set
    motor.o(i.motor_direct_set) refers to motor.o(i.motorA_duty) for motorA_duty
    motor.o(i.motor_direct_set) refers to motor.o(i.motorB_duty) for motorB_duty
[...]
    Removing ml_oled.o(i.OLED_ShowBinNum), (62 bytes).
    Removing ml_oled.o(i.OLED_ShowHexNum), (84 bytes).
    Removing ml_hmc5883l.o(i.HMC5883L_GetData), (96 bytes).
    Removing ml_hmc5883l.o(i.HMC5883L_Init), (28 bytes).
    Removing ml_hmc5883l.o(i.HMC5883L_Read), (64 bytes).
    Removing ml_hmc5883l.o(i.HMC5883L_Write), (46 bytes).
    Removing ml_hmc5883l.o(.data), (12 bytes).

44 unused section(s) (total 3475 bytes) removed from the image.

==============================================================================

Image Symbol Table

    Local Symbols

    Symbol Name                              Value     Ov Type        Size  Object(Section)

    ../clib/angel/boardlib.s                 0x00000000   Number         0  boardinit1.o ABSOLUTE
    ../clib/angel/boardlib.s                 0x00000000   Number         0  boardinit2.o ABSOLUTE
    ../clib/angel/boardlib.s                 0x00000000   Number         0  boardinit3.o ABSOLUTE
    ../clib/angel/boardlib.s                 0x00000000   Number         0  boardshut.o ABSOLUTE
    ../clib/angel/handlers.s                 0x00000000   Number         0  __scatter_copy.o ABSOLUTE
    ../clib/angel/handlers.s                 0x00000000   Number         0  __scatter_zi.o ABSOLUTE
    ../clib/angel/kernel.s                   0x00000000   Number         0  __rtentry.o ABSOLUTE
    ../clib/angel/kernel.s                   0x00000000   Number         0  __rtentry2.o ABSOLUTE
    ../clib/angel/kernel.s                   0x00000000   Number         0  __rtentry4.o ABSOLUTE
    ../clib/angel/kernel.s                   0x00000000   Number         0  rtexit.o ABSOLUTE
    ../clib/angel/kernel.s                   0x00000000   Number         0  rtexit2.o ABSOLUTE
    ../clib/angel/rt.s                       0x00000000   Number         0  rt_errno_addr.o ABSOLUTE
    ../clib/angel/rt.s                       0x00000000   Number         0  rt_errno_addr_intlibspace.o ABSOLUTE
    ../clib/angel/rt.s                       0x00000000   Number         0  rt_raise.o ABSOLUTE
    ../clib/angel/scatter.s                  0x00000000   Number         0  __scatter.o ABSOLUTE
    ../clib/angel/startup.s                  0x00000000   Number         0  __main.o ABSOLUTE
    ../clib/angel/sys.s                      0x00000000   Number         0  indicate_semi.o ABSOLUTE
    ../clib/angel/sys.s                      0x00000000   Number         0  use_no_semi_2.o ABSOLUTE
    ../clib/angel/sys.s                      0x00000000   Number         0  use_no_semi.o ABSOLUTE
    ../clib/angel/sys.s                      0x00000000   Number         0  libspace.o ABSOLUTE
    ../clib/angel/sys.s                      0x00000000   Number         0  sys_stackheap_outer.o ABSOLUTE
    ../clib/angel/sysapp.c                   0x00000000   Number         0  sys_wrch.o ABSOLUTE
    ../clib/angel/sysapp.c                   0x00000000   Number         0  sys_command.o ABSOLUTE
    ../clib/armsys.c                         0x00000000   Number         0  argv_veneer.o ABSOLUTE
    ../clib/armsys.c                         0x00000000   Number         0  no_argv.o ABSOLUTE
    ../clib/armsys.c                         0x00000000   Number         0  _get_argv_nomalloc.o ABSOLUTE
    ../clib/armsys.c                         0x00000000   Number         0  argv_veneer.o ABSOLUTE
    ../clib/fenv.c                           0x00000000   Number         0  _rserrno.o ABSOLUTE
    ../clib/heapalloc.c                      0x00000000   Number         0  hrguard.o ABSOLUTE
    ../clib/heapaux.c                        0x00000000   Number         0  heapauxi.o ABSOLUTE
    ../clib/libinit.s                        0x00000000   Number         0  libshutdown.o ABSOLUTE
    ../clib/libinit.s                        0x00000000   Number         0  libshutdown2.o ABSOLUTE
    ../clib/libinit.s                        0x00000000   Number         0  libinit.o ABSOLUTE
    ../clib/libinit.s                        0x00000000   Number         0  libinit2.o ABSOLUTE
    ../clib/signal.c                         0x00000000   Number         0  defsig_exit.o ABSOLUTE
    ../clib/signal.c                         0x00000000   Number         0  defsig_rtmem_formal.o ABSOLUTE
    ../clib/signal.c                         0x00000000   Number         0  defsig_rtmem_inner.o ABSOLUTE
    ../clib/signal.c                         0x00000000   Number         0  defsig_rtmem_outer.o ABSOLUTE
    ../clib/signal.c                         0x00000000   Number         0  __raise.o ABSOLUTE
    ../clib/signal.c                         0x00000000   Number         0  defsig_abrt_inner.o ABSOLUTE
    ../clib/signal.c                         0x00000000   Number         0  defsig_fpe_inner.o ABSOLUTE
    ../clib/signal.c                         0x00000000   Number         0  defsig_rtred_inner.o ABSOLUTE
    ../clib/signal.c                         0x00000000   Number         0  defsig_stak_inner.o ABSOLUTE
    ../clib/signal.c                         0x00000000   Number         0  defsig_segv_inner.o ABSOLUTE
    ../clib/signal.c                         0x00000000   Number         0  defsig_pvfn_inner.o ABSOLUTE
    ../clib/signal.c                         0x00000000   Number         0  defsig_cppl_inner.o ABSOLUTE
    ../clib/signal.c                         0x00000000   Number         0  defsig_general.o ABSOLUTE
    ../clib/signal.c                         0x00000000   Number         0  defsig_other.o ABSOLUTE
    ../clib/signal.s                         0x00000000   Number         0  defsig.o ABSOLUTE
    ../clib/stdlib.c                         0x00000000   Number         0  exit.o ABSOLUTE
    ../fplib/d2f.s                           0x00000000   Number         0  d2f.o ABSOLUTE
    ../fplib/daddsub.s                       0x00000000   Number         0  daddsub_clz.o ABSOLUTE
    ../fplib/dcheck1.s                       0x00000000   Number         0  dcheck1.o ABSOLUTE
    ../fplib/dcmpi.s                         0x00000000   Number         0  dcmpi.o ABSOLUTE
    ../fplib/ddiv.s                          0x00000000   Number         0  ddiv.o ABSOLUTE
    ../fplib/dfix.s                          0x00000000   Number         0  dfix.o ABSOLUTE
    ../fplib/dflt.s                          0x00000000   Number         0  dflt_clz.o ABSOLUTE
    ../fplib/dleqf.s                         0x00000000   Number         0  dleqf.o ABSOLUTE
    ../fplib/dmul.s                          0x00000000   Number         0  dmul.o ABSOLUTE
    ../fplib/dnaninf.s                       0x00000000   Number         0  dnaninf.o ABSOLUTE
    ../fplib/dretinf.s                       0x00000000   Number         0  dretinf.o ABSOLUTE
    ../fplib/drleqf.s                        0x00000000   Number         0  drleqf.o ABSOLUTE
    ../fplib/dsqrt.s                         0x00000000   Number         0  dsqrt_noumaal.o ABSOLUTE
    ../fplib/f2d.s                           0x00000000   Number         0  f2d.o ABSOLUTE
    ../fplib/faddsub.s                       0x00000000   Number         0  faddsub_clz.o ABSOLUTE
    ../fplib/fcmpi.s                         0x00000000   Number         0  fcmpi.o ABSOLUTE
    ../fplib/fdiv.s                          0x00000000   Number         0  fdiv.o ABSOLUTE
    ../fplib/ffix.s                          0x00000000   Number         0  ffix.o ABSOLUTE
    ../fplib/ffixu.s                         0x00000000   Number         0  ffixu.o ABSOLUTE
    ../fplib/fflt.s                          0x00000000   Number         0  fflt_clz.o ABSOLUTE
    ../fplib/fleqf.s                         0x00000000   Number         0  fleqf.o ABSOLUTE
    ../fplib/fmul.s                          0x00000000   Number         0  fmul.o ABSOLUTE
    ../fplib/fnaninf.s                       0x00000000   Number         0  fnaninf.o ABSOLUTE
    ../fplib/fpinit.s                        0x00000000   Number         0  fpinit.o ABSOLUTE
    ../fplib/fretinf.s                       0x00000000   Number         0  fretinf.o ABSOLUTE
    ../fplib/frleqf.s                        0x00000000   Number         0  frleqf.o ABSOLUTE
    ../fplib/retnan.s                        0x00000000   Number         0  retnan.o ABSOLUTE
    ../fplib/scalbn.s                        0x00000000   Number         0  scalbn.o ABSOLUTE
    ../fplib/trapv.s                         0x00000000   Number         0  trapv.o ABSOLUTE
    ../fplib/usenofp.s                       0x00000000   Number         0  usenofp.o ABSOLUTE
    ../mathlib/dunder.c                      0x00000000   Number         0  dunder.o ABSOLUTE
    ../mathlib/fpclassify.c                  0x00000000   Number         0  fpclassify.o ABSOLUTE
    ../mathlib/poly.c                        0x00000000   Number         0  poly.o ABSOLUTE
    ../mathlib/pow.c                         0x00000000   Number         0  pow_x.o ABSOLUTE
    ../mathlib/pow.c                         0x00000000   Number         0  pow.o ABSOLUTE
    ../mathlib/qnan.c                        0x00000000   Number         0  qnan.o ABSOLUTE
    ../mathlib/sqrt.c                        0x00000000   Number         0  sqrt_x.o ABSOLUTE
    ../mathlib/sqrt.c                        0x00000000   Number         0  sqrt.o ABSOLUTE
    ..\ML_LIBS\ml_adc.c                      0x00000000   Number         0  ml_adc.o ABSOLUTE
    ..\ML_LIBS\ml_delay.c                    0x00000000   Number         0  ml_delay.o ABSOLUTE
    ..\ML_LIBS\ml_exti.c                     0x00000000   Number         0  ml_exti.o ABSOLUTE
    ..\ML_LIBS\ml_gpio.c                     0x00000000   Number         0  ml_gpio.o ABSOLUTE
    ..\ML_LIBS\ml_nvic.c                     0x00000000   Number         0  ml_nvic.o ABSOLUTE
    ..\ML_LIBS\ml_pwm.c                      0x00000000   Number         0  ml_pwm.o ABSOLUTE
    ..\ML_LIBS\ml_tim.c                      0x00000000   Number         0  ml_tim.o ABSOLUTE
    ..\ML_LIBS\ml_uart.c                     0x00000000   Number         0  ml_uart.o ABSOLUTE
    ..\code\buzzer.c                         0x00000000   Number         0  buzzer.o ABSOLUTE
    ..\code\filter.c                         0x00000000   Number         0  filter.o ABSOLUTE
    ..\code\gray_track.c                     0x00000000   Number         0  gray_track.o ABSOLUTE
    ..\code\motor.c                          0x00000000   Number         0  motor.o ABSOLUTE
    ..\code\pid.c                            0x00000000   Number         0  pid.o ABSOLUTE
    ..\ml_libs\ml_hmc5883l.c                 0x00000000   Number         0  ml_hmc5883l.o ABSOLUTE
    ..\ml_libs\ml_i2c.c                      0x00000000   Number         0  ml_i2c.o ABSOLUTE
    ..\ml_libs\ml_mpu6050.c                  0x00000000   Number         0  ml_mpu6050.o ABSOLUTE
    ..\ml_libs\ml_oled.c                     0x00000000   Number         0  ml_oled.o ABSOLUTE
    ..\sys\startup_stm32f10x_md.s            0x00000000   Number         0  startup_stm32f10x_md.o ABSOLUTE
    ..\sys\system_stm32f10x.c                0x00000000   Number         0  system_stm32f10x.o ABSOLUTE
    dc.s                                     0x00000000   Number         0  dc.o ABSOLUTE
    isr.c                                    0x00000000   Number         0  isr.o ABSOLUTE
    main.c                                   0x00000000   Number         0  main.o ABSOLUTE
    RESET                                    0x08000000   Section      236  startup_stm32f10x_md.o(RESET)
    !!!main                                  0x080000ec   Section        8  __main.o(!!!main)
    !!!scatter                               0x080000f4   Section       52  __scatter.o(!!!scatter)
    !!handler_copy                           0x08000128   Section       26  __scatter_copy.o(!!handler_copy)
    !!handler_zi                             0x08000144   Section       28  __scatter_zi.o(!!handler_zi)
    .ARM.Collect$$libinit$$00000000          0x08000160   Section        2  libinit.o(.ARM.Collect$$libinit$$00000000)
    .ARM.Collect$$libinit$$00000002          0x08000162   Section        0  libinit2.o(.ARM.Collect$$libinit$$00000002)
    .ARM.Collect$$libinit$$00000004          0x08000162   Section        0  libinit2.o(.ARM.Collect$$libinit$$00000004)
    .ARM.Collect$$libinit$$0000000A          0x08000162   Section        0  libinit2.o(.ARM.Collect$$libinit$$0000000A)
    .ARM.Collect$$libinit$$0000000C          0x08000162   Section        0  libinit2.o(.ARM.Collect$$libinit$$0000000C)
    .ARM.Collect$$libinit$$0000000E          0x08000162   Section        0  libinit2.o(.ARM.Collect$$libinit$$0000000E)
    .ARM.Collect$$libinit$$00000011          0x08000162   Section        0  libinit2.o(.ARM.Collect$$libinit$$00000011)
    .ARM.Collect$$libinit$$00000013          0x08000162   Section        0  libinit2.o(.ARM.Collect$$libinit$$00000013)
    .ARM.Collect$$libinit$$00000015          0x08000162   Section        0  libinit2.o(.ARM.Collect$$libinit$$00000015)
    .ARM.Collect$$libinit$$00000017          0x08000162   Section        0  libinit2.o(.ARM.Collect$$libinit$$00000017)
    .ARM.Collect$$libinit$$00000019          0x08000162   Section        0  libinit2.o(.ARM.Collect$$libinit$$00000019)
    .ARM.Collect$$libinit$$0000001B          0x08000162   Section        0  libinit2.o(.ARM.Collect$$libinit$$0000001B)
    .ARM.Collect$$libinit$$0000001D          0x08000162   Section        0  libinit2.o(.ARM.Collect$$libinit$$0000001D)
    .ARM.Collect$$libinit$$0000001F          0x08000162   Section        0  libinit2.o(.ARM.Collect$$libinit$$0000001F)
    .ARM.Collect$$libinit$$00000021          0x08000162   Section        0  libinit2.o(.ARM.Collect$$libinit$$00000021)
    .ARM.Collect$$libinit$$00000023          0x08000162   Section        0  libinit2.o(.ARM.Collect$$libinit$$00000023)
    .ARM.Collect$$libinit$$00000025          0x08000162   Section        0  libinit2.o(.ARM.Collect$$libinit$$00000025)
    .ARM.Collect$$libinit$$0000002C          0x08000162   Section        0  libinit2.o(.ARM.Collect$$libinit$$0000002C)
    .ARM.Collect$$libinit$$0000002E          0x08000162   Section        0  libinit2.o(.ARM.Collect$$libinit$$0000002E)
    .ARM.Collect$$libinit$$00000030          0x08000162   Section        0  libinit2.o(.ARM.Collect$$libinit$$00000030)
    .ARM.Collect$$libinit$$00000032          0x08000162   Section        0  libinit2.o(.ARM.Collect$$libinit$$00000032)
    .ARM.Collect$$libinit$$00000033          0x08000162   Section        2  libinit2.o(.ARM.Collect$$libinit$$00000033)
    .ARM.Collect$$libshutdown$$00000000      0x08000164   Section        2  libshutdown.o(.ARM.Collect$$libshutdown$$00000000)
    .ARM.Collect$$libshutdown$$00000002      0x08000166   Section        0  libshutdown2.o(.ARM.Collect$$libshutdown$$00000002)
    .ARM.Collect$$libshutdown$$00000004      0x08000166   Section        0  libshutdown2.o(.ARM.Collect$$libshutdown$$00000004)
    .ARM.Collect$$libshutdown$$00000007      0x08000166   Section        0  libshutdown2.o(.ARM.Collect$$libshutdown$$00000007)
    .ARM.Collect$$libshutdown$$0000000A      0x08000166   Section        0  libshutdown2.o(.ARM.Collect$$libshutdown$$0000000A)
    .ARM.Collect$$libshutdown$$0000000C      0x08000166   Section        0  libshutdown2.o(.ARM.Collect$$libshutdown$$0000000C)
    .ARM.Collect$$libshutdown$$0000000F      0x08000166   Section        0  libshutdown2.o(.ARM.Collect$$libshutdown$$0000000F)
    .ARM.Collect$$libshutdown$$00000010      0x08000166   Section        2  libshutdown2.o(.ARM.Collect$$libshutdown$$00000010)
    .ARM.Collect$$rtentry$$00000000          0x08000168   Section        0  __rtentry.o(.ARM.Collect$$rtentry$$00000000)
    .ARM.Collect$$rtentry$$00000002          0x08000168   Section        0  __rtentry2.o(.ARM.Collect$$rtentry$$00000002)
    .ARM.Collect$$rtentry$$00000004          0x08000168   Section        6  __rtentry4.o(.ARM.Collect$$rtentry$$00000004)
    .ARM.Collect$$rtentry$$00000009          0x0800016e   Section        0  __rtentry2.o(.ARM.Collect$$rtentry$$00000009)
    .ARM.Collect$$rtentry$$0000000A          0x0800016e   Section        4  __rtentry2.o(.ARM.Collect$$rtentry$$0000000A)
    .ARM.Collect$$rtentry$$0000000C          0x08000172   Section        0  __rtentry2.o(.ARM.Collect$$rtentry$$0000000C)
    .ARM.Collect$$rtentry$$0000000D          0x08000172   Section        8  __rtentry2.o(.ARM.Collect$$rtentry$$0000000D)
    .ARM.Collect$$rtexit$$00000000           0x0800017a   Section        2  rtexit.o(.ARM.Collect$$rtexit$$00000000)
    .ARM.Collect$$rtexit$$00000002           0x0800017c   Section        0  rtexit2.o(.ARM.Collect$$rtexit$$00000002)
    .ARM.Collect$$rtexit$$00000003           0x0800017c   Section        4  rtexit2.o(.ARM.Collect$$rtexit$$00000003)
    .ARM.Collect$$rtexit$$00000004           0x08000180   Section        6  rtexit2.o(.ARM.Collect$$rtexit$$00000004)
    .text                                    0x08000188   Section       64  startup_stm32f10x_md.o(.text)
    .text                                    0x080001c8   Section        2  use_no_semi_2.o(.text)
    .text                                    0x080001ca   Section        0  heapauxi.o(.text)
    .text                                    0x080001d0   Section        2  use_no_semi.o(.text)
    .text                                    0x080001d2   Section        0  _rserrno.o(.text)
    .text                                    0x080001e8   Section        8  rt_errno_addr_intlibspace.o(.text)
    .text                                    0x080001f0   Section        8  libspace.o(.text)
    .text                                    0x080001f8   Section       74  sys_stackheap_outer.o(.text)
    .text                                    0x08000242   Section        0  exit.o(.text)
    i.EXTI0_IRQHandler                       0x08000254   Section        0  isr.o(i.EXTI0_IRQHandler)
    i.EXTI1_IRQHandler                       0x0800026c   Section        0  isr.o(i.EXTI1_IRQHandler)
    i.EXTI2_IRQHandler                       0x08000284   Section        0  isr.o(i.EXTI2_IRQHandler)
    i.EXTI3_IRQHandler                       0x080002c0   Section        0  isr.o(i.EXTI3_IRQHandler)
    i.EXTI4_IRQHandler                       0x080002d8   Section        0  isr.o(i.EXTI4_IRQHandler)
    i.EXTI9_5_IRQHandler                     0x08000314   Section        0  isr.o(i.EXTI9_5_IRQHandler)
    i.NVIC_Group_Config                      0x08000370   Section        0  ml_nvic.o(i.NVIC_Group_Config)
    i.NVIC_init                              0x08000398   Section        0  ml_nvic.o(i.NVIC_init)
    i.OLED_Clear                             0x080003e4   Section        0  ml_oled.o(i.OLED_Clear)
    i.OLED_I2C_Init                          0x0800040e   Section        0  ml_oled.o(i.OLED_I2C_Init)
    i.OLED_I2C_SendByte                      0x0800043a   Section        0  ml_oled.o(i.OLED_I2C_SendByte)
    i.OLED_I2C_Start                         0x08000484   Section        0  ml_oled.o(i.OLED_I2C_Start)
    i.OLED_I2C_Stop                          0x080004b0   Section        0  ml_oled.o(i.OLED_I2C_Stop)
    i.OLED_Init                              0x080004d2   Section        0  ml_oled.o(i.OLED_Init)
    i.OLED_Pow                               0x08000580   Section        0  ml_oled.o(i.OLED_Pow)
    i.OLED_SetCursor                         0x08000594   Section        0  ml_oled.o(i.OLED_SetCursor)
    i.OLED_ShowChar                          0x080005b8   Section        0  ml_oled.o(i.OLED_ShowChar)
    i.OLED_ShowFloat                         0x0800062c   Section        0  ml_oled.o(i.OLED_ShowFloat)
    i.OLED_ShowNum                           0x080006c4   Section        0  ml_oled.o(i.OLED_ShowNum)
    i.OLED_ShowSignedNum                     0x08000708   Section        0  ml_oled.o(i.OLED_ShowSignedNum)
    i.OLED_ShowString                        0x0800076e   Section        0  ml_oled.o(i.OLED_ShowString)
    i.OLED_WriteCommand                      0x08000796   Section        0  ml_oled.o(i.OLED_WriteCommand)
    i.OLED_WriteData                         0x080007b6   Section        0  ml_oled.o(i.OLED_WriteData)
    i.SetSysClock                            0x080007d6   Section        0  system_stm32f10x.o(i.SetSysClock)
    SetSysClock                              0x080007d7   Thumb Code     8  system_stm32f10x.o(i.SetSysClock)
    i.SetSysClockTo72                        0x080007e0   Section        0  system_stm32f10x.o(i.SetSysClockTo72)
    SetSysClockTo72                          0x080007e1   Thumb Code   214  system_stm32f10x.o(i.SetSysClockTo72)
    i.SystemInit                             0x080008c0   Section        0  system_stm32f10x.o(i.SystemInit)
    i.TIM2_IRQHandler                        0x08000920   Section        0  isr.o(i.TIM2_IRQHandler)
    i.TIM3_IRQHandler                        0x08000940   Section        0  isr.o(i.TIM3_IRQHandler)
    i.TIM4_IRQHandler                        0x08000990   Section        0  isr.o(i.TIM4_IRQHandler)
    i.USART1_IRQHandler                      0x080009ac   Section        0  isr.o(i.USART1_IRQHandler)
    i.USART2_IRQHandler                      0x08000ae8   Section        0  isr.o(i.USART2_IRQHandler)
    i.USART3_IRQHandler                      0x08000b04   Section        0  isr.o(i.USART3_IRQHandler)
    i.__ARM_fpclassify                       0x08000b20   Section        0  fpclassify.o(i.__ARM_fpclassify)
    i.__kernel_poly                          0x08000b48   Section        0  poly.o(i.__kernel_poly)
    i.__mathlib_dbl_divzero                  0x08000bf4   Section        0  dunder.o(i.__mathlib_dbl_divzero)
    i.__mathlib_dbl_infnan2                  0x08000c04   Section        0  dunder.o(i.__mathlib_dbl_infnan2)
    i.__mathlib_dbl_invalid                  0x08000c08   Section        0  dunder.o(i.__mathlib_dbl_invalid)
    i.__mathlib_dbl_overflow                 0x08000c14   Section        0  dunder.o(i.__mathlib_dbl_overflow)
    i.__mathlib_dbl_underflow                0x08000c24   Section        0  dunder.o(i.__mathlib_dbl_underflow)
    i._sys_exit                              0x08000c34   Section        0  ml_uart.o(i._sys_exit)
    i.buzzer_init                            0x08000c38   Section        0  buzzer.o(i.buzzer_init)
    i.buzzer_off                             0x08000c50   Section        0  buzzer.o(i.buzzer_off)
    i.buzzer_on                              0x08000c68   Section        0  buzzer.o(i.buzzer_on)
    i.check_lap                              0x08000c80   Section        0  main.o(i.check_lap)
    i.digtal                                 0x08000d20   Section        0  gray_track.o(i.digtal)
    i.emergency_stop                         0x08000de0   Section        0  motor.o(i.emergency_stop)
    i.encoder_init                           0x08000e14   Section        0  motor.o(i.encoder_init)
    i.exti_init                              0x08000e40   Section        0  ml_exti.o(i.exti_init)
    i.exti_pin_init                          0x08000f4c   Section        0  ml_exti.o(i.exti_pin_init)
    i.get_track_error                        0x08001094   Section        0  gray_track.o(i.get_track_error)
    i.gpio_get                               0x080010cc   Section        0  ml_gpio.o(i.gpio_get)
    i.gpio_init                              0x080010f0   Section        0  ml_gpio.o(i.gpio_init)
    i.gpio_set                               0x08001294   Section        0  ml_gpio.o(i.gpio_set)
    i.gray_init                              0x080012d4   Section        0  gray_track.o(i.gray_init)
    i.led_blink_update                       0x08001328   Section        0  main.o(i.led_blink_update)
    led_blink_update                         0x08001329   Thumb Code   104  main.o(i.led_blink_update)
    i.led_init                               0x0800139c   Section        0  buzzer.o(i.led_init)
    i.led_off                                0x080013b4   Section        0  buzzer.o(i.led_off)
    i.led_on                                 0x080013c2   Section        0  buzzer.o(i.led_on)
    i.led_toggle                             0x080013d0   Section        0  buzzer.o(i.led_toggle)
    i.main                                   0x080013f0   Section        0  main.o(i.main)
    i.motorA_duty                            0x0800150c   Section        0  motor.o(i.motorA_duty)
    i.motorB_duty                            0x08001544   Section        0  motor.o(i.motorB_duty)
    i.motor_direct_set                       0x0800157c   Section        0  motor.o(i.motor_direct_set)
    i.motor_init                             0x080015c8   Section        0  motor.o(i.motor_init)
    i.motor_target_set                       0x08001618   Section        0  pid.o(i.motor_target_set)
    i.pid_cal                                0x0800167c   Section        0  pid.o(i.pid_cal)
    i.pid_control                            0x08001740   Section        0  pid.o(i.pid_control)
    i.pid_init                               0x08001874   Section        0  pid.o(i.pid_init)
    i.pidout_limit                           0x08001898   Section        0  pid.o(i.pidout_limit)
    i.pow                                    0x080018c0   Section        0  pow.o(i.pow)
    i.pwm_init                               0x08002298   Section        0  ml_pwm.o(i.pwm_init)
    i.pwm_pin_init                           0x08002408   Section        0  ml_pwm.o(i.pwm_pin_init)
    i.pwm_update                             0x080024b4   Section        0  ml_pwm.o(i.pwm_update)
    i.set_current_mode                       0x080025c8   Section        0  pid.o(i.set_current_mode)
    i.sqrt                                   0x08002658   Section        0  sqrt.o(i.sqrt)
    i.tim_interrupt_ms_init                  0x080026a4   Section        0  ml_tim.o(i.tim_interrupt_ms_init)
    i.track_pid                              0x08002714   Section        0  gray_track.o(i.track_pid)
    i.uart_baud_config                       0x080027f4   Section        0  ml_uart.o(i.uart_baud_config)
    i.uart_init                              0x08002894   Section        0  ml_uart.o(i.uart_init)
    i.uart_pin_init                          0x080028f8   Section        0  ml_uart.o(i.uart_pin_init)
    i.update_display                         0x08002950   Section        0  main.o(i.update_display)
    x$fpl$d2f                                0x08002b28   Section       98  d2f.o(x$fpl$d2f)
    x$fpl$dadd                               0x08002b8c   Section      336  daddsub_clz.o(x$fpl$dadd)
    _dadd1                                   0x08002b9d   Thumb Code     0  daddsub_clz.o(x$fpl$dadd)
    x$fpl$dcheck1                            0x08002cdc   Section       16  dcheck1.o(x$fpl$dcheck1)
    x$fpl$dcmpinf                            0x08002cec   Section       24  dcmpi.o(x$fpl$dcmpinf)
    x$fpl$ddiv                               0x08002d04   Section      688  ddiv.o(x$fpl$ddiv)
    ddiv_entry                               0x08002d0b   Thumb Code     0  ddiv.o(x$fpl$ddiv)
    x$fpl$dfix                               0x08002fb4   Section       94  dfix.o(x$fpl$dfix)
    x$fpl$dflt                               0x08003012   Section       46  dflt_clz.o(x$fpl$dflt)
    x$fpl$dfltu                              0x08003040   Section       38  dflt_clz.o(x$fpl$dfltu)
    x$fpl$dleqf                              0x08003068   Section      120  dleqf.o(x$fpl$dleqf)
    x$fpl$dmul                               0x080030e0   Section      340  dmul.o(x$fpl$dmul)
    x$fpl$dnaninf                            0x08003234   Section      156  dnaninf.o(x$fpl$dnaninf)
    x$fpl$dretinf                            0x080032d0   Section       12  dretinf.o(x$fpl$dretinf)
    x$fpl$drleqf                             0x080032dc   Section      108  drleqf.o(x$fpl$drleqf)
    x$fpl$drsb                               0x08003348   Section       22  daddsub_clz.o(x$fpl$drsb)
    x$fpl$dsqrt                              0x08003360   Section      460  dsqrt_noumaal.o(x$fpl$dsqrt)
    x$fpl$dsub                               0x0800352c   Section      468  daddsub_clz.o(x$fpl$dsub)
    _dsub1                                   0x0800353d   Thumb Code     0  daddsub_clz.o(x$fpl$dsub)
    x$fpl$f2d                                0x08003700   Section       86  f2d.o(x$fpl$f2d)
    x$fpl$fadd                               0x08003758   Section      196  faddsub_clz.o(x$fpl$fadd)
    _fadd1                                   0x08003767   Thumb Code     0  faddsub_clz.o(x$fpl$fadd)
    x$fpl$fcmpinf                            0x0800381c   Section       24  fcmpi.o(x$fpl$fcmpinf)
    x$fpl$fdiv                               0x08003834   Section      388  fdiv.o(x$fpl$fdiv)
    _fdiv1                                   0x08003835   Thumb Code     0  fdiv.o(x$fpl$fdiv)
    x$fpl$ffix                               0x080039b8   Section       54  ffix.o(x$fpl$ffix)
    x$fpl$ffixu                              0x080039f0   Section       62  ffixu.o(x$fpl$ffixu)
    x$fpl$fflt                               0x08003a30   Section       48  fflt_clz.o(x$fpl$fflt)
    x$fpl$ffltu                              0x08003a60   Section       38  fflt_clz.o(x$fpl$ffltu)
    x$fpl$fleqf                              0x08003a88   Section      104  fleqf.o(x$fpl$fleqf)
    x$fpl$fmul                               0x08003af0   Section      258  fmul.o(x$fpl$fmul)
    x$fpl$fnaninf                            0x08003bf2   Section      140  fnaninf.o(x$fpl$fnaninf)
    x$fpl$fretinf                            0x08003c7e   Section       10  fretinf.o(x$fpl$fretinf)
    x$fpl$frleqf                             0x08003c88   Section       98  frleqf.o(x$fpl$frleqf)
    x$fpl$frsb                               0x08003cea   Section       20  faddsub_clz.o(x$fpl$frsb)
    x$fpl$fsub                               0x08003d00   Section      234  faddsub_clz.o(x$fpl$fsub)
    _fsub1                                   0x08003d0f   Thumb Code     0  faddsub_clz.o(x$fpl$fsub)
    x$fpl$retnan                             0x08003dea   Section      100  retnan.o(x$fpl$retnan)
    x$fpl$scalbn                             0x08003e4e   Section       92  scalbn.o(x$fpl$scalbn)
    x$fpl$trapveneer                         0x08003eaa   Section       48  trapv.o(x$fpl$trapveneer)
    x$fpl$usenofp                            0x08003eda   Section        0  usenofp.o(x$fpl$usenofp)
    .constdata                               0x08003edc   Section       32  gray_track.o(.constdata)
    track_weights                            0x08003edc   Data          32  gray_track.o(.constdata)
    .constdata                               0x08003efc   Section     1520  ml_oled.o(.constdata)
    .constdata                               0x080044f0   Section      136  pow.o(.constdata)
    bp                                       0x080044f0   Data          16  pow.o(.constdata)
    dp_h                                     0x08004500   Data          16  pow.o(.constdata)
    dp_l                                     0x08004510   Data          16  pow.o(.constdata)
    L                                        0x08004520   Data          48  pow.o(.constdata)
    P                                        0x08004550   Data          40  pow.o(.constdata)
    .constdata                               0x08004578   Section        8  qnan.o(.constdata)
    .conststring                             0x08004580   Section       73  main.o(.conststring)
    .data                                    0x20000000   Section       92  main.o(.data)
    display_counter                          0x20000000   Data           1  main.o(.data)
    last_poker_flag                          0x20000001   Data           1  main.o(.data)
    led_blink_step                           0x20000002   Data           1  main.o(.data)
    led_blink_next_tick                      0x20000004   Data           4  main.o(.data)
    suit_names                               0x20000008   Data          28  main.o(.data)
    rank_names                               0x20000024   Data          56  main.o(.data)
    .data                                    0x2000005c   Section        1  isr.o(.data)
    uart_rx_state                            0x2000005c   Data           1  isr.o(.data)
    .data                                    0x20000060   Section       20  motor.o(.data)
    .data                                    0x20000074   Section       31  pid.o(.data)
    .data                                    0x20000094   Section        9  gray_track.o(.data)
    .data                                    0x200000a0   Section        8  buzzer.o(.data)
    .data                                    0x200000a8   Section       12  ml_gpio.o(.data)
    .data                                    0x200000b4   Section       12  ml_tim.o(.data)
    .data                                    0x200000c0   Section       16  ml_uart.o(.data)
    .bss                                     0x200000d0   Section      104  pid.o(.bss)
    .bss                                     0x20000138   Section       96  libspace.o(.bss)
    HEAP                                     0x20000198   Section      512  startup_stm32f10x_md.o(HEAP)
    Heap_Mem                                 0x20000198   Data         512  startup_stm32f10x_md.o(HEAP)
    STACK                                    0x20000398   Section     1024  startup_stm32f10x_md.o(STACK)
    Stack_Mem                                0x20000398   Data        1024  startup_stm32f10x_md.o(STACK)
    __initial_sp                             0x20000798   Data           0  startup_stm32f10x_md.o(STACK)

    Global Symbols

    Symbol Name                              Value     Ov Type        Size  Object(Section)

    BuildAttributes$$THM_ISAv4$P$D$K$B$S$PE$A:L22UL41UL21$X:L11$S22US41US21$IEEE1$IW$USESV6$~STKCKD$USESV7$~SHL$OTIME$ROPI$IEEEX$EBA8$UX$STANDARDLIB$REQ8$PRES8$EABIv2 0x00000000   Number         0  anon$$obj.o ABSOLUTE
    __ARM_use_no_argv                        0x00000000   Number         0  main.o ABSOLUTE
    __ARM_exceptions_init                     - Undefined Weak Reference
    __alloca_initialize                       - Undefined Weak Reference
    __arm_preinit_                            - Undefined Weak Reference
    __cpp_initialize__aeabi_                  - Undefined Weak Reference
    __cxa_finalize                            - Undefined Weak Reference
    __rt_locale                               - Undefined Weak Reference
    __sigvec_lookup                           - Undefined Weak Reference
    _atexit_init                              - Undefined Weak Reference
    _call_atexit_fns                          - Undefined Weak Reference
    _clock_init                               - Undefined Weak Reference
    _fp_trap_init                             - Undefined Weak Reference
    _fp_trap_shutdown                         - Undefined Weak Reference
    _get_lc_collate                           - Undefined Weak Reference
    _get_lc_ctype                             - Undefined Weak Reference
    _get_lc_monetary                          - Undefined Weak Reference
    _get_lc_numeric                           - Undefined Weak Reference
    _get_lc_time                              - Undefined Weak Reference
    _getenv_init                              - Undefined Weak Reference
    _handle_redirection                       - Undefined Weak Reference
    _init_alloc                               - Undefined Weak Reference
    _init_user_alloc                          - Undefined Weak Reference
    _initio                                   - Undefined Weak Reference
    _rand_init                                - Undefined Weak Reference
    _signal_finish                            - Undefined Weak Reference
    _signal_init                              - Undefined Weak Reference
    _terminate_alloc                          - Undefined Weak Reference
    _terminate_user_alloc                     - Undefined Weak Reference
    _terminateio                              - Undefined Weak Reference
    __Vectors_Size                           0x000000ec   Number         0  startup_stm32f10x_md.o ABSOLUTE
    __Vectors                                0x08000000   Data           4  startup_stm32f10x_md.o(RESET)
    __Vectors_End                            0x080000ec   Data           0  startup_stm32f10x_md.o(RESET)
    __main                                   0x080000ed   Thumb Code     8  __main.o(!!!main)
    __scatterload                            0x080000f5   Thumb Code     0  __scatter.o(!!!scatter)
    __scatterload_rt2                        0x080000f5   Thumb Code    44  __scatter.o(!!!scatter)
    __scatterload_rt2_thumb_only             0x080000f5   Thumb Code     0  __scatter.o(!!!scatter)
    __scatterload_null                       0x08000103   Thumb Code     0  __scatter.o(!!!scatter)
    __scatterload_copy                       0x08000129   Thumb Code    26  __scatter_copy.o(!!handler_copy)
    __scatterload_zeroinit                   0x08000145   Thumb Code    28  __scatter_zi.o(!!handler_zi)
    __rt_lib_init                            0x08000161   Thumb Code     0  libinit.o(.ARM.Collect$$libinit$$00000000)
    __rt_lib_init_alloca_1                   0x08000163   Thumb Code     0  libinit2.o(.ARM.Collect$$libinit$$0000002E)
    __rt_lib_init_argv_1                     0x08000163   Thumb Code     0  libinit2.o(.ARM.Collect$$libinit$$0000002C)
    __rt_lib_init_atexit_1                   0x08000163   Thumb Code     0  libinit2.o(.ARM.Collect$$libinit$$0000001B)
    __rt_lib_init_clock_1                    0x08000163   Thumb Code     0  libinit2.o(.ARM.Collect$$libinit$$00000021)
    __rt_lib_init_cpp_1                      0x08000163   Thumb Code     0  libinit2.o(.ARM.Collect$$libinit$$00000032)
    __rt_lib_init_exceptions_1               0x08000163   Thumb Code     0  libinit2.o(.ARM.Collect$$libinit$$00000030)
    __rt_lib_init_fp_1                       0x08000163   Thumb Code     0  libinit2.o(.ARM.Collect$$libinit$$00000002)
    __rt_lib_init_fp_trap_1                  0x08000163   Thumb Code     0  libinit2.o(.ARM.Collect$$libinit$$0000001F)
    __rt_lib_init_getenv_1                   0x08000163   Thumb Code     0  libinit2.o(.ARM.Collect$$libinit$$00000023)
    __rt_lib_init_heap_1                     0x08000163   Thumb Code     0  libinit2.o(.ARM.Collect$$libinit$$0000000A)
    __rt_lib_init_lc_collate_1               0x08000163   Thumb Code     0  libinit2.o(.ARM.Collect$$libinit$$00000011)
    __rt_lib_init_lc_ctype_1                 0x08000163   Thumb Code     0  libinit2.o(.ARM.Collect$$libinit$$00000013)
    __rt_lib_init_lc_monetary_1              0x08000163   Thumb Code     0  libinit2.o(.ARM.Collect$$libinit$$00000015)
    __rt_lib_init_lc_numeric_1               0x08000163   Thumb Code     0  libinit2.o(.ARM.Collect$$libinit$$00000017)
    __rt_lib_init_lc_time_1                  0x08000163   Thumb Code     0  libinit2.o(.ARM.Collect$$libinit$$00000019)
    __rt_lib_init_preinit_1                  0x08000163   Thumb Code     0  libinit2.o(.ARM.Collect$$libinit$$00000004)
    __rt_lib_init_rand_1                     0x08000163   Thumb Code     0  libinit2.o(.ARM.Collect$$libinit$$0000000E)
    __rt_lib_init_return                     0x08000163   Thumb Code     0  libinit2.o(.ARM.Collect$$libinit$$00000033)
    __rt_lib_init_signal_1                   0x08000163   Thumb Code     0  libinit2.o(.ARM.Collect$$libinit$$0000001D)
    __rt_lib_init_stdio_1                    0x08000163   Thumb Code     0  libinit2.o(.ARM.Collect$$libinit$$00000025)
    __rt_lib_init_user_alloc_1               0x08000163   Thumb Code     0  libinit2.o(.ARM.Collect$$libinit$$0000000C)
    __rt_lib_shutdown                        0x08000165   Thumb Code     0  libshutdown.o(.ARM.Collect$$libshutdown$$00000000)
    __rt_lib_shutdown_cpp_1                  0x08000167   Thumb Code     0  libshutdown2.o(.ARM.Collect$$libshutdown$$00000002)
    __rt_lib_shutdown_fp_trap_1              0x08000167   Thumb Code     0  libshutdown2.o(.ARM.Collect$$libshutdown$$00000007)
    __rt_lib_shutdown_heap_1                 0x08000167   Thumb Code     0  libshutdown2.o(.ARM.Collect$$libshutdown$$0000000F)
    __rt_lib_shutdown_return                 0x08000167   Thumb Code     0  libshutdown2.o(.ARM.Collect$$libshutdown$$00000010)
    __rt_lib_shutdown_signal_1               0x08000167   Thumb Code     0  libshutdown2.o(.ARM.Collect$$libshutdown$$0000000A)
    __rt_lib_shutdown_stdio_1                0x08000167   Thumb Code     0  libshutdown2.o(.ARM.Collect$$libshutdown$$00000004)
    __rt_lib_shutdown_user_alloc_1           0x08000167   Thumb Code     0  libshutdown2.o(.ARM.Collect$$libshutdown$$0000000C)
    __rt_entry                               0x08000169   Thumb Code     0  __rtentry.o(.ARM.Collect$$rtentry$$00000000)
    __rt_entry_presh_1                       0x08000169   Thumb Code     0  __rtentry2.o(.ARM.Collect$$rtentry$$00000002)
    __rt_entry_sh                            0x08000169   Thumb Code     0  __rtentry4.o(.ARM.Collect$$rtentry$$00000004)
    __rt_entry_li                            0x0800016f   Thumb Code     0  __rtentry2.o(.ARM.Collect$$rtentry$$0000000A)
    __rt_entry_postsh_1                      0x0800016f   Thumb Code     0  __rtentry2.o(.ARM.Collect$$rtentry$$00000009)
    __rt_entry_main                          0x08000173   Thumb Code     0  __rtentry2.o(.ARM.Collect$$rtentry$$0000000D)
    __rt_entry_postli_1                      0x08000173   Thumb Code     0  __rtentry2.o(.ARM.Collect$$rtentry$$0000000C)
    __rt_exit                                0x0800017b   Thumb Code     0  rtexit.o(.ARM.Collect$$rtexit$$00000000)
    __rt_exit_ls                             0x0800017d   Thumb Code     0  rtexit2.o(.ARM.Collect$$rtexit$$00000003)
    __rt_exit_prels_1                        0x0800017d   Thumb Code     0  rtexit2.o(.ARM.Collect$$rtexit$$00000002)
    __rt_exit_exit                           0x08000181   Thumb Code     0  rtexit2.o(.ARM.Collect$$rtexit$$00000004)
    Reset_Handler                            0x08000189   Thumb Code     8  startup_stm32f10x_md.o(.text)
    NMI_Handler                              0x08000191   Thumb Code     2  startup_stm32f10x_md.o(.text)
    HardFault_Handler                        0x08000193   Thumb Code     2  startup_stm32f10x_md.o(.text)
    MemManage_Handler                        0x08000195   Thumb Code     2  startup_stm32f10x_md.o(.text)
    BusFault_Handler                         0x08000197   Thumb Code     2  startup_stm32f10x_md.o(.text)
    UsageFault_Handler                       0x08000199   Thumb Code     2  startup_stm32f10x_md.o(.text)
    SVC_Handler                              0x0800019b   Thumb Code     2  startup_stm32f10x_md.o(.text)
    DebugMon_Handler                         0x0800019d   Thumb Code     2  startup_stm32f10x_md.o(.text)
    PendSV_Handler                           0x0800019f   Thumb Code     2  startup_stm32f10x_md.o(.text)
    SysTick_Handler                          0x080001a1   Thumb Code     2  startup_stm32f10x_md.o(.text)
    ADC1_2_IRQHandler                        0x080001a3   Thumb Code     0  startup_stm32f10x_md.o(.text)
    CAN1_RX1_IRQHandler                      0x080001a3   Thumb Code     0  startup_stm32f10x_md.o(.text)
    CAN1_SCE_IRQHandler                      0x080001a3   Thumb Code     0  startup_stm32f10x_md.o(.text)
    DMA1_Channel1_IRQHandler                 0x080001a3   Thumb Code     0  startup_stm32f10x_md.o(.text)
    DMA1_Channel2_IRQHandler                 0x080001a3   Thumb Code     0  startup_stm32f10x_md.o(.text)
    DMA1_Channel3_IRQHandler                 0x080001a3   Thumb Code     0  startup_stm32f10x_md.o(.text)
    DMA1_Channel4_IRQHandler                 0x080001a3   Thumb Code     0  startup_stm32f10x_md.o(.text)
    DMA1_Channel5_IRQHandler                 0x080001a3   Thumb Code     0  startup_stm32f10x_md.o(.text)
    DMA1_Channel6_IRQHandler                 0x080001a3   Thumb Code     0  startup_stm32f10x_md.o(.text)
    DMA1_Channel7_IRQHandler                 0x080001a3   Thumb Code     0  startup_stm32f10x_md.o(.text)
    EXTI15_10_IRQHandler                     0x080001a3   Thumb Code     0  startup_stm32f10x_md.o(.text)
    FLASH_IRQHandler                         0x080001a3   Thumb Code     0  startup_stm32f10x_md.o(.text)
    I2C1_ER_IRQHandler                       0x080001a3   Thumb Code     0  startup_stm32f10x_md.o(.text)
    I2C1_EV_IRQHandler                       0x080001a3   Thumb Code     0  startup_stm32f10x_md.o(.text)
    I2C2_ER_IRQHandler                       0x080001a3   Thumb Code     0  startup_stm32f10x_md.o(.text)
    I2C2_EV_IRQHandler                       0x080001a3   Thumb Code     0  startup_stm32f10x_md.o(.text)
    PVD_IRQHandler                           0x080001a3   Thumb Code     0  startup_stm32f10x_md.o(.text)
    RCC_IRQHandler                           0x080001a3   Thumb Code     0  startup_stm32f10x_md.o(.text)
    RTCAlarm_IRQHandler                      0x080001a3   Thumb Code     0  startup_stm32f10x_md.o(.text)
    RTC_IRQHandler                           0x080001a3   Thumb Code     0  startup_stm32f10x_md.o(.text)
    SPI1_IRQHandler                          0x080001a3   Thumb Code     0  startup_stm32f10x_md.o(.text)
    SPI2_IRQHandler                          0x080001a3   Thumb Code     0  startup_stm32f10x_md.o(.text)
    TAMPER_IRQHandler                        0x080001a3   Thumb Code     0  startup_stm32f10x_md.o(.text)
    TIM1_BRK_IRQHandler                      0x080001a3   Thumb Code     0  startup_stm32f10x_md.o(.text)
    TIM1_CC_IRQHandler                       0x080001a3   Thumb Code     0  startup_stm32f10x_md.o(.text)
    TIM1_TRG_COM_IRQHandler                  0x080001a3   Thumb Code     0  startup_stm32f10x_md.o(.text)
    TIM1_UP_IRQHandler                       0x080001a3   Thumb Code     0  startup_stm32f10x_md.o(.text)
    USBWakeUp_IRQHandler                     0x080001a3   Thumb Code     0  startup_stm32f10x_md.o(.text)
    USB_HP_CAN1_TX_IRQHandler                0x080001a3   Thumb Code     0  startup_stm32f10x_md.o(.text)
    USB_LP_CAN1_RX0_IRQHandler               0x080001a3   Thumb Code     0  startup_stm32f10x_md.o(.text)
    WWDG_IRQHandler                          0x080001a3   Thumb Code     0  startup_stm32f10x_md.o(.text)
    __user_initial_stackheap                 0x080001a5   Thumb Code     0  startup_stm32f10x_md.o(.text)
    __use_no_semihosting                     0x080001c9   Thumb Code     2  use_no_semi_2.o(.text)
    __use_two_region_memory                  0x080001cb   Thumb Code     2  heapauxi.o(.text)
    __rt_heap_escrow$2region                 0x080001cd   Thumb Code     2  heapauxi.o(.text)
    __rt_heap_expand$2region                 0x080001cf   Thumb Code     2  heapauxi.o(.text)
    __I$use$semihosting                      0x080001d1   Thumb Code     0  use_no_semi.o(.text)
    __use_no_semihosting_swi                 0x080001d1   Thumb Code     2  use_no_semi.o(.text)
    __read_errno                             0x080001d3   Thumb Code    10  _rserrno.o(.text)
    __set_errno                              0x080001dd   Thumb Code    12  _rserrno.o(.text)
    __aeabi_errno_addr                       0x080001e9   Thumb Code     8  rt_errno_addr_intlibspace.o(.text)
    __errno$intlibspace                      0x080001e9   Thumb Code     0  rt_errno_addr_intlibspace.o(.text)
    __rt_errno_addr$intlibspace              0x080001e9   Thumb Code     0  rt_errno_addr_intlibspace.o(.text)
    __user_libspace                          0x080001f1   Thumb Code     8  libspace.o(.text)
    __user_perproc_libspace                  0x080001f1   Thumb Code     0  libspace.o(.text)
    __user_perthread_libspace                0x080001f1   Thumb Code     0  libspace.o(.text)
    __user_setup_stackheap                   0x080001f9   Thumb Code    74  sys_stackheap_outer.o(.text)
    exit                                     0x08000243   Thumb Code    18  exit.o(.text)
    EXTI0_IRQHandler                         0x08000255   Thumb Code    18  isr.o(i.EXTI0_IRQHandler)
    EXTI1_IRQHandler                         0x0800026d   Thumb Code    18  isr.o(i.EXTI1_IRQHandler)
    EXTI2_IRQHandler                         0x08000285   Thumb Code    52  isr.o(i.EXTI2_IRQHandler)
    EXTI3_IRQHandler                         0x080002c1   Thumb Code    18  isr.o(i.EXTI3_IRQHandler)
    EXTI4_IRQHandler                         0x080002d9   Thumb Code    52  isr.o(i.EXTI4_IRQHandler)
    EXTI9_5_IRQHandler                       0x08000315   Thumb Code    86  isr.o(i.EXTI9_5_IRQHandler)
    NVIC_Group_Config                        0x08000371   Thumb Code    30  ml_nvic.o(i.NVIC_Group_Config)
    NVIC_init                                0x08000399   Thumb Code    70  ml_nvic.o(i.NVIC_init)
    OLED_Clear                               0x080003e5   Thumb Code    42  ml_oled.o(i.OLED_Clear)
    OLED_I2C_Init                            0x0800040f   Thumb Code    44  ml_oled.o(i.OLED_I2C_Init)
    OLED_I2C_SendByte                        0x0800043b   Thumb Code    74  ml_oled.o(i.OLED_I2C_SendByte)
    OLED_I2C_Start                           0x08000485   Thumb Code    44  ml_oled.o(i.OLED_I2C_Start)
    OLED_I2C_Stop                            0x080004b1   Thumb Code    34  ml_oled.o(i.OLED_I2C_Stop)
    OLED_Init                                0x080004d3   Thumb Code   174  ml_oled.o(i.OLED_Init)
    OLED_Pow                                 0x08000581   Thumb Code    20  ml_oled.o(i.OLED_Pow)
    OLED_SetCursor                           0x08000595   Thumb Code    34  ml_oled.o(i.OLED_SetCursor)
    OLED_ShowChar                            0x080005b9   Thumb Code   110  ml_oled.o(i.OLED_ShowChar)
    OLED_ShowFloat                           0x0800062d   Thumb Code   142  ml_oled.o(i.OLED_ShowFloat)
    OLED_ShowNum                             0x080006c5   Thumb Code    68  ml_oled.o(i.OLED_ShowNum)
    OLED_ShowSignedNum                       0x08000709   Thumb Code   102  ml_oled.o(i.OLED_ShowSignedNum)
    OLED_ShowString                          0x0800076f   Thumb Code    40  ml_oled.o(i.OLED_ShowString)
    OLED_WriteCommand                        0x08000797   Thumb Code    32  ml_oled.o(i.OLED_WriteCommand)
    OLED_WriteData                           0x080007b7   Thumb Code    32  ml_oled.o(i.OLED_WriteData)
    SystemInit                               0x080008c1   Thumb Code    78  system_stm32f10x.o(i.SystemInit)
    TIM2_IRQHandler                          0x08000921   Thumb Code    30  isr.o(i.TIM2_IRQHandler)
    TIM3_IRQHandler                          0x08000941   Thumb Code    62  isr.o(i.TIM3_IRQHandler)
    TIM4_IRQHandler                          0x08000991   Thumb Code    24  isr.o(i.TIM4_IRQHandler)
    USART1_IRQHandler                        0x080009ad   Thumb Code   290  isr.o(i.USART1_IRQHandler)
    USART2_IRQHandler                        0x08000ae9   Thumb Code    24  isr.o(i.USART2_IRQHandler)
    USART3_IRQHandler                        0x08000b05   Thumb Code    24  isr.o(i.USART3_IRQHandler)
    __ARM_fpclassify                         0x08000b21   Thumb Code    40  fpclassify.o(i.__ARM_fpclassify)
    __kernel_poly                            0x08000b49   Thumb Code   170  poly.o(i.__kernel_poly)
    __mathlib_dbl_divzero                    0x08000bf5   Thumb Code    12  dunder.o(i.__mathlib_dbl_divzero)
    __mathlib_dbl_infnan2                    0x08000c05   Thumb Code     4  dunder.o(i.__mathlib_dbl_infnan2)
    __mathlib_dbl_invalid                    0x08000c09   Thumb Code    12  dunder.o(i.__mathlib_dbl_invalid)
    __mathlib_dbl_overflow                   0x08000c15   Thumb Code    14  dunder.o(i.__mathlib_dbl_overflow)
    __mathlib_dbl_underflow                  0x08000c25   Thumb Code    10  dunder.o(i.__mathlib_dbl_underflow)
    _sys_exit                                0x08000c35   Thumb Code     4  ml_uart.o(i._sys_exit)
    buzzer_init                              0x08000c39   Thumb Code    24  buzzer.o(i.buzzer_init)
    buzzer_off                               0x08000c51   Thumb Code    20  buzzer.o(i.buzzer_off)
    buzzer_on                                0x08000c69   Thumb Code    20  buzzer.o(i.buzzer_on)
    check_lap                                0x08000c81   Thumb Code   126  main.o(i.check_lap)
    digtal                                   0x08000d21   Thumb Code   190  gray_track.o(i.digtal)
    emergency_stop                           0x08000de1   Thumb Code    42  motor.o(i.emergency_stop)
    encoder_init                             0x08000e15   Thumb Code    44  motor.o(i.encoder_init)
    exti_init                                0x08000e41   Thumb Code   254  ml_exti.o(i.exti_init)
    exti_pin_init                            0x08000f4d   Thumb Code   328  ml_exti.o(i.exti_pin_init)
    get_track_error                          0x08001095   Thumb Code    50  gray_track.o(i.get_track_error)
    gpio_get                                 0x080010cd   Thumb Code    30  ml_gpio.o(i.gpio_get)
    gpio_init                                0x080010f1   Thumb Code   408  ml_gpio.o(i.gpio_init)
    gpio_set                                 0x08001295   Thumb Code    60  ml_gpio.o(i.gpio_set)
    gray_init                                0x080012d5   Thumb Code    84  gray_track.o(i.gray_init)
    led_init                                 0x0800139d   Thumb Code    24  buzzer.o(i.led_init)
    led_off                                  0x080013b5   Thumb Code    14  buzzer.o(i.led_off)
    led_on                                   0x080013c3   Thumb Code    14  buzzer.o(i.led_on)
    led_toggle                               0x080013d1   Thumb Code    32  buzzer.o(i.led_toggle)
    main                                     0x080013f1   Thumb Code   226  main.o(i.main)
    motorA_duty                              0x0800150d   Thumb Code    50  motor.o(i.motorA_duty)
    motorB_duty                              0x08001545   Thumb Code    50  motor.o(i.motorB_duty)
    motor_direct_set                         0x0800157d   Thumb Code    68  motor.o(i.motor_direct_set)
    motor_init                               0x080015c9   Thumb Code    80  motor.o(i.motor_init)
    motor_target_set                         0x08001619   Thumb Code    84  pid.o(i.motor_target_set)
    pid_cal                                  0x0800167d   Thumb Code   194  pid.o(i.pid_cal)
    pid_control                              0x08001741   Thumb Code   260  pid.o(i.pid_control)
    pid_init                                 0x08001875   Thumb Code    36  pid.o(i.pid_init)
    pidout_limit                             0x08001899   Thumb Code    34  pid.o(i.pidout_limit)
    pow                                      0x080018c1   Thumb Code  2512  pow.o(i.pow)
    pwm_init                                 0x08002299   Thumb Code   354  ml_pwm.o(i.pwm_init)
    pwm_pin_init                             0x08002409   Thumb Code   172  ml_pwm.o(i.pwm_pin_init)
    pwm_update                               0x080024b5   Thumb Code   266  ml_pwm.o(i.pwm_update)
    set_current_mode                         0x080025c9   Thumb Code   104  pid.o(i.set_current_mode)
    sqrt                                     0x08002659   Thumb Code    76  sqrt.o(i.sqrt)
    tim_interrupt_ms_init                    0x080026a5   Thumb Code   104  ml_tim.o(i.tim_interrupt_ms_init)
    track_pid                                0x08002715   Thumb Code   210  gray_track.o(i.track_pid)
    uart_baud_config                         0x080027f5   Thumb Code   142  ml_uart.o(i.uart_baud_config)
    uart_init                                0x08002895   Thumb Code    92  ml_uart.o(i.uart_init)
    uart_pin_init                            0x080028f9   Thumb Code    86  ml_uart.o(i.uart_pin_init)
    update_display                           0x08002951   Thumb Code   360  main.o(i.update_display)
    __aeabi_d2f                              0x08002b29   Thumb Code     0  d2f.o(x$fpl$d2f)
    _d2f                                     0x08002b29   Thumb Code    98  d2f.o(x$fpl$d2f)
    __aeabi_dadd                             0x08002b8d   Thumb Code     0  daddsub_clz.o(x$fpl$dadd)
    _dadd                                    0x08002b8d   Thumb Code   332  daddsub_clz.o(x$fpl$dadd)
    __fpl_dcheck_NaN1                        0x08002cdd   Thumb Code    10  dcheck1.o(x$fpl$dcheck1)
    __fpl_dcmp_Inf                           0x08002ced   Thumb Code    24  dcmpi.o(x$fpl$dcmpinf)
    __aeabi_ddiv                             0x08002d05   Thumb Code     0  ddiv.o(x$fpl$ddiv)
    _ddiv                                    0x08002d05   Thumb Code   552  ddiv.o(x$fpl$ddiv)
    __aeabi_d2iz                             0x08002fb5   Thumb Code     0  dfix.o(x$fpl$dfix)
    _dfix                                    0x08002fb5   Thumb Code    94  dfix.o(x$fpl$dfix)
    __aeabi_i2d                              0x08003013   Thumb Code     0  dflt_clz.o(x$fpl$dflt)
    _dflt                                    0x08003013   Thumb Code    46  dflt_clz.o(x$fpl$dflt)
    __aeabi_ui2d                             0x08003041   Thumb Code     0  dflt_clz.o(x$fpl$dfltu)
    _dfltu                                   0x08003041   Thumb Code    38  dflt_clz.o(x$fpl$dfltu)
    __aeabi_cdcmple                          0x08003069   Thumb Code     0  dleqf.o(x$fpl$dleqf)
    _dcmple                                  0x08003069   Thumb Code   120  dleqf.o(x$fpl$dleqf)
    __fpl_dcmple_InfNaN                      0x080030cb   Thumb Code     0  dleqf.o(x$fpl$dleqf)
    __aeabi_dmul                             0x080030e1   Thumb Code     0  dmul.o(x$fpl$dmul)
    _dmul                                    0x080030e1   Thumb Code   332  dmul.o(x$fpl$dmul)
    __fpl_dnaninf                            0x08003235   Thumb Code   156  dnaninf.o(x$fpl$dnaninf)
    __fpl_dretinf                            0x080032d1   Thumb Code    12  dretinf.o(x$fpl$dretinf)
    __aeabi_cdrcmple                         0x080032dd   Thumb Code     0  drleqf.o(x$fpl$drleqf)
    _drcmple                                 0x080032dd   Thumb Code   108  drleqf.o(x$fpl$drleqf)
    __aeabi_drsub                            0x08003349   Thumb Code     0  daddsub_clz.o(x$fpl$drsb)
    _drsb                                    0x08003349   Thumb Code    22  daddsub_clz.o(x$fpl$drsb)
    _dsqrt                                   0x08003361   Thumb Code   456  dsqrt_noumaal.o(x$fpl$dsqrt)
    __aeabi_dsub                             0x0800352d   Thumb Code     0  daddsub_clz.o(x$fpl$dsub)
    _dsub                                    0x0800352d   Thumb Code   464  daddsub_clz.o(x$fpl$dsub)
    __aeabi_f2d                              0x08003701   Thumb Code     0  f2d.o(x$fpl$f2d)
    _f2d                                     0x08003701   Thumb Code    86  f2d.o(x$fpl$f2d)
    __aeabi_fadd                             0x08003759   Thumb Code     0  faddsub_clz.o(x$fpl$fadd)
    _fadd                                    0x08003759   Thumb Code   196  faddsub_clz.o(x$fpl$fadd)
    __fpl_fcmp_Inf                           0x0800381d   Thumb Code    24  fcmpi.o(x$fpl$fcmpinf)
    __aeabi_fdiv                             0x08003835   Thumb Code     0  fdiv.o(x$fpl$fdiv)
    _fdiv                                    0x08003835   Thumb Code   384  fdiv.o(x$fpl$fdiv)
    __aeabi_f2iz                             0x080039b9   Thumb Code     0  ffix.o(x$fpl$ffix)
    _ffix                                    0x080039b9   Thumb Code    54  ffix.o(x$fpl$ffix)
    __aeabi_f2uiz                            0x080039f1   Thumb Code     0  ffixu.o(x$fpl$ffixu)
    _ffixu                                   0x080039f1   Thumb Code    62  ffixu.o(x$fpl$ffixu)
    __aeabi_i2f                              0x08003a31   Thumb Code     0  fflt_clz.o(x$fpl$fflt)
    _fflt                                    0x08003a31   Thumb Code    48  fflt_clz.o(x$fpl$fflt)
    __aeabi_ui2f                             0x08003a61   Thumb Code     0  fflt_clz.o(x$fpl$ffltu)
    _ffltu                                   0x08003a61   Thumb Code    38  fflt_clz.o(x$fpl$ffltu)
    __aeabi_cfcmple                          0x08003a89   Thumb Code     0  fleqf.o(x$fpl$fleqf)
    _fcmple                                  0x08003a89   Thumb Code   104  fleqf.o(x$fpl$fleqf)
    __fpl_fcmple_InfNaN                      0x08003adb   Thumb Code     0  fleqf.o(x$fpl$fleqf)
    __aeabi_fmul                             0x08003af1   Thumb Code     0  fmul.o(x$fpl$fmul)
    _fmul                                    0x08003af1   Thumb Code   258  fmul.o(x$fpl$fmul)
    __fpl_fnaninf                            0x08003bf3   Thumb Code   140  fnaninf.o(x$fpl$fnaninf)
    __fpl_fretinf                            0x08003c7f   Thumb Code    10  fretinf.o(x$fpl$fretinf)
    __aeabi_cfrcmple                         0x08003c89   Thumb Code     0  frleqf.o(x$fpl$frleqf)
    _frcmple                                 0x08003c89   Thumb Code    98  frleqf.o(x$fpl$frleqf)
    __aeabi_frsub                            0x08003ceb   Thumb Code     0  faddsub_clz.o(x$fpl$frsb)
    _frsb                                    0x08003ceb   Thumb Code    20  faddsub_clz.o(x$fpl$frsb)
    __aeabi_fsub                             0x08003d01   Thumb Code     0  faddsub_clz.o(x$fpl$fsub)
    _fsub                                    0x08003d01   Thumb Code   234  faddsub_clz.o(x$fpl$fsub)
    __fpl_return_NaN                         0x08003deb   Thumb Code   100  retnan.o(x$fpl$retnan)
    __ARM_scalbn                             0x08003e4f   Thumb Code    92  scalbn.o(x$fpl$scalbn)
    __fpl_cmpreturn                          0x08003eab   Thumb Code    48  trapv.o(x$fpl$trapveneer)
    __I$use$fp                               0x08003eda   Number         0  usenofp.o(x$fpl$usenofp)
    OLED_F8x16                               0x08003efc   Data        1520  ml_oled.o(.constdata)
    __mathlib_zero                           0x08004578   Data           8  qnan.o(.constdata)
    Region$$Table$$Base                      0x080045cc   Number         0  anon$$obj.o(Region$$Table)
    Region$$Table$$Limit                     0x080045ec   Number         0  anon$$obj.o(Region$$Table)
    motorA_dir                               0x20000060   Data           1  motor.o(.data)
    motorB_dir                               0x20000061   Data           1  motor.o(.data)
    Encoder_count1                           0x20000064   Data           4  motor.o(.data)
    Encoder_count2                           0x20000068   Data           4  motor.o(.data)
    speed_now                                0x2000006c   Data           4  motor.o(.data)
    total_distance                           0x20000070   Data           4  motor.o(.data)
    line_kp                                  0x20000074   Data           4  pid.o(.data)
    line_kd                                  0x20000078   Data           4  pid.o(.data)
    current_mode                             0x2000007c   Data           1  pid.o(.data)
    use_pid_speed                            0x2000007d   Data           1  pid.o(.data)
    system_tick                              0x20000080   Data           4  pid.o(.data)
    lap_count                                0x20000084   Data           1  pid.o(.data)
    lap_distance                             0x20000088   Data           4  pid.o(.data)
    run_start_tick                           0x2000008c   Data           4  pid.o(.data)
    poker_suit                               0x20000090   Data           1  pid.o(.data)
    poker_rank                               0x20000091   Data           1  pid.o(.data)
    poker_new_flag                           0x20000092   Data           1  pid.o(.data)
    last_track_error                         0x20000094   Data           4  gray_track.o(.data)
    lost_line_count                          0x20000098   Data           4  gray_track.o(.data)
    poker_crossing                           0x2000009c   Data           1  gray_track.o(.data)
    buzzer_active                            0x200000a0   Data           1  buzzer.o(.data)
    buzzer_end_tick                          0x200000a4   Data           4  buzzer.o(.data)
    gpio_index                               0x200000a8   Data          12  ml_gpio.o(.data)
    tim_index                                0x200000b4   Data          12  ml_tim.o(.data)
    uart_index                               0x200000c0   Data          12  ml_uart.o(.data)
    __stdout                                 0x200000cc   Data           4  ml_uart.o(.data)
    motorA                                   0x200000d0   Data          52  pid.o(.bss)
    motorB                                   0x20000104   Data          52  pid.o(.bss)
    __libspace_start                         0x20000138   Data          96  libspace.o(.bss)
    __temporary_stack_top$libspace           0x20000198   Data           0  libspace.o(.bss)



==============================================================================

Memory Map of the image

  Image Entry point : 0x080000ed

  Load Region LR_IROM1 (Base: 0x08000000, Size: 0x000046bc, Max: 0x00010000, ABSOLUTE)

    Execution Region ER_IROM1 (Exec base: 0x08000000, Load base: 0x08000000, Size: 0x000045ec, Max: 0x00010000, ABSOLUTE)

    Exec Addr    Load Addr    Size         Type   Attr      Idx    E Section Name        Object

    0x08000000   0x08000000   0x000000ec   Data   RO          490    RESET               startup_stm32f10x_md.o
    0x080000ec   0x080000ec   0x00000008   Code   RO         1007  * !!!main             c_w.l(__main.o)
    0x080000f4   0x080000f4   0x00000034   Code   RO         1289    !!!scatter          c_w.l(__scatter.o)
    0x08000128   0x08000128   0x0000001a   Code   RO         1291    !!handler_copy      c_w.l(__scatter_copy.o)
    0x08000142   0x08000142   0x00000002   PAD
    0x08000144   0x08000144   0x0000001c   Code   RO         1293    !!handler_zi        c_w.l(__scatter_zi.o)
    0x08000160   0x08000160   0x00000002   Code   RO         1160    .ARM.Collect$$libinit$$00000000  c_w.l(libinit.o)
    0x08000162   0x08000162   0x00000000   Code   RO         1168    .ARM.Collect$$libinit$$00000002  c_w.l(libinit2.o)
    0x08000162   0x08000162   0x00000000   Code   RO         1170    .ARM.Collect$$libinit$$00000004  c_w.l(libinit2.o)
    0x08000162   0x08000162   0x00000000   Code   RO         1173    .ARM.Collect$$libinit$$0000000A  c_w.l(libinit2.o)
    0x08000162   0x08000162   0x00000000   Code   RO         1175    .ARM.Collect$$libinit$$0000000C  c_w.l(libinit2.o)
    0x08000162   0x08000162   0x00000000   Code   RO         1177    .ARM.Collect$$libinit$$0000000E  c_w.l(libinit2.o)
    0x08000162   0x08000162   0x00000000   Code   RO         1180    .ARM.Collect$$libinit$$00000011  c_w.l(libinit2.o)
    0x08000162   0x08000162   0x00000000   Code   RO         1182    .ARM.Collect$$libinit$$00000013  c_w.l(libinit2.o)
    0x08000162   0x08000162   0x00000000   Code   RO         1184    .ARM.Collect$$libinit$$00000015  c_w.l(libinit2.o)
    0x08000162   0x08000162   0x00000000   Code   RO         1186    .ARM.Collect$$libinit$$00000017  c_w.l(libinit2.o)
    0x08000162   0x08000162   0x00000000   Code   RO         1188    .ARM.Collect$$libinit$$00000019  c_w.l(libinit2.o)
    0x08000162   0x08000162   0x00000000   Code   RO         1190    .ARM.Collect$$libinit$$0000001B  c_w.l(libinit2.o)
    0x08000162   0x08000162   0x00000000   Code   RO         1192    .ARM.Collect$$libinit$$0000001D  c_w.l(libinit2.o)
    0x08000162   0x08000162   0x00000000   Code   RO         1194    .ARM.Collect$$libinit$$0000001F  c_w.l(libinit2.o)
    0x08000162   0x08000162   0x00000000   Code   RO         1196    .ARM.Collect$$libinit$$00000021  c_w.l(libinit2.o)
    0x08000162   0x08000162   0x00000000   Code   RO         1198    .ARM.Collect$$libinit$$00000023  c_w.l(libinit2.o)
    0x08000162   0x08000162   0x00000000   Code   RO         1200    .ARM.Collect$$libinit$$00000025  c_w.l(libinit2.o)
    0x08000162   0x08000162   0x00000000   Code   RO         1204    .ARM.Collect$$libinit$$0000002C  c_w.l(libinit2.o)
    0x08000162   0x08000162   0x00000000   Code   RO         1206    .ARM.Collect$$libinit$$0000002E  c_w.l(libinit2.o)
    0x08000162   0x08000162   0x00000000   Code   RO         1208    .ARM.Collect$$libinit$$00000030  c_w.l(libinit2.o)
    0x08000162   0x08000162   0x00000000   Code   RO         1210    .ARM.Collect$$libinit$$00000032  c_w.l(libinit2.o)
    0x08000162   0x08000162   0x00000002   Code   RO         1211    .ARM.Collect$$libinit$$00000033  c_w.l(libinit2.o)
    0x08000164   0x08000164   0x00000002   Code   RO         1231    .ARM.Collect$$libshutdown$$00000000  c_w.l(libshutdown.o)
    0x08000166   0x08000166   0x00000000   Code   RO         1241    .ARM.Collect$$libshutdown$$00000002  c_w.l(libshutdown2.o)
    0x08000166   0x08000166   0x00000000   Code   RO         1243    .ARM.Collect$$libshutdown$$00000004  c_w.l(libshutdown2.o)
    0x08000166   0x08000166   0x00000000   Code   RO         1246    .ARM.Collect$$libshutdown$$00000007  c_w.l(libshutdown2.o)
    0x08000166   0x08000166   0x00000000   Code   RO         1249    .ARM.Collect$$libshutdown$$0000000A  c_w.l(libshutdown2.o)
    0x08000166   0x08000166   0x00000000   Code   RO         1251    .ARM.Collect$$libshutdown$$0000000C  c_w.l(libshutdown2.o)
    0x08000166   0x08000166   0x00000000   Code   RO         1254    .ARM.Collect$$libshutdown$$0000000F  c_w.l(libshutdown2.o)
    0x08000166   0x08000166   0x00000002   Code   RO         1255    .ARM.Collect$$libshutdown$$00000010  c_w.l(libshutdown2.o)
    0x08000168   0x08000168   0x00000000   Code   RO         1077    .ARM.Collect$$rtentry$$00000000  c_w.l(__rtentry.o)
    0x08000168   0x08000168   0x00000000   Code   RO         1123    .ARM.Collect$$rtentry$$00000002  c_w.l(__rtentry2.o)
    0x08000168   0x08000168   0x00000006   Code   RO         1135    .ARM.Collect$$rtentry$$00000004  c_w.l(__rtentry4.o)
    0x0800016e   0x0800016e   0x00000000   Code   RO         1125    .ARM.Collect$$rtentry$$00000009  c_w.l(__rtentry2.o)
    0x0800016e   0x0800016e   0x00000004   Code   RO         1126    .ARM.Collect$$rtentry$$0000000A  c_w.l(__rtentry2.o)
    0x08000172   0x08000172   0x00000000   Code   RO         1128    .ARM.Collect$$rtentry$$0000000C  c_w.l(__rtentry2.o)
    0x08000172   0x08000172   0x00000008   Code   RO         1129    .ARM.Collect$$rtentry$$0000000D  c_w.l(__rtentry2.o)
    0x0800017a   0x0800017a   0x00000002   Code   RO         1165    .ARM.Collect$$rtexit$$00000000  c_w.l(rtexit.o)
    0x0800017c   0x0800017c   0x00000000   Code   RO         1215    .ARM.Collect$$rtexit$$00000002  c_w.l(rtexit2.o)
    0x0800017c   0x0800017c   0x00000004   Code   RO         1216    .ARM.Collect$$rtexit$$00000003  c_w.l(rtexit2.o)
    0x08000180   0x08000180   0x00000006   Code   RO         1217    .ARM.Collect$$rtexit$$00000004  c_w.l(rtexit2.o)
    0x08000186   0x08000186   0x00000002   PAD
    0x08000188   0x08000188   0x00000040   Code   RO          491    .text               startup_stm32f10x_md.o
    0x080001c8   0x080001c8   0x00000002   Code   RO         1003    .text               c_w.l(use_no_semi_2.o)
    0x080001ca   0x080001ca   0x00000006   Code   RO         1005    .text               c_w.l(heapauxi.o)
    0x080001d0   0x080001d0   0x00000002   Code   RO         1075    .text               c_w.l(use_no_semi.o)
    0x080001d2   0x080001d2   0x00000016   Code   RO         1078    .text               c_w.l(_rserrno.o)
    0x080001e8   0x080001e8   0x00000008   Code   RO         1140    .text               c_w.l(rt_errno_addr_intlibspace.o)
    0x080001f0   0x080001f0   0x00000008   Code   RO         1148    .text               c_w.l(libspace.o)
    0x080001f8   0x080001f8   0x0000004a   Code   RO         1151    .text               c_w.l(sys_stackheap_outer.o)
    0x08000242   0x08000242   0x00000012   Code   RO         1153    .text               c_w.l(exit.o)
    0x08000254   0x08000254   0x00000018   Code   RO          126    i.EXTI0_IRQHandler  isr.o
    0x0800026c   0x0800026c   0x00000018   Code   RO          127    i.EXTI1_IRQHandler  isr.o
    0x08000284   0x08000284   0x0000003c   Code   RO          128    i.EXTI2_IRQHandler  isr.o
    0x080002c0   0x080002c0   0x00000018   Code   RO          129    i.EXTI3_IRQHandler  isr.o
    0x080002d8   0x080002d8   0x0000003c   Code   RO          130    i.EXTI4_IRQHandler  isr.o
    0x08000314   0x08000314   0x0000005c   Code   RO          131    i.EXTI9_5_IRQHandler  isr.o
    0x08000370   0x08000370   0x00000028   Code   RO          589    i.NVIC_Group_Config  ml_nvic.o
    0x08000398   0x08000398   0x0000004c   Code   RO          590    i.NVIC_init         ml_nvic.o
    0x080003e4   0x080003e4   0x0000002a   Code   RO          845    i.OLED_Clear        ml_oled.o
    0x0800040e   0x0800040e   0x0000002c   Code   RO          847    i.OLED_I2C_Init     ml_oled.o
    0x0800043a   0x0800043a   0x0000004a   Code   RO          848    i.OLED_I2C_SendByte  ml_oled.o
    0x08000484   0x08000484   0x0000002c   Code   RO          849    i.OLED_I2C_Start    ml_oled.o
    0x080004b0   0x080004b0   0x00000022   Code   RO          850    i.OLED_I2C_Stop     ml_oled.o
    0x080004d2   0x080004d2   0x000000ae   Code   RO          851    i.OLED_Init         ml_oled.o
    0x08000580   0x08000580   0x00000014   Code   RO          852    i.OLED_Pow          ml_oled.o
    0x08000594   0x08000594   0x00000022   Code   RO          853    i.OLED_SetCursor    ml_oled.o
    0x080005b6   0x080005b6   0x00000002   PAD
    0x080005b8   0x080005b8   0x00000074   Code   RO          855    i.OLED_ShowChar     ml_oled.o
    0x0800062c   0x0800062c   0x00000098   Code   RO          856    i.OLED_ShowFloat    ml_oled.o
    0x080006c4   0x080006c4   0x00000044   Code   RO          858    i.OLED_ShowNum      ml_oled.o
    0x08000708   0x08000708   0x00000066   Code   RO          859    i.OLED_ShowSignedNum  ml_oled.o
    0x0800076e   0x0800076e   0x00000028   Code   RO          860    i.OLED_ShowString   ml_oled.o
    0x08000796   0x08000796   0x00000020   Code   RO          861    i.OLED_WriteCommand  ml_oled.o
    0x080007b6   0x080007b6   0x00000020   Code   RO          862    i.OLED_WriteData    ml_oled.o
    0x080007d6   0x080007d6   0x00000008   Code   RO          454    i.SetSysClock       system_stm32f10x.o
    0x080007de   0x080007de   0x00000002   PAD
    0x080007e0   0x080007e0   0x000000e0   Code   RO          455    i.SetSysClockTo72   system_stm32f10x.o
    0x080008c0   0x080008c0   0x00000060   Code   RO          457    i.SystemInit        system_stm32f10x.o
    0x08000920   0x08000920   0x0000001e   Code   RO          132    i.TIM2_IRQHandler   isr.o
    0x0800093e   0x0800093e   0x00000002   PAD
    0x08000940   0x08000940   0x00000050   Code   RO          133    i.TIM3_IRQHandler   isr.o
    0x08000990   0x08000990   0x0000001c   Code   RO          134    i.TIM4_IRQHandler   isr.o
    0x080009ac   0x080009ac   0x0000013c   Code   RO          135    i.USART1_IRQHandler  isr.o
    0x08000ae8   0x08000ae8   0x0000001c   Code   RO          136    i.USART2_IRQHandler  isr.o
    0x08000b04   0x08000b04   0x0000001c   Code   RO          137    i.USART3_IRQHandler  isr.o
    0x08000b20   0x08000b20   0x00000028   Code   RO         1109    i.__ARM_fpclassify  m_ws.l(fpclassify.o)
    0x08000b48   0x08000b48   0x000000aa   Code   RO         1111    i.__kernel_poly     m_ws.l(poly.o)
    0x08000bf2   0x08000bf2   0x00000002   PAD
    0x08000bf4   0x08000bf4   0x00000010   Code   RO         1095    i.__mathlib_dbl_divzero  m_ws.l(dunder.o)
    0x08000c04   0x08000c04   0x00000004   Code   RO         1097    i.__mathlib_dbl_infnan2  m_ws.l(dunder.o)
    0x08000c08   0x08000c08   0x0000000c   Code   RO         1098    i.__mathlib_dbl_invalid  m_ws.l(dunder.o)
    0x08000c14   0x08000c14   0x0000000e   Code   RO         1099    i.__mathlib_dbl_overflow  m_ws.l(dunder.o)
    0x08000c22   0x08000c22   0x00000002   PAD
    0x08000c24   0x08000c24   0x00000010   Code   RO         1101    i.__mathlib_dbl_underflow  m_ws.l(dunder.o)
    0x08000c34   0x08000c34   0x00000004   Code   RO          649    i._sys_exit         ml_uart.o
    0x08000c38   0x08000c38   0x00000018   Code   RO          400    i.buzzer_init       buzzer.o
    0x08000c50   0x08000c50   0x00000018   Code   RO          401    i.buzzer_off        buzzer.o
    0x08000c68   0x08000c68   0x00000018   Code   RO          402    i.buzzer_on         buzzer.o
    0x08000c80   0x08000c80   0x000000a0   Code   RO            1    i.check_lap         main.o
    0x08000d20   0x08000d20   0x000000be   Code   RO          327    i.digtal            gray_track.o
    0x08000dde   0x08000dde   0x00000002   PAD
    0x08000de0   0x08000de0   0x00000034   Code   RO          206    i.emergency_stop    motor.o
    0x08000e14   0x08000e14   0x0000002c   Code   RO          207    i.encoder_init      motor.o
    0x08000e40   0x08000e40   0x0000010c   Code   RO          737    i.exti_init         ml_exti.o
    0x08000f4c   0x08000f4c   0x00000148   Code   RO          738    i.exti_pin_init     ml_exti.o
    0x08001094   0x08001094   0x00000038   Code   RO          329    i.get_track_error   gray_track.o
    0x080010cc   0x080010cc   0x00000024   Code   RO          496    i.gpio_get          ml_gpio.o
    0x080010f0   0x080010f0   0x000001a4   Code   RO          497    i.gpio_init         ml_gpio.o
    0x08001294   0x08001294   0x00000040   Code   RO          498    i.gpio_set          ml_gpio.o
    0x080012d4   0x080012d4   0x00000054   Code   RO          330    i.gray_init         gray_track.o
    0x08001328   0x08001328   0x00000074   Code   RO            2    i.led_blink_update  main.o
    0x0800139c   0x0800139c   0x00000018   Code   RO          403    i.led_init          buzzer.o
    0x080013b4   0x080013b4   0x0000000e   Code   RO          404    i.led_off           buzzer.o
    0x080013c2   0x080013c2   0x0000000e   Code   RO          405    i.led_on            buzzer.o
    0x080013d0   0x080013d0   0x00000020   Code   RO          406    i.led_toggle        buzzer.o
    0x080013f0   0x080013f0   0x0000011c   Code   RO            3    i.main              main.o
    0x0800150c   0x0800150c   0x00000038   Code   RO          209    i.motorA_duty       motor.o
    0x08001544   0x08001544   0x00000038   Code   RO          210    i.motorB_duty       motor.o
    0x0800157c   0x0800157c   0x0000004c   Code   RO          212    i.motor_direct_set  motor.o
    0x080015c8   0x080015c8   0x00000050   Code   RO          213    i.motor_init        motor.o
    0x08001618   0x08001618   0x00000064   Code   RO          273    i.motor_target_set  pid.o
    0x0800167c   0x0800167c   0x000000c2   Code   RO          274    i.pid_cal           pid.o
    0x0800173e   0x0800173e   0x00000002   PAD
    0x08001740   0x08001740   0x00000134   Code   RO          275    i.pid_control       pid.o
    0x08001874   0x08001874   0x00000024   Code   RO          276    i.pid_init          pid.o
    0x08001898   0x08001898   0x00000028   Code   RO          277    i.pidout_limit      pid.o
    0x080018c0   0x080018c0   0x000009d8   Code   RO         1066    i.pow               m_ws.l(pow.o)
    0x08002298   0x08002298   0x00000170   Code   RO          607    i.pwm_init          ml_pwm.o
    0x08002408   0x08002408   0x000000ac   Code   RO          608    i.pwm_pin_init      ml_pwm.o
    0x080024b4   0x080024b4   0x00000114   Code   RO          609    i.pwm_update        ml_pwm.o
    0x080025c8   0x080025c8   0x00000090   Code   RO          278    i.set_current_mode  pid.o
    0x08002658   0x08002658   0x0000004c   Code   RO         1115    i.sqrt              m_ws.l(sqrt.o)
    0x080026a4   0x080026a4   0x00000070   Code   RO          631    i.tim_interrupt_ms_init  ml_tim.o
    0x08002714   0x08002714   0x000000e0   Code   RO          332    i.track_pid         gray_track.o
    0x080027f4   0x080027f4   0x000000a0   Code   RO          651    i.uart_baud_config  ml_uart.o
    0x08002894   0x08002894   0x00000064   Code   RO          653    i.uart_init         ml_uart.o
    0x080028f8   0x080028f8   0x00000056   Code   RO          654    i.uart_pin_init     ml_uart.o
    0x0800294e   0x0800294e   0x00000002   PAD
    0x08002950   0x08002950   0x000001d8   Code   RO            4    i.update_display    main.o
    0x08002b28   0x08002b28   0x00000062   Code   RO         1009    x$fpl$d2f           fz_ws.l(d2f.o)
    0x08002b8a   0x08002b8a   0x00000002   PAD
    0x08002b8c   0x08002b8c   0x00000150   Code   RO         1011    x$fpl$dadd          fz_ws.l(daddsub_clz.o)
    0x08002cdc   0x08002cdc   0x00000010   Code   RO         1142    x$fpl$dcheck1       fz_ws.l(dcheck1.o)
    0x08002cec   0x08002cec   0x00000018   Code   RO         1161    x$fpl$dcmpinf       fz_ws.l(dcmpi.o)
    0x08002d04   0x08002d04   0x000002b0   Code   RO         1018    x$fpl$ddiv          fz_ws.l(ddiv.o)
    0x08002fb4   0x08002fb4   0x0000005e   Code   RO         1021    x$fpl$dfix          fz_ws.l(dfix.o)
    0x08003012   0x08003012   0x0000002e   Code   RO         1026    x$fpl$dflt          fz_ws.l(dflt_clz.o)
    0x08003040   0x08003040   0x00000026   Code   RO         1025    x$fpl$dfltu         fz_ws.l(dflt_clz.o)
    0x08003066   0x08003066   0x00000002   PAD
    0x08003068   0x08003068   0x00000078   Code   RO         1144    x$fpl$dleqf         fz_ws.l(dleqf.o)
    0x080030e0   0x080030e0   0x00000154   Code   RO         1031    x$fpl$dmul          fz_ws.l(dmul.o)
    0x08003234   0x08003234   0x0000009c   Code   RO         1080    x$fpl$dnaninf       fz_ws.l(dnaninf.o)
    0x080032d0   0x080032d0   0x0000000c   Code   RO         1082    x$fpl$dretinf       fz_ws.l(dretinf.o)
    0x080032dc   0x080032dc   0x0000006c   Code   RO         1084    x$fpl$drleqf        fz_ws.l(drleqf.o)
    0x08003348   0x08003348   0x00000016   Code   RO         1012    x$fpl$drsb          fz_ws.l(daddsub_clz.o)
    0x0800335e   0x0800335e   0x00000002   PAD
    0x08003360   0x08003360   0x000001cc   Code   RO         1146    x$fpl$dsqrt         fz_ws.l(dsqrt_noumaal.o)
    0x0800352c   0x0800352c   0x000001d4   Code   RO         1013    x$fpl$dsub          fz_ws.l(daddsub_clz.o)
    0x08003700   0x08003700   0x00000056   Code   RO         1033    x$fpl$f2d           fz_ws.l(f2d.o)
    0x08003756   0x08003756   0x00000002   PAD
    0x08003758   0x08003758   0x000000c4   Code   RO         1035    x$fpl$fadd          fz_ws.l(faddsub_clz.o)
    0x0800381c   0x0800381c   0x00000018   Code   RO         1086    x$fpl$fcmpinf       fz_ws.l(fcmpi.o)
    0x08003834   0x08003834   0x00000184   Code   RO         1042    x$fpl$fdiv          fz_ws.l(fdiv.o)
    0x080039b8   0x080039b8   0x00000036   Code   RO         1045    x$fpl$ffix          fz_ws.l(ffix.o)
    0x080039ee   0x080039ee   0x00000002   PAD
    0x080039f0   0x080039f0   0x0000003e   Code   RO         1049    x$fpl$ffixu         fz_ws.l(ffixu.o)
    0x08003a2e   0x08003a2e   0x00000002   PAD
    0x08003a30   0x08003a30   0x00000030   Code   RO         1054    x$fpl$fflt          fz_ws.l(fflt_clz.o)
    0x08003a60   0x08003a60   0x00000026   Code   RO         1053    x$fpl$ffltu         fz_ws.l(fflt_clz.o)
    0x08003a86   0x08003a86   0x00000002   PAD
    0x08003a88   0x08003a88   0x00000068   Code   RO         1059    x$fpl$fleqf         fz_ws.l(fleqf.o)
    0x08003af0   0x08003af0   0x00000102   Code   RO         1061    x$fpl$fmul          fz_ws.l(fmul.o)
    0x08003bf2   0x08003bf2   0x0000008c   Code   RO         1088    x$fpl$fnaninf       fz_ws.l(fnaninf.o)
    0x08003c7e   0x08003c7e   0x0000000a   Code   RO         1090    x$fpl$fretinf       fz_ws.l(fretinf.o)
    0x08003c88   0x08003c88   0x00000062   Code   RO         1063    x$fpl$frleqf        fz_ws.l(frleqf.o)
    0x08003cea   0x08003cea   0x00000014   Code   RO         1036    x$fpl$frsb          fz_ws.l(faddsub_clz.o)
    0x08003cfe   0x08003cfe   0x00000002   PAD
    0x08003d00   0x08003d00   0x000000ea   Code   RO         1037    x$fpl$fsub          fz_ws.l(faddsub_clz.o)
    0x08003dea   0x08003dea   0x00000064   Code   RO         1163    x$fpl$retnan        fz_ws.l(retnan.o)
    0x08003e4e   0x08003e4e   0x0000005c   Code   RO         1092    x$fpl$scalbn        fz_ws.l(scalbn.o)
    0x08003eaa   0x08003eaa   0x00000030   Code   RO         1212    x$fpl$trapveneer    fz_ws.l(trapv.o)
    0x08003eda   0x08003eda   0x00000000   Code   RO         1094    x$fpl$usenofp       fz_ws.l(usenofp.o)
    0x08003eda   0x08003eda   0x00000002   PAD
    0x08003edc   0x08003edc   0x00000020   Data   RO          333    .constdata          gray_track.o
    0x08003efc   0x08003efc   0x000005f0   Data   RO          863    .constdata          ml_oled.o
    0x080044ec   0x080044ec   0x00000004   PAD
    0x080044f0   0x080044f0   0x00000088   Data   RO         1067    .constdata          m_ws.l(pow.o)
    0x08004578   0x08004578   0x00000008   Data   RO         1113    .constdata          m_ws.l(qnan.o)
    0x08004580   0x08004580   0x00000049   Data   RO            6    .conststring        main.o
    0x080045c9   0x080045c9   0x00000003   PAD
    0x080045cc   0x080045cc   0x00000020   Data   RO         1287    Region$$Table       anon$$obj.o


    Execution Region RW_IRAM1 (Exec base: 0x20000000, Load base: 0x080045ec, Size: 0x00000798, Max: 0x00005000, ABSOLUTE)

    Exec Addr    Load Addr    Size         Type   Attr      Idx    E Section Name        Object

    0x20000000   0x080045ec   0x0000005c   Data   RW            7    .data               main.o
    0x2000005c   0x08004648   0x00000001   Data   RW          138    .data               isr.o
    0x2000005d   0x08004649   0x00000003   PAD
    0x20000060   0x0800464c   0x00000014   Data   RW          215    .data               motor.o
    0x20000074   0x08004660   0x0000001f   Data   RW          280    .data               pid.o
    0x20000093   0x0800467f   0x00000001   PAD
    0x20000094   0x08004680   0x00000009   Data   RW          334    .data               gray_track.o
    0x2000009d   0x08004689   0x00000003   PAD
    0x200000a0   0x0800468c   0x00000008   Data   RW          407    .data               buzzer.o
    0x200000a8   0x08004694   0x0000000c   Data   RW          499    .data               ml_gpio.o
    0x200000b4   0x080046a0   0x0000000c   Data   RW          632    .data               ml_tim.o
    0x200000c0   0x080046ac   0x00000010   Data   RW          657    .data               ml_uart.o
    0x200000d0        -       0x00000068   Zero   RW          279    .bss                pid.o
    0x20000138        -       0x00000060   Zero   RW         1149    .bss                c_w.l(libspace.o)
    0x20000198        -       0x00000200   Zero   RW          489    HEAP                startup_stm32f10x_md.o
    0x20000398        -       0x00000400   Zero   RW          488    STACK               startup_stm32f10x_md.o


==============================================================================

Image component sizes


      Code (inc. data)   RO Data    RW Data    ZI Data      Debug   Object Name

       156          8          0          8          0       3746   buzzer.o
       554         30         32          9          0       3477   gray_track.o
       794         96          0          1          0       6046   isr.o
      1032        216         73         92          0     209320   main.o
       596         38          0          0          0       1480   ml_exti.o
       520         22          0         12          0       5019   ml_gpio.o
       116         16          0          0          0       1140   ml_nvic.o
      1008         16       1520          0          0       9555   ml_oled.o
       816         36          0          0          0       2039   ml_pwm.o
       112          8          0         12          0       1556   ml_tim.o
       350         26          0         16          0       4216   ml_uart.o
       364         30          0         20          0       3515   motor.o
       822        110          0         31        104       5190   pid.o
        64         26        236          0       1536        848   startup_stm32f10x_md.o
       328         28          0          0          0       1925   system_stm32f10x.o

    ----------------------------------------------------------------------
      7644        706       1900        208       1640     259072   Object Totals
         0          0         32          0          0          0   (incl. Generated)
        12          0          7          7          0          0   (incl. Padding)

    ----------------------------------------------------------------------

      Code (inc. data)   RO Data    RW Data    ZI Data      Debug   Library Member Name

         8          0          0          0          0         68   __main.o
         0          0          0          0          0          0   __rtentry.o
        12          0          0          0          0          0   __rtentry2.o
         6          0          0          0          0          0   __rtentry4.o
        52          8          0          0          0          0   __scatter.o
        26          0          0          0          0          0   __scatter_copy.o
        28          0          0          0          0          0   __scatter_zi.o
        22          0          0          0          0        100   _rserrno.o
        18          0          0          0          0         80   exit.o
         6          0          0          0          0        152   heapauxi.o
         2          0          0          0          0          0   libinit.o
         2          0          0          0          0          0   libinit2.o
         2          0          0          0          0          0   libshutdown.o
         2          0          0          0          0          0   libshutdown2.o
         8          4          0          0         96         68   libspace.o
         8          4          0          0          0         68   rt_errno_addr_intlibspace.o
         2          0          0          0          0          0   rtexit.o
        10          0          0          0          0          0   rtexit2.o
        74          0          0          0          0         80   sys_stackheap_outer.o
         2          0          0          0          0         68   use_no_semi.o
         2          0          0          0          0         68   use_no_semi_2.o
        98          4          0          0          0         92   d2f.o
       826         16          0          0          0        348   daddsub_clz.o
        16          4          0          0          0         68   dcheck1.o
        24          0          0          0          0         68   dcmpi.o
       688        140          0          0          0        208   ddiv.o
        94          4          0          0          0         92   dfix.o
        84          0          0          0          0        136   dflt_clz.o
       120          4          0          0          0         92   dleqf.o
       340         12          0          0          0        104   dmul.o
       156          4          0          0          0         92   dnaninf.o
        12          0          0          0          0         68   dretinf.o
       108          0          0          0          0         80   drleqf.o
       460         56          0          0          0        120   dsqrt_noumaal.o
        86          4          0          0          0         84   f2d.o
       450          8          0          0          0        236   faddsub_clz.o
        24          0          0          0          0         68   fcmpi.o
       388         76          0          0          0         96   fdiv.o
        54          4          0          0          0         84   ffix.o
        62          4          0          0          0         84   ffixu.o
        86          0          0          0          0        136   fflt_clz.o
       104          4          0          0          0         84   fleqf.o
       258          4          0          0          0         84   fmul.o
       140          4          0          0          0         84   fnaninf.o
        10          0          0          0          0         68   fretinf.o
        98          0          0          0          0         68   frleqf.o
       100          0          0          0          0         68   retnan.o
        92          0          0          0          0         68   scalbn.o
        48          0          0          0          0         68   trapv.o
         0          0          0          0          0          0   usenofp.o
        62         10          0          0          0        340   dunder.o
        40          0          0          0          0         68   fpclassify.o
       170          0          0          0          0         96   poly.o
      2520        190        136          0          0        324   pow.o
         0          0          8          0          0          0   qnan.o
        76          0          0          0          0         84   sqrt.o

    ----------------------------------------------------------------------
      8212        568        144          0         96       4612   Library Totals
        26          0          0          0          0          0   (incl. Padding)

    ----------------------------------------------------------------------

      Code (inc. data)   RO Data    RW Data    ZI Data      Debug   Library Name

       292         16          0          0         96        752   c_w.l
      5026        352          0          0          0       2948   fz_ws.l
      2868        200        144          0          0        912   m_ws.l

    ----------------------------------------------------------------------
      8212        568        144          0         96       4612   Library Totals

    ----------------------------------------------------------------------

==============================================================================


      Code (inc. data)   RO Data    RW Data    ZI Data      Debug   

     15856       1274       2044        208       1736     257596   Grand Totals
     15856       1274       2044        208       1736     257596   ELF Image Totals
     15856       1274       2044        208          0          0   ROM Totals

==============================================================================

    Total RO  Size (Code + RO Data)                17900 (  17.48kB)
    Total RW  Size (RW Data + ZI Data)              1944 (   1.90kB)
    Total ROM Size (Code + RO Data + RW Data)      18108 (  17.68kB)

==============================================================================

