Component: ARM Compiler 5.06 update 5 (build 528) Tool: armlink [4d35e2]

==============================================================================

Section Cross References

    main.o(i.main) refers to ml_oled.o(i.OLED_Init) for OLED_Init
    main.o(i.main) refers to motor.o(i.motor_init) for motor_init
    main.o(i.main) refers to motor.o(i.encoder_init) for encoder_init
    main.o(i.main) refers to gray_track.o(i.gray_init) for gray_init
    main.o(i.main) refers to motor.o(i.indicator_init) for indicator_init
    main.o(i.main) refers to motor.o(i.key_init) for key_init
    main.o(i.main) refers to ml_uart.o(i.uart_init) for uart_init
    main.o(i.main) refers to pid.o(i.pid_init) for pid_init
    main.o(i.main) refers to ml_tim.o(i.tim_interrupt_ms_init) for tim_interrupt_ms_init
    main.o(i.main) refers to ml_uart.o(i.uart_sendstr) for uart_sendstr
    main.o(i.main) refers to ml_oled.o(i.OLED_ShowString) for OLED_ShowString
    main.o(i.main) refers to motor.o(i.key1_pressed) for key1_pressed
    main.o(i.main) refers to motor.o(i.buzzer_on) for buzzer_on
    main.o(i.main) refers to ml_delay.o(i.delay_ms) for delay_ms
    main.o(i.main) refers to motor.o(i.buzzer_off) for buzzer_off
    main.o(i.main) refers to motor.o(i.key2_pressed) for key2_pressed
    main.o(i.main) refers to pid.o(i.motor_target_set) for motor_target_set
    main.o(i.main) refers to gray_track.o(i.track_with_speed) for track_with_speed
    main.o(i.main) refers to gray_track.o(i.track) for track
    main.o(i.main) refers to ml_uart.o(i.uart_sendbyte) for uart_sendbyte
    main.o(i.main) refers to tuner_bridge.o(i.tuner_bridge_process_cmd) for tuner_bridge_process_cmd
    main.o(i.main) refers to tuner_bridge.o(i.tuner_bridge_send_csv) for tuner_bridge_send_csv
    main.o(i.main) refers to main.o(i.signal_update) for signal_update
    main.o(i.main) refers to ml_oled.o(i.OLED_ShowNum) for OLED_ShowNum
    main.o(i.main) refers to ml_oled.o(i.OLED_ShowChar) for OLED_ShowChar
    main.o(i.main) refers to motor.o(i.led_on) for led_on
    main.o(i.main) refers to motor.o(i.led_off) for led_off
    main.o(i.main) refers to pid.o(.bss) for motorA
    main.o(i.main) refers to pid.o(.data) for total_distance
    main.o(i.main) refers to main.o(.data) for signal_state
    main.o(i.signal_update) refers to motor.o(i.buzzer_on) for buzzer_on
    main.o(i.signal_update) refers to motor.o(i.led_on) for led_on
    main.o(i.signal_update) refers to motor.o(i.buzzer_off) for buzzer_off
    main.o(i.signal_update) refers to motor.o(i.led_off) for led_off
    main.o(i.signal_update) refers to main.o(.data) for signal_state
    isr.o(i.EXTI2_IRQHandler) refers to ml_gpio.o(i.gpio_get) for gpio_get
    isr.o(i.EXTI2_IRQHandler) refers to motor.o(.data) for Encoder_count1
    isr.o(i.EXTI4_IRQHandler) refers to ml_gpio.o(i.gpio_get) for gpio_get
    isr.o(i.EXTI4_IRQHandler) refers to motor.o(.data) for Encoder_count2
    isr.o(i.EXTI9_5_IRQHandler) refers to ml_mpu6050.o(i.MPU6050_GetData) for MPU6050_GetData
    isr.o(i.EXTI9_5_IRQHandler) refers to ml_hmc5883l.o(i.HMC5883L_GetData) for HMC5883L_GetData
    isr.o(i.EXTI9_5_IRQHandler) refers to fflt_clz.o(x$fpl$fflt) for __aeabi_i2f
    isr.o(i.EXTI9_5_IRQHandler) refers to f2d.o(x$fpl$f2d) for __aeabi_f2d
    isr.o(i.EXTI9_5_IRQHandler) refers to ddiv.o(x$fpl$ddiv) for __aeabi_ddiv
    isr.o(i.EXTI9_5_IRQHandler) refers to dmul.o(x$fpl$dmul) for __aeabi_dmul
    isr.o(i.EXTI9_5_IRQHandler) refers to daddsub_clz.o(x$fpl$dadd) for __aeabi_dadd
    isr.o(i.EXTI9_5_IRQHandler) refers to d2f.o(x$fpl$d2f) for __aeabi_d2f
    isr.o(i.EXTI9_5_IRQHandler) refers to fdiv.o(x$fpl$fdiv) for __aeabi_fdiv
    isr.o(i.EXTI9_5_IRQHandler) refers to atan.o(i.atan) for atan
    isr.o(i.EXTI9_5_IRQHandler) refers to atan2.o(i.atan2) for atan2
    isr.o(i.EXTI9_5_IRQHandler) refers to filter.o(i.Kalman_Filter) for Kalman_Filter
    isr.o(i.EXTI9_5_IRQHandler) refers to ml_mpu6050.o(.data) for gx
    isr.o(i.EXTI9_5_IRQHandler) refers to ml_hmc5883l.o(.data) for hmc_y
    isr.o(i.EXTI9_5_IRQHandler) refers to filter.o(.data) for KF_Roll
    isr.o(i.TIM3_IRQHandler) refers to pid.o(i.pid_control) for pid_control
    isr.o(i.USART1_IRQHandler) refers to isr.o(.data) for cmd_len
    isr.o(i.USART1_IRQHandler) refers to tuner_bridge.o(.bss) for tuner_cmd_buf
    isr.o(i.USART1_IRQHandler) refers to tuner_bridge.o(.data) for tuner_cmd_ready
    motor.o(i.buzzer_off) refers to ml_gpio.o(i.gpio_set) for gpio_set
    motor.o(i.buzzer_on) refers to ml_gpio.o(i.gpio_set) for gpio_set
    motor.o(i.encoder_init) refers to ml_exti.o(i.exti_init) for exti_init
    motor.o(i.encoder_init) refers to ml_gpio.o(i.gpio_init) for gpio_init
    motor.o(i.indicator_init) refers to ml_gpio.o(i.gpio_init) for gpio_init
    motor.o(i.indicator_init) refers to ml_gpio.o(i.gpio_set) for gpio_set
    motor.o(i.key1_pressed) refers to ml_gpio.o(i.gpio_get) for gpio_get
[...]
    i.ldexp                                  0x08003ad8   Section        0  ldexp.o(i.ldexp)
    i.led_off                                0x08003b4c   Section        0  motor.o(i.led_off)
    i.led_on                                 0x08003b5a   Section        0  motor.o(i.led_on)
    i.main                                   0x08003b68   Section        0  main.o(i.main)
    i.motorA_duty                            0x08003f8c   Section        0  motor.o(i.motorA_duty)
    i.motorB_duty                            0x08003fc4   Section        0  motor.o(i.motorB_duty)
    i.motor_init                             0x08003ffc   Section        0  motor.o(i.motor_init)
    i.motor_target_set                       0x08004040   Section        0  pid.o(i.motor_target_set)
    i.pid_cal                                0x080040e4   Section        0  pid.o(i.pid_cal)
    i.pid_control                            0x080041a8   Section        0  pid.o(i.pid_control)
    i.pid_init                               0x080042a8   Section        0  pid.o(i.pid_init)
    i.pidout_limit                           0x080042b8   Section        0  pid.o(i.pidout_limit)
    i.pwm_init                               0x080042e0   Section        0  ml_pwm.o(i.pwm_init)
    i.pwm_pin_init                           0x08004450   Section        0  ml_pwm.o(i.pwm_pin_init)
    i.pwm_update                             0x080044fc   Section        0  ml_pwm.o(i.pwm_update)
    i.signal_update                          0x08004610   Section        0  main.o(i.signal_update)
    signal_update                            0x08004611   Thumb Code   158  main.o(i.signal_update)
    i.tim_interrupt_ms_init                  0x080046b8   Section        0  ml_tim.o(i.tim_interrupt_ms_init)
    i.track                                  0x08004728   Section        0  gray_track.o(i.track)
    i.track_with_speed                       0x080047b4   Section        0  gray_track.o(i.track_with_speed)
    i.tuner_bridge_process_cmd               0x08004840   Section        0  tuner_bridge.o(i.tuner_bridge_process_cmd)
    i.tuner_bridge_send_csv                  0x08004b00   Section        0  tuner_bridge.o(i.tuner_bridge_send_csv)
    i.uart_baud_config                       0x08004c04   Section        0  ml_uart.o(i.uart_baud_config)
    i.uart_init                              0x08004ca4   Section        0  ml_uart.o(i.uart_init)
    i.uart_pin_init                          0x08004d08   Section        0  ml_uart.o(i.uart_pin_init)
    i.uart_sendbyte                          0x08004d60   Section        0  ml_uart.o(i.uart_sendbyte)
    i.uart_sendstr                           0x08004d80   Section        0  ml_uart.o(i.uart_sendstr)
    locale$$code                             0x08004d9c   Section       44  lc_numeric_c.o(locale$$code)
    locale$$code                             0x08004dc8   Section       44  lc_ctype_c.o(locale$$code)
    x$fpl$d2f                                0x08004df4   Section       98  d2f.o(x$fpl$d2f)
    x$fpl$dadd                               0x08004e58   Section      336  daddsub_clz.o(x$fpl$dadd)
    _dadd1                                   0x08004e69   Thumb Code     0  daddsub_clz.o(x$fpl$dadd)
    x$fpl$dcheck1                            0x08004fa8   Section       16  dcheck1.o(x$fpl$dcheck1)
    x$fpl$dcmpinf                            0x08004fb8   Section       24  dcmpi.o(x$fpl$dcmpinf)
    x$fpl$ddiv                               0x08004fd0   Section      688  ddiv.o(x$fpl$ddiv)
    ddiv_entry                               0x08004fd7   Thumb Code     0  ddiv.o(x$fpl$ddiv)
    x$fpl$deqf                               0x08005280   Section      120  deqf.o(x$fpl$deqf)
    x$fpl$dflt                               0x080052f8   Section       46  dflt_clz.o(x$fpl$dflt)
    x$fpl$dfltu                              0x08005326   Section       38  dflt_clz.o(x$fpl$dfltu)
    x$fpl$dleqf                              0x0800534c   Section      120  dleqf.o(x$fpl$dleqf)
    x$fpl$dmul                               0x080053c4   Section      340  dmul.o(x$fpl$dmul)
    x$fpl$dnaninf                            0x08005518   Section      156  dnaninf.o(x$fpl$dnaninf)
    x$fpl$dretinf                            0x080055b4   Section       12  dretinf.o(x$fpl$dretinf)
    x$fpl$drleqf                             0x080055c0   Section      108  drleqf.o(x$fpl$drleqf)
    x$fpl$drsb                               0x0800562c   Section       22  daddsub_clz.o(x$fpl$drsb)
    x$fpl$dsub                               0x08005644   Section      468  daddsub_clz.o(x$fpl$dsub)
    _dsub1                                   0x08005655   Thumb Code     0  daddsub_clz.o(x$fpl$dsub)
    x$fpl$f2d                                0x08005818   Section       86  f2d.o(x$fpl$f2d)
    x$fpl$fadd                               0x08005870   Section      196  faddsub_clz.o(x$fpl$fadd)
    _fadd1                                   0x0800587f   Thumb Code     0  faddsub_clz.o(x$fpl$fadd)
    x$fpl$fcmpinf                            0x08005934   Section       24  fcmpi.o(x$fpl$fcmpinf)
    x$fpl$fdiv                               0x0800594c   Section      388  fdiv.o(x$fpl$fdiv)
    _fdiv1                                   0x0800594d   Thumb Code     0  fdiv.o(x$fpl$fdiv)
    x$fpl$ffix                               0x08005ad0   Section       54  ffix.o(x$fpl$ffix)
    x$fpl$ffixu                              0x08005b08   Section       62  ffixu.o(x$fpl$ffixu)
    x$fpl$fflt                               0x08005b48   Section       48  fflt_clz.o(x$fpl$fflt)
    x$fpl$ffltu                              0x08005b78   Section       38  fflt_clz.o(x$fpl$ffltu)
    x$fpl$fleqf                              0x08005ba0   Section      104  fleqf.o(x$fpl$fleqf)
    x$fpl$fmul                               0x08005c08   Section      258  fmul.o(x$fpl$fmul)
    x$fpl$fnaninf                            0x08005d0a   Section      140  fnaninf.o(x$fpl$fnaninf)
    x$fpl$fretinf                            0x08005d96   Section       10  fretinf.o(x$fpl$fretinf)
    x$fpl$frleqf                             0x08005da0   Section       98  frleqf.o(x$fpl$frleqf)
    x$fpl$frsb                               0x08005e02   Section       20  faddsub_clz.o(x$fpl$frsb)
    x$fpl$fsub                               0x08005e18   Section      234  faddsub_clz.o(x$fpl$fsub)
    _fsub1                                   0x08005e27   Thumb Code     0  faddsub_clz.o(x$fpl$fsub)
    x$fpl$ieeestatus                         0x08005f02   Section        6  istatus.o(x$fpl$ieeestatus)
    x$fpl$printf1                            0x08005f08   Section        4  printf1.o(x$fpl$printf1)
    x$fpl$retnan                             0x08005f0c   Section      100  retnan.o(x$fpl$retnan)
    x$fpl$scalbn                             0x08005f70   Section       92  scalbn.o(x$fpl$scalbn)
    x$fpl$scanf1                             0x08005fcc   Section        4  scanf1.o(x$fpl$scanf1)
    x$fpl$scanf2                             0x08005fd0   Section        8  scanf2.o(x$fpl$scanf2)
    x$fpl$trapveneer                         0x08005fd8   Section       48  trapv.o(x$fpl$trapveneer)
    .constdata                               0x08006008   Section       32  gray_track.o(.constdata)
    x$fpl$usenofp                            0x08006008   Section        0  usenofp.o(x$fpl$usenofp)
    weights                                  0x08006008   Data          32  gray_track.o(.constdata)
    .constdata                               0x08006028   Section     1520  ml_oled.o(.constdata)
    .constdata                               0x08006618   Section      152  atan.o(.constdata)
    atanhi                                   0x08006618   Data          32  atan.o(.constdata)
    atanlo                                   0x08006638   Data          32  atan.o(.constdata)
    aTodd                                    0x08006658   Data          40  atan.o(.constdata)
    aTeven                                   0x08006680   Data          48  atan.o(.constdata)
    .constdata                               0x080066b0   Section        8  qnan.o(.constdata)
    .constdata                               0x080066b8   Section      148  bigflt0.o(.constdata)
    tenpwrs_x                                0x080066b8   Data          60  bigflt0.o(.constdata)
    tenpwrs_i                                0x080066f4   Data          64  bigflt0.o(.constdata)
    c$$dinf                                  0x0800676c   Section        8  fpconst.o(c$$dinf)
    c$$dmax                                  0x08006774   Section        8  fpconst.o(c$$dmax)
    locale$$data                             0x0800677c   Section       28  lc_numeric_c.o(locale$$data)
    __lcnum_c_name                           0x08006780   Data           2  lc_numeric_c.o(locale$$data)
    __lcnum_c_start                          0x08006788   Data           0  lc_numeric_c.o(locale$$data)
    __lcnum_c_point                          0x08006794   Data           0  lc_numeric_c.o(locale$$data)
    __lcnum_c_thousands                      0x08006796   Data           0  lc_numeric_c.o(locale$$data)
    __lcnum_c_grouping                       0x08006797   Data           0  lc_numeric_c.o(locale$$data)
    locale$$data                             0x08006798   Section      272  lc_ctype_c.o(locale$$data)
    __lcnum_c_end                            0x08006798   Data           0  lc_numeric_c.o(locale$$data)
    __lcctype_c_name                         0x0800679c   Data           2  lc_ctype_c.o(locale$$data)
    __lcctype_c_start                        0x080067a4   Data           0  lc_ctype_c.o(locale$$data)
    __lcctype_c_end                          0x080068a8   Data           0  lc_ctype_c.o(locale$$data)
    .data                                    0x20000000   Section        4  main.o(.data)
    signal_state                             0x20000000   Data           1  main.o(.data)
    signal_tick                              0x20000002   Data           2  main.o(.data)
    .data                                    0x20000004   Section        1  isr.o(.data)
    cmd_len                                  0x20000004   Data           1  isr.o(.data)
    .data                                    0x20000008   Section       16  motor.o(.data)
    .data                                    0x20000018   Section        8  pid.o(.data)
    .data                                    0x20000020   Section       12  gray_track.o(.data)
    last_position                            0x20000020   Data           4  gray_track.o(.data)
    prev_position                            0x20000024   Data           4  gray_track.o(.data)
    integral                                 0x20000028   Data           4  gray_track.o(.data)
    .data                                    0x2000002c   Section      144  filter.o(.data)
    .data                                    0x200000bc   Section        8  tuner_bridge.o(.data)
    last_send_tick                           0x200000c0   Data           4  tuner_bridge.o(.data)
    .data                                    0x200000c4   Section       12  ml_gpio.o(.data)
    .data                                    0x200000d0   Section       12  ml_tim.o(.data)
    .data                                    0x200000dc   Section       16  ml_uart.o(.data)
    .data                                    0x200000ec   Section       48  ml_mpu6050.o(.data)
    .data                                    0x2000011c   Section       12  ml_hmc5883l.o(.data)
    .bss                                     0x20000128   Section      156  pid.o(.bss)
    .bss                                     0x200001c4   Section       80  tuner_bridge.o(.bss)
    .bss                                     0x20000214   Section       96  libspace.o(.bss)
    HEAP                                     0x20000278   Section      512  startup_stm32f10x_md.o(HEAP)
    Heap_Mem                                 0x20000278   Data         512  startup_stm32f10x_md.o(HEAP)
    STACK                                    0x20000478   Section     1024  startup_stm32f10x_md.o(STACK)
    Stack_Mem                                0x20000478   Data        1024  startup_stm32f10x_md.o(STACK)
    __initial_sp                             0x20000878   Data           0  startup_stm32f10x_md.o(STACK)

    Global Symbols

    Symbol Name                              Value     Ov Type        Size  Object(Section)

    BuildAttributes$$THM_ISAv4$P$D$K$B$S$PE$A:L22UL41UL21$X:L11$S22US41US21$IEEE1$IW$USESV6$~STKCKD$USESV7$~SHL$OTIME$ROPI$IEEEX$EBA8$UX$STANDARDLIB$REQ8$PRES8$EABIv2 0x00000000   Number         0  anon$$obj.o ABSOLUTE
    __ARM_use_no_argv                        0x00000000   Number         0  main.o ABSOLUTE
    _printf_flags                            0x00000000   Number         0  printf_stubs.o ABSOLUTE
    _printf_return_value                     0x00000000   Number         0  printf_stubs.o ABSOLUTE
    _printf_sizespec                         0x00000000   Number         0  printf_stubs.o ABSOLUTE
    _printf_widthprec                        0x00000000   Number         0  printf_stubs.o ABSOLUTE
    __ARM_exceptions_init                     - Undefined Weak Reference
    __alloca_initialize                       - Undefined Weak Reference
    __arm_preinit_                            - Undefined Weak Reference
    __cpp_initialize__aeabi_                  - Undefined Weak Reference
    __cxa_finalize                            - Undefined Weak Reference
    __sigvec_lookup                           - Undefined Weak Reference
    _atexit_init                              - Undefined Weak Reference
    _call_atexit_fns                          - Undefined Weak Reference
    _clock_init                               - Undefined Weak Reference
    _fp_trap_init                             - Undefined Weak Reference
    _fp_trap_shutdown                         - Undefined Weak Reference
    _get_lc_collate                           - Undefined Weak Reference
    _get_lc_monetary                          - Undefined Weak Reference
    _get_lc_time                              - Undefined Weak Reference
    _getenv_init                              - Undefined Weak Reference
    _handle_redirection                       - Undefined Weak Reference
    _init_alloc                               - Undefined Weak Reference
    _init_user_alloc                          - Undefined Weak Reference
    _initio                                   - Undefined Weak Reference
    _mutex_acquire                            - Undefined Weak Reference
    _mutex_release                            - Undefined Weak Reference
    _printf_post_padding                      - Undefined Weak Reference
    _printf_pre_padding                       - Undefined Weak Reference
    _printf_truncate_signed                   - Undefined Weak Reference
    _printf_truncate_unsigned                 - Undefined Weak Reference
    _rand_init                                - Undefined Weak Reference
    _signal_finish                            - Undefined Weak Reference
    _signal_init                              - Undefined Weak Reference
    _terminate_alloc                          - Undefined Weak Reference
    _terminate_user_alloc                     - Undefined Weak Reference
    _terminateio                              - Undefined Weak Reference
    __Vectors_Size                           0x000000ec   Number         0  startup_stm32f10x_md.o ABSOLUTE
    __Vectors                                0x08000000   Data           4  startup_stm32f10x_md.o(RESET)
    __Vectors_End                            0x080000ec   Data           0  startup_stm32f10x_md.o(RESET)
    __main                                   0x080000ed   Thumb Code     8  __main.o(!!!main)
    __scatterload                            0x080000f5   Thumb Code     0  __scatter.o(!!!scatter)
    __scatterload_rt2                        0x080000f5   Thumb Code    44  __scatter.o(!!!scatter)
    __scatterload_rt2_thumb_only             0x080000f5   Thumb Code     0  __scatter.o(!!!scatter)
    __scatterload_null                       0x08000103   Thumb Code     0  __scatter.o(!!!scatter)
    __scatterload_copy                       0x08000129   Thumb Code    26  __scatter_copy.o(!!handler_copy)
    __scatterload_zeroinit                   0x08000145   Thumb Code    28  __scatter_zi.o(!!handler_zi)
    _printf_f                                0x08000161   Thumb Code     0  _printf_f.o(.ARM.Collect$$_printf_percent$$00000003)
    _printf_percent                          0x08000161   Thumb Code     0  _printf_percent.o(.ARM.Collect$$_printf_percent$$00000000)
    _printf_u                                0x08000167   Thumb Code     0  _printf_u.o(.ARM.Collect$$_printf_percent$$0000000A)
    _printf_percent_end                      0x0800016d   Thumb Code     0  _printf_percent_end.o(.ARM.Collect$$_printf_percent$$00000017)
    __rt_lib_init                            0x08000171   Thumb Code     0  libinit.o(.ARM.Collect$$libinit$$00000000)
    __rt_lib_init_fp_1                       0x08000173   Thumb Code     0  libinit2.o(.ARM.Collect$$libinit$$00000002)
    __rt_lib_init_heap_1                     0x08000173   Thumb Code     0  libinit2.o(.ARM.Collect$$libinit$$0000000A)
    __rt_lib_init_lc_common                  0x08000173   Thumb Code     0  libinit2.o(.ARM.Collect$$libinit$$0000000F)
    __rt_lib_init_preinit_1                  0x08000173   Thumb Code     0  libinit2.o(.ARM.Collect$$libinit$$00000004)
    __rt_lib_init_rand_1                     0x08000173   Thumb Code     0  libinit2.o(.ARM.Collect$$libinit$$0000000E)
    __rt_lib_init_user_alloc_1               0x08000173   Thumb Code     0  libinit2.o(.ARM.Collect$$libinit$$0000000C)
    __rt_lib_init_lc_collate_1               0x08000179   Thumb Code     0  libinit2.o(.ARM.Collect$$libinit$$00000011)
    __rt_lib_init_lc_ctype_2                 0x08000179   Thumb Code     0  libinit2.o(.ARM.Collect$$libinit$$00000012)
    __rt_lib_init_lc_ctype_1                 0x08000185   Thumb Code     0  libinit2.o(.ARM.Collect$$libinit$$00000013)
    __rt_lib_init_lc_monetary_1              0x08000185   Thumb Code     0  libinit2.o(.ARM.Collect$$libinit$$00000015)
    __rt_lib_init_lc_numeric_2               0x08000185   Thumb Code     0  libinit2.o(.ARM.Collect$$libinit$$00000016)
    __rt_lib_init_alloca_1                   0x0800018f   Thumb Code     0  libinit2.o(.ARM.Collect$$libinit$$0000002E)
    __rt_lib_init_argv_1                     0x0800018f   Thumb Code     0  libinit2.o(.ARM.Collect$$libinit$$0000002C)
    __rt_lib_init_atexit_1                   0x0800018f   Thumb Code     0  libinit2.o(.ARM.Collect$$libinit$$0000001B)
    __rt_lib_init_clock_1                    0x0800018f   Thumb Code     0  libinit2.o(.ARM.Collect$$libinit$$00000021)
    __rt_lib_init_cpp_1                      0x0800018f   Thumb Code     0  libinit2.o(.ARM.Collect$$libinit$$00000032)
    __rt_lib_init_exceptions_1               0x0800018f   Thumb Code     0  libinit2.o(.ARM.Collect$$libinit$$00000030)
    __rt_lib_init_fp_trap_1                  0x0800018f   Thumb Code     0  libinit2.o(.ARM.Collect$$libinit$$0000001F)
    __rt_lib_init_getenv_1                   0x0800018f   Thumb Code     0  libinit2.o(.ARM.Collect$$libinit$$00000023)
    __rt_lib_init_lc_numeric_1               0x0800018f   Thumb Code     0  libinit2.o(.ARM.Collect$$libinit$$00000017)
    __rt_lib_init_lc_time_1                  0x0800018f   Thumb Code     0  libinit2.o(.ARM.Collect$$libinit$$00000019)
    __rt_lib_init_return                     0x0800018f   Thumb Code     0  libinit2.o(.ARM.Collect$$libinit$$00000033)
    __rt_lib_init_signal_1                   0x0800018f   Thumb Code     0  libinit2.o(.ARM.Collect$$libinit$$0000001D)
    __rt_lib_init_stdio_1                    0x0800018f   Thumb Code     0  libinit2.o(.ARM.Collect$$libinit$$00000025)
    __rt_lib_shutdown                        0x08000191   Thumb Code     0  libshutdown.o(.ARM.Collect$$libshutdown$$00000000)
    __rt_lib_shutdown_cpp_1                  0x08000193   Thumb Code     0  libshutdown2.o(.ARM.Collect$$libshutdown$$00000002)
    __rt_lib_shutdown_fp_trap_1              0x08000193   Thumb Code     0  libshutdown2.o(.ARM.Collect$$libshutdown$$00000007)
    __rt_lib_shutdown_heap_1                 0x08000193   Thumb Code     0  libshutdown2.o(.ARM.Collect$$libshutdown$$0000000F)
    __rt_lib_shutdown_return                 0x08000193   Thumb Code     0  libshutdown2.o(.ARM.Collect$$libshutdown$$00000010)
    __rt_lib_shutdown_signal_1               0x08000193   Thumb Code     0  libshutdown2.o(.ARM.Collect$$libshutdown$$0000000A)
    __rt_lib_shutdown_stdio_1                0x08000193   Thumb Code     0  libshutdown2.o(.ARM.Collect$$libshutdown$$00000004)
    __rt_lib_shutdown_user_alloc_1           0x08000193   Thumb Code     0  libshutdown2.o(.ARM.Collect$$libshutdown$$0000000C)
    __rt_entry                               0x08000195   Thumb Code     0  __rtentry.o(.ARM.Collect$$rtentry$$00000000)
    __rt_entry_presh_1                       0x08000195   Thumb Code     0  __rtentry2.o(.ARM.Collect$$rtentry$$00000002)
    __rt_entry_sh                            0x08000195   Thumb Code     0  __rtentry4.o(.ARM.Collect$$rtentry$$00000004)
    __rt_entry_li                            0x0800019b   Thumb Code     0  __rtentry2.o(.ARM.Collect$$rtentry$$0000000A)
    __rt_entry_postsh_1                      0x0800019b   Thumb Code     0  __rtentry2.o(.ARM.Collect$$rtentry$$00000009)
    __rt_entry_main                          0x0800019f   Thumb Code     0  __rtentry2.o(.ARM.Collect$$rtentry$$0000000D)
    __rt_entry_postli_1                      0x0800019f   Thumb Code     0  __rtentry2.o(.ARM.Collect$$rtentry$$0000000C)
    __rt_exit                                0x080001a7   Thumb Code     0  rtexit.o(.ARM.Collect$$rtexit$$00000000)
    __rt_exit_ls                             0x080001a9   Thumb Code     0  rtexit2.o(.ARM.Collect$$rtexit$$00000003)
    __rt_exit_prels_1                        0x080001a9   Thumb Code     0  rtexit2.o(.ARM.Collect$$rtexit$$00000002)
    __rt_exit_exit                           0x080001ad   Thumb Code     0  rtexit2.o(.ARM.Collect$$rtexit$$00000004)
    Reset_Handler                            0x080001b5   Thumb Code     8  startup_stm32f10x_md.o(.text)
    NMI_Handler                              0x080001bd   Thumb Code     2  startup_stm32f10x_md.o(.text)
    HardFault_Handler                        0x080001bf   Thumb Code     2  startup_stm32f10x_md.o(.text)
    MemManage_Handler                        0x080001c1   Thumb Code     2  startup_stm32f10x_md.o(.text)
    BusFault_Handler                         0x080001c3   Thumb Code     2  startup_stm32f10x_md.o(.text)
    UsageFault_Handler                       0x080001c5   Thumb Code     2  startup_stm32f10x_md.o(.text)
    SVC_Handler                              0x080001c7   Thumb Code     2  startup_stm32f10x_md.o(.text)
    DebugMon_Handler                         0x080001c9   Thumb Code     2  startup_stm32f10x_md.o(.text)
    PendSV_Handler                           0x080001cb   Thumb Code     2  startup_stm32f10x_md.o(.text)
    SysTick_Handler                          0x080001cd   Thumb Code     2  startup_stm32f10x_md.o(.text)
    ADC1_2_IRQHandler                        0x080001cf   Thumb Code     0  startup_stm32f10x_md.o(.text)
    CAN1_RX1_IRQHandler                      0x080001cf   Thumb Code     0  startup_stm32f10x_md.o(.text)
    CAN1_SCE_IRQHandler                      0x080001cf   Thumb Code     0  startup_stm32f10x_md.o(.text)
    DMA1_Channel1_IRQHandler                 0x080001cf   Thumb Code     0  startup_stm32f10x_md.o(.text)
    DMA1_Channel2_IRQHandler                 0x080001cf   Thumb Code     0  startup_stm32f10x_md.o(.text)
    DMA1_Channel3_IRQHandler                 0x080001cf   Thumb Code     0  startup_stm32f10x_md.o(.text)
    DMA1_Channel4_IRQHandler                 0x080001cf   Thumb Code     0  startup_stm32f10x_md.o(.text)
    DMA1_Channel5_IRQHandler                 0x080001cf   Thumb Code     0  startup_stm32f10x_md.o(.text)
    DMA1_Channel6_IRQHandler                 0x080001cf   Thumb Code     0  startup_stm32f10x_md.o(.text)
    DMA1_Channel7_IRQHandler                 0x080001cf   Thumb Code     0  startup_stm32f10x_md.o(.text)
    EXTI15_10_IRQHandler                     0x080001cf   Thumb Code     0  startup_stm32f10x_md.o(.text)
    FLASH_IRQHandler                         0x080001cf   Thumb Code     0  startup_stm32f10x_md.o(.text)
    I2C1_ER_IRQHandler                       0x080001cf   Thumb Code     0  startup_stm32f10x_md.o(.text)
    I2C1_EV_IRQHandler                       0x080001cf   Thumb Code     0  startup_stm32f10x_md.o(.text)
    I2C2_ER_IRQHandler                       0x080001cf   Thumb Code     0  startup_stm32f10x_md.o(.text)
    I2C2_EV_IRQHandler                       0x080001cf   Thumb Code     0  startup_stm32f10x_md.o(.text)
    PVD_IRQHandler                           0x080001cf   Thumb Code     0  startup_stm32f10x_md.o(.text)
    RCC_IRQHandler                           0x080001cf   Thumb Code     0  startup_stm32f10x_md.o(.text)
    RTCAlarm_IRQHandler                      0x080001cf   Thumb Code     0  startup_stm32f10x_md.o(.text)
    RTC_IRQHandler                           0x080001cf   Thumb Code     0  startup_stm32f10x_md.o(.text)
    SPI1_IRQHandler                          0x080001cf   Thumb Code     0  startup_stm32f10x_md.o(.text)
    SPI2_IRQHandler                          0x080001cf   Thumb Code     0  startup_stm32f10x_md.o(.text)
    TAMPER_IRQHandler                        0x080001cf   Thumb Code     0  startup_stm32f10x_md.o(.text)
    TIM1_BRK_IRQHandler                      0x080001cf   Thumb Code     0  startup_stm32f10x_md.o(.text)
    TIM1_CC_IRQHandler                       0x080001cf   Thumb Code     0  startup_stm32f10x_md.o(.text)
    TIM1_TRG_COM_IRQHandler                  0x080001cf   Thumb Code     0  startup_stm32f10x_md.o(.text)
    TIM1_UP_IRQHandler                       0x080001cf   Thumb Code     0  startup_stm32f10x_md.o(.text)
    USBWakeUp_IRQHandler                     0x080001cf   Thumb Code     0  startup_stm32f10x_md.o(.text)
    USB_HP_CAN1_TX_IRQHandler                0x080001cf   Thumb Code     0  startup_stm32f10x_md.o(.text)
    USB_LP_CAN1_RX0_IRQHandler               0x080001cf   Thumb Code     0  startup_stm32f10x_md.o(.text)
    WWDG_IRQHandler                          0x080001cf   Thumb Code     0  startup_stm32f10x_md.o(.text)
    __user_initial_stackheap                 0x080001d1   Thumb Code     0  startup_stm32f10x_md.o(.text)
    __use_no_semihosting                     0x080001f5   Thumb Code     2  use_no_semi_2.o(.text)
    __2printf                                0x080001f9   Thumb Code    20  noretval__2printf.o(.text)
    _printf_int_dec                          0x08000211   Thumb Code   104  _printf_dec.o(.text)
    __printf                                 0x08000289   Thumb Code   352  __printf_ss_wp.o(.text)
    strstr                                   0x080003e9   Thumb Code    36  strstr.o(.text)
    strncmp                                  0x0800040d   Thumb Code   150  strncmp.o(.text)
    __use_two_region_memory                  0x080004a3   Thumb Code     2  heapauxi.o(.text)
    __rt_heap_escrow$2region                 0x080004a5   Thumb Code     2  heapauxi.o(.text)
    __rt_heap_expand$2region                 0x080004a7   Thumb Code     2  heapauxi.o(.text)
    __I$use$semihosting                      0x080004a9   Thumb Code     0  use_no_semi.o(.text)
    __use_no_semihosting_swi                 0x080004a9   Thumb Code     2  use_no_semi.o(.text)
    __read_errno                             0x080004ab   Thumb Code    10  _rserrno.o(.text)
    __set_errno                              0x080004b5   Thumb Code    12  _rserrno.o(.text)
    _printf_int_common                       0x080004c1   Thumb Code   178  _printf_intcommon.o(.text)
    __lib_sel_fp_printf                      0x08000573   Thumb Code     2  _printf_fp_dec.o(.text)
    _printf_fp_dec_real                      0x08000725   Thumb Code   620  _printf_fp_dec.o(.text)
    _printf_char_file                        0x08000991   Thumb Code    32  _printf_char_file.o(.text)
    __strtod_int                             0x080009f1   Thumb Code    90  strtod.o(.text)
    __rt_locale                              0x08000a59   Thumb Code     8  rt_locale_intlibspace.o(.text)
    __aeabi_errno_addr                       0x08000a61   Thumb Code     8  rt_errno_addr_intlibspace.o(.text)
    __errno$intlibspace                      0x08000a61   Thumb Code     0  rt_errno_addr_intlibspace.o(.text)
    __rt_errno_addr$intlibspace              0x08000a61   Thumb Code     0  rt_errno_addr_intlibspace.o(.text)
    _ll_udiv10                               0x08000a69   Thumb Code   138  lludiv10.o(.text)
    isspace                                  0x08000af3   Thumb Code    18  isspace.o(.text)
    _printf_char_common                      0x08000b0f   Thumb Code    32  _printf_char_common.o(.text)
    _printf_fp_infnan                        0x08000b35   Thumb Code   112  _printf_fp_infnan.o(.text)
    _sgetc                                   0x08000bb5   Thumb Code    30  _sgetc.o(.text)
    _sbackspace                              0x08000bd3   Thumb Code    34  _sgetc.o(.text)
    _btod_etento                             0x08000bf5   Thumb Code   224  bigflt0.o(.text)
    ferror                                   0x08000cd9   Thumb Code     8  ferror.o(.text)
    __user_libspace                          0x08000ce1   Thumb Code     8  libspace.o(.text)
    __user_perproc_libspace                  0x08000ce1   Thumb Code     0  libspace.o(.text)
    __user_perthread_libspace                0x08000ce1   Thumb Code     0  libspace.o(.text)
    __user_setup_stackheap                   0x08000ce9   Thumb Code    74  sys_stackheap_outer.o(.text)
    __rt_ctype_table                         0x08000d35   Thumb Code    16  rt_ctype_table.o(.text)
    _scanf_really_real                       0x08000f91   Thumb Code   684  scanf_fp.o(.text)
    exit                                     0x0800123d   Thumb Code    18  exit.o(.text)
    strcmp                                   0x08001251   Thumb Code   128  strcmpv7m.o(.text)
    _scanf_really_hex_real                   0x080012d1   Thumb Code   786  scanf_hexfp.o(.text)
    _scanf_really_infnan                     0x080015f1   Thumb Code   292  scanf_infnan.o(.text)
    __aeabi_llsl                             0x08001725   Thumb Code     0  llshl.o(.text)
    _ll_shift_l                              0x08001725   Thumb Code    38  llshl.o(.text)
    _chval                                   0x0800174b   Thumb Code    28  _chval.o(.text)
    _btod_d2e                                0x08001767   Thumb Code    62  btod.o(CL$$btod_d2e)
    _d2e_denorm_low                          0x080017a5   Thumb Code    70  btod.o(CL$$btod_d2e_denorm_low)
    _d2e_norm_op1                            0x080017eb   Thumb Code    96  btod.o(CL$$btod_d2e_norm_op1)
    __btod_div_common                        0x0800184b   Thumb Code   696  btod.o(CL$$btod_div_common)
    _e2d                                     0x08001b85   Thumb Code   122  btod.o(CL$$btod_e2d)
    _e2e                                     0x08001c09   Thumb Code   220  btod.o(CL$$btod_e2e)
    _btod_ediv                               0x08001ce5   Thumb Code    42  btod.o(CL$$btod_ediv)
    _btod_edivd                              0x08001d0f   Thumb Code    42  btod.o(CL$$btod_edivd)
    _btod_emul                               0x08001d39   Thumb Code    42  btod.o(CL$$btod_emul)
    _btod_emuld                              0x08001d63   Thumb Code    42  btod.o(CL$$btod_emuld)
    __btod_mult_common                       0x08001d8d   Thumb Code   580  btod.o(CL$$btod_mult_common)
    EXTI0_IRQHandler                         0x08001fd1   Thumb Code    18  isr.o(i.EXTI0_IRQHandler)
    EXTI1_IRQHandler                         0x08001fe9   Thumb Code    18  isr.o(i.EXTI1_IRQHandler)
    EXTI2_IRQHandler                         0x08002001   Thumb Code    52  isr.o(i.EXTI2_IRQHandler)
    EXTI3_IRQHandler                         0x0800203d   Thumb Code    18  isr.o(i.EXTI3_IRQHandler)
    EXTI4_IRQHandler                         0x08002055   Thumb Code    52  isr.o(i.EXTI4_IRQHandler)
    EXTI9_5_IRQHandler                       0x08002091   Thumb Code   732  isr.o(i.EXTI9_5_IRQHandler)
    HMC5883L_GetData                         0x080023d9   Thumb Code    82  ml_hmc5883l.o(i.HMC5883L_GetData)
    HMC5883L_Read                            0x08002439   Thumb Code    64  ml_hmc5883l.o(i.HMC5883L_Read)
    I2C_NotSendAck                           0x08002479   Thumb Code    34  ml_i2c.o(i.I2C_NotSendAck)
    I2C_ReceiveByte                          0x0800249b   Thumb Code    64  ml_i2c.o(i.I2C_ReceiveByte)
    I2C_SendByte                             0x080024db   Thumb Code    66  ml_i2c.o(i.I2C_SendByte)
    I2C_Start                                0x0800251d   Thumb Code    44  ml_i2c.o(i.I2C_Start)
    I2C_Stop                                 0x08002549   Thumb Code    34  ml_i2c.o(i.I2C_Stop)
    I2C_WaitAck                              0x0800256b   Thumb Code    48  ml_i2c.o(i.I2C_WaitAck)
    Kalman_Filter                            0x0800259b   Thumb Code   320  filter.o(i.Kalman_Filter)
    MPU6050_GetData                          0x080026dd   Thumb Code   160  ml_mpu6050.o(i.MPU6050_GetData)
    MPU6050_Read                             0x08002795   Thumb Code    64  ml_mpu6050.o(i.MPU6050_Read)
    NVIC_Group_Config                        0x080027d5   Thumb Code    30  ml_nvic.o(i.NVIC_Group_Config)
    NVIC_init                                0x080027fd   Thumb Code    70  ml_nvic.o(i.NVIC_init)
    OLED_Clear                               0x08002849   Thumb Code    42  ml_oled.o(i.OLED_Clear)
    OLED_I2C_Init                            0x08002873   Thumb Code    44  ml_oled.o(i.OLED_I2C_Init)
    OLED_I2C_SendByte                        0x0800289f   Thumb Code    74  ml_oled.o(i.OLED_I2C_SendByte)
    OLED_I2C_Start                           0x080028e9   Thumb Code    44  ml_oled.o(i.OLED_I2C_Start)
    OLED_I2C_Stop                            0x08002915   Thumb Code    34  ml_oled.o(i.OLED_I2C_Stop)
    OLED_Init                                0x08002937   Thumb Code   174  ml_oled.o(i.OLED_Init)
    OLED_Pow                                 0x080029e5   Thumb Code    20  ml_oled.o(i.OLED_Pow)
    OLED_SetCursor                           0x080029f9   Thumb Code    34  ml_oled.o(i.OLED_SetCursor)
    OLED_ShowChar                            0x08002a1d   Thumb Code   110  ml_oled.o(i.OLED_ShowChar)
    OLED_ShowNum                             0x08002a91   Thumb Code    68  ml_oled.o(i.OLED_ShowNum)
    OLED_ShowString                          0x08002ad5   Thumb Code    40  ml_oled.o(i.OLED_ShowString)
    OLED_WriteCommand                        0x08002afd   Thumb Code    32  ml_oled.o(i.OLED_WriteCommand)
    OLED_WriteData                           0x08002b1d   Thumb Code    32  ml_oled.o(i.OLED_WriteData)
    SystemInit                               0x08002c25   Thumb Code    78  system_stm32f10x.o(i.SystemInit)
    TIM2_IRQHandler                          0x08002c85   Thumb Code    30  isr.o(i.TIM2_IRQHandler)
    TIM3_IRQHandler                          0x08002ca5   Thumb Code    30  isr.o(i.TIM3_IRQHandler)
    TIM4_IRQHandler                          0x08002cc9   Thumb Code    24  isr.o(i.TIM4_IRQHandler)
    USART1_IRQHandler                        0x08002ce5   Thumb Code    98  isr.o(i.USART1_IRQHandler)
    USART2_IRQHandler                        0x08002d59   Thumb Code    24  isr.o(i.USART2_IRQHandler)
    USART3_IRQHandler                        0x08002d75   Thumb Code    24  isr.o(i.USART3_IRQHandler)
    __ARM_fpclassify                         0x08002d91   Thumb Code    40  fpclassify.o(i.__ARM_fpclassify)
    __kernel_poly                            0x08002db9   Thumb Code   170  poly.o(i.__kernel_poly)
    __mathlib_dbl_infnan                     0x08002e63   Thumb Code     6  dunder.o(i.__mathlib_dbl_infnan)
    __mathlib_dbl_infnan2                    0x08002e69   Thumb Code     4  dunder.o(i.__mathlib_dbl_infnan2)
    __mathlib_dbl_overflow                   0x08002e6d   Thumb Code    14  dunder.o(i.__mathlib_dbl_overflow)
    __mathlib_dbl_underflow                  0x08002e7d   Thumb Code    10  dunder.o(i.__mathlib_dbl_underflow)
    __mathlib_narrow                         0x08002e8d   Thumb Code    16  narrow.o(i.__mathlib_narrow)
    __mathlib_tofloat                        0x08002e9d   Thumb Code   184  narrow.o(i.__mathlib_tofloat)
    __support_ldexp                          0x08002f59   Thumb Code    22  ldexp.o(i.__support_ldexp)
    _is_digit                                0x08002f6f   Thumb Code    14  __printf_wp.o(i._is_digit)
    _sys_exit                                0x08002f7d   Thumb Code     4  ml_uart.o(i._sys_exit)
    atan                                     0x08002f81   Thumb Code   474  atan.o(i.atan)
    atan2                                    0x080031a1   Thumb Code   346  atan2.o(i.atan2)
    atof                                     0x08003321   Thumb Code    42  atof.o(i.atof)
    buzzer_off                               0x0800334b   Thumb Code    14  motor.o(i.buzzer_off)
    buzzer_on                                0x08003359   Thumb Code    14  motor.o(i.buzzer_on)
    delay_ms                                 0x08003367   Thumb Code    24  ml_delay.o(i.delay_ms)
    delay_us                                 0x0800337f   Thumb Code    46  ml_delay.o(i.delay_us)
    digtal                                   0x080033ad   Thumb Code   190  gray_track.o(i.digtal)
    encoder_init                             0x0800346b   Thumb Code    44  motor.o(i.encoder_init)
    exti_init                                0x08003499   Thumb Code   254  ml_exti.o(i.exti_init)
    exti_pin_init                            0x080035a5   Thumb Code   328  ml_exti.o(i.exti_pin_init)
    fputc                                    0x080036ed   Thumb Code    24  ml_uart.o(i.fputc)
    frexp                                    0x08003709   Thumb Code    80  frexp.o(i.frexp)
    get_sensor_position                      0x08003761   Thumb Code    70  gray_track.o(i.get_sensor_position)
    gpio_get                                 0x080037b1   Thumb Code    30  ml_gpio.o(i.gpio_get)
    gpio_init                                0x080037d5   Thumb Code   408  ml_gpio.o(i.gpio_init)
    gpio_set                                 0x08003979   Thumb Code    60  ml_gpio.o(i.gpio_set)
    gray_init                                0x080039b9   Thumb Code    84  gray_track.o(i.gray_init)
    indicator_init                           0x08003a0d   Thumb Code    44  motor.o(i.indicator_init)
    key1_pressed                             0x08003a39   Thumb Code    50  motor.o(i.key1_pressed)
    key2_pressed                             0x08003a6b   Thumb Code    50  motor.o(i.key2_pressed)
    key_init                                 0x08003a9d   Thumb Code    52  motor.o(i.key_init)
    ldexp                                    0x08003ad9   Thumb Code   116  ldexp.o(i.ldexp)
    led_off                                  0x08003b4d   Thumb Code    14  motor.o(i.led_off)
    led_on                                   0x08003b5b   Thumb Code    14  motor.o(i.led_on)
    main                                     0x08003b69   Thumb Code   878  main.o(i.main)
    motorA_duty                              0x08003f8d   Thumb Code    50  motor.o(i.motorA_duty)
    motorB_duty                              0x08003fc5   Thumb Code    50  motor.o(i.motorB_duty)
    motor_init                               0x08003ffd   Thumb Code    68  motor.o(i.motor_init)
    motor_target_set                         0x08004041   Thumb Code   144  pid.o(i.motor_target_set)
    pid_cal                                  0x080040e5   Thumb Code   194  pid.o(i.pid_cal)
    pid_control                              0x080041a9   Thumb Code   218  pid.o(i.pid_control)
    pid_init                                 0x080042a9   Thumb Code    14  pid.o(i.pid_init)
    pidout_limit                             0x080042b9   Thumb Code    34  pid.o(i.pidout_limit)
    pwm_init                                 0x080042e1   Thumb Code   354  ml_pwm.o(i.pwm_init)
    pwm_pin_init                             0x08004451   Thumb Code   172  ml_pwm.o(i.pwm_pin_init)
    pwm_update                               0x080044fd   Thumb Code   266  ml_pwm.o(i.pwm_update)
    tim_interrupt_ms_init                    0x080046b9   Thumb Code   104  ml_tim.o(i.tim_interrupt_ms_init)
    track                                    0x08004729   Thumb Code   126  gray_track.o(i.track)
    track_with_speed                         0x080047b5   Thumb Code   126  gray_track.o(i.track_with_speed)
    tuner_bridge_process_cmd                 0x08004841   Thumb Code   470  tuner_bridge.o(i.tuner_bridge_process_cmd)
    tuner_bridge_send_csv                    0x08004b01   Thumb Code   204  tuner_bridge.o(i.tuner_bridge_send_csv)
    uart_baud_config                         0x08004c05   Thumb Code   142  ml_uart.o(i.uart_baud_config)
    uart_init                                0x08004ca5   Thumb Code    92  ml_uart.o(i.uart_init)
    uart_pin_init                            0x08004d09   Thumb Code    86  ml_uart.o(i.uart_pin_init)
    uart_sendbyte                            0x08004d61   Thumb Code    28  ml_uart.o(i.uart_sendbyte)
    uart_sendstr                             0x08004d81   Thumb Code    26  ml_uart.o(i.uart_sendstr)
    _get_lc_numeric                          0x08004d9d   Thumb Code    44  lc_numeric_c.o(locale$$code)
    _get_lc_ctype                            0x08004dc9   Thumb Code    44  lc_ctype_c.o(locale$$code)
    __aeabi_d2f                              0x08004df5   Thumb Code     0  d2f.o(x$fpl$d2f)
    _d2f                                     0x08004df5   Thumb Code    98  d2f.o(x$fpl$d2f)
    __aeabi_dadd                             0x08004e59   Thumb Code     0  daddsub_clz.o(x$fpl$dadd)
    _dadd                                    0x08004e59   Thumb Code   332  daddsub_clz.o(x$fpl$dadd)
    __fpl_dcheck_NaN1                        0x08004fa9   Thumb Code    10  dcheck1.o(x$fpl$dcheck1)
    __fpl_dcmp_Inf                           0x08004fb9   Thumb Code    24  dcmpi.o(x$fpl$dcmpinf)
    __aeabi_ddiv                             0x08004fd1   Thumb Code     0  ddiv.o(x$fpl$ddiv)
    _ddiv                                    0x08004fd1   Thumb Code   552  ddiv.o(x$fpl$ddiv)
    __aeabi_cdcmpeq                          0x08005281   Thumb Code     0  deqf.o(x$fpl$deqf)
    _dcmpeq                                  0x08005281   Thumb Code   120  deqf.o(x$fpl$deqf)
    __aeabi_i2d                              0x080052f9   Thumb Code     0  dflt_clz.o(x$fpl$dflt)
    _dflt                                    0x080052f9   Thumb Code    46  dflt_clz.o(x$fpl$dflt)
    __aeabi_ui2d                             0x08005327   Thumb Code     0  dflt_clz.o(x$fpl$dfltu)
    _dfltu                                   0x08005327   Thumb Code    38  dflt_clz.o(x$fpl$dfltu)
    __aeabi_cdcmple                          0x0800534d   Thumb Code     0  dleqf.o(x$fpl$dleqf)
    _dcmple                                  0x0800534d   Thumb Code   120  dleqf.o(x$fpl$dleqf)
    __fpl_dcmple_InfNaN                      0x080053af   Thumb Code     0  dleqf.o(x$fpl$dleqf)
    __aeabi_dmul                             0x080053c5   Thumb Code     0  dmul.o(x$fpl$dmul)
    _dmul                                    0x080053c5   Thumb Code   332  dmul.o(x$fpl$dmul)
    __fpl_dnaninf                            0x08005519   Thumb Code   156  dnaninf.o(x$fpl$dnaninf)
    __fpl_dretinf                            0x080055b5   Thumb Code    12  dretinf.o(x$fpl$dretinf)
    __aeabi_cdrcmple                         0x080055c1   Thumb Code     0  drleqf.o(x$fpl$drleqf)
    _drcmple                                 0x080055c1   Thumb Code   108  drleqf.o(x$fpl$drleqf)
    __aeabi_drsub                            0x0800562d   Thumb Code     0  daddsub_clz.o(x$fpl$drsb)
    _drsb                                    0x0800562d   Thumb Code    22  daddsub_clz.o(x$fpl$drsb)
    __aeabi_dsub                             0x08005645   Thumb Code     0  daddsub_clz.o(x$fpl$dsub)
    _dsub                                    0x08005645   Thumb Code   464  daddsub_clz.o(x$fpl$dsub)
    __aeabi_f2d                              0x08005819   Thumb Code     0  f2d.o(x$fpl$f2d)
    _f2d                                     0x08005819   Thumb Code    86  f2d.o(x$fpl$f2d)
    __aeabi_fadd                             0x08005871   Thumb Code     0  faddsub_clz.o(x$fpl$fadd)
    _fadd                                    0x08005871   Thumb Code   196  faddsub_clz.o(x$fpl$fadd)
    __fpl_fcmp_Inf                           0x08005935   Thumb Code    24  fcmpi.o(x$fpl$fcmpinf)
    __aeabi_fdiv                             0x0800594d   Thumb Code     0  fdiv.o(x$fpl$fdiv)
    _fdiv                                    0x0800594d   Thumb Code   384  fdiv.o(x$fpl$fdiv)
    __aeabi_f2iz                             0x08005ad1   Thumb Code     0  ffix.o(x$fpl$ffix)
    _ffix                                    0x08005ad1   Thumb Code    54  ffix.o(x$fpl$ffix)
    __aeabi_f2uiz                            0x08005b09   Thumb Code     0  ffixu.o(x$fpl$ffixu)
    _ffixu                                   0x08005b09   Thumb Code    62  ffixu.o(x$fpl$ffixu)
    __aeabi_i2f                              0x08005b49   Thumb Code     0  fflt_clz.o(x$fpl$fflt)
    _fflt                                    0x08005b49   Thumb Code    48  fflt_clz.o(x$fpl$fflt)
    __aeabi_ui2f                             0x08005b79   Thumb Code     0  fflt_clz.o(x$fpl$ffltu)
    _ffltu                                   0x08005b79   Thumb Code    38  fflt_clz.o(x$fpl$ffltu)
    __aeabi_cfcmple                          0x08005ba1   Thumb Code     0  fleqf.o(x$fpl$fleqf)
    _fcmple                                  0x08005ba1   Thumb Code   104  fleqf.o(x$fpl$fleqf)
    __fpl_fcmple_InfNaN                      0x08005bf3   Thumb Code     0  fleqf.o(x$fpl$fleqf)
    __aeabi_fmul                             0x08005c09   Thumb Code     0  fmul.o(x$fpl$fmul)
    _fmul                                    0x08005c09   Thumb Code   258  fmul.o(x$fpl$fmul)
    __fpl_fnaninf                            0x08005d0b   Thumb Code   140  fnaninf.o(x$fpl$fnaninf)
    __fpl_fretinf                            0x08005d97   Thumb Code    10  fretinf.o(x$fpl$fretinf)
    __aeabi_cfrcmple                         0x08005da1   Thumb Code     0  frleqf.o(x$fpl$frleqf)
    _frcmple                                 0x08005da1   Thumb Code    98  frleqf.o(x$fpl$frleqf)
    __aeabi_frsub                            0x08005e03   Thumb Code     0  faddsub_clz.o(x$fpl$frsb)
    _frsb                                    0x08005e03   Thumb Code    20  faddsub_clz.o(x$fpl$frsb)
    __aeabi_fsub                             0x08005e19   Thumb Code     0  faddsub_clz.o(x$fpl$fsub)
    _fsub                                    0x08005e19   Thumb Code   234  faddsub_clz.o(x$fpl$fsub)
    __ieee_status                            0x08005f03   Thumb Code     6  istatus.o(x$fpl$ieeestatus)
    _printf_fp_dec                           0x08005f09   Thumb Code     4  printf1.o(x$fpl$printf1)
    __fpl_return_NaN                         0x08005f0d   Thumb Code   100  retnan.o(x$fpl$retnan)
    __ARM_scalbn                             0x08005f71   Thumb Code    92  scalbn.o(x$fpl$scalbn)
    _scanf_real                              0x08005fcd   Thumb Code     4  scanf1.o(x$fpl$scanf1)
    _scanf_hex_real                          0x08005fd1   Thumb Code     4  scanf2.o(x$fpl$scanf2)
    _scanf_infnan                            0x08005fd5   Thumb Code     4  scanf2.o(x$fpl$scanf2)
    __fpl_cmpreturn                          0x08005fd9   Thumb Code    48  trapv.o(x$fpl$trapveneer)
    __I$use$fp                               0x08006008   Number         0  usenofp.o(x$fpl$usenofp)
    OLED_F8x16                               0x08006028   Data        1520  ml_oled.o(.constdata)
    __mathlib_zero                           0x080066b0   Data           8  qnan.o(.constdata)
    Region$$Table$$Base                      0x0800674c   Number         0  anon$$obj.o(Region$$Table)
    Region$$Table$$Limit                     0x0800676c   Number         0  anon$$obj.o(Region$$Table)
    __aeabi_HUGE_VAL                         0x0800676c   Data           0  fpconst.o(c$$dinf)
    __aeabi_HUGE_VALL                        0x0800676c   Data           0  fpconst.o(c$$dinf)
    __aeabi_INFINITY                         0x0800676c   Data           0  fpconst.o(c$$dinf)
    __dInf                                   0x0800676c   Data           0  fpconst.o(c$$dinf)
    __huge_val                               0x0800676c   Data           0  fpconst.o(c$$dinf)
    __dbl_max                                0x08006774   Data           0  fpconst.o(c$$dmax)
    __ctype                                  0x080067a5   Data           0  lc_ctype_c.o(locale$$data)
    motorA_dir                               0x20000008   Data           1  motor.o(.data)
    motorB_dir                               0x20000009   Data           1  motor.o(.data)
    Encoder_count1                           0x2000000c   Data           4  motor.o(.data)
    Encoder_count2                           0x20000010   Data           4  motor.o(.data)
    speed_now                                0x20000014   Data           4  motor.o(.data)
    total_distance                           0x20000018   Data           4  pid.o(.data)
    system_tick                              0x2000001c   Data           4  pid.o(.data)
    KF_Yaw                                   0x2000002c   Data          48  filter.o(.data)
    KF_Roll                                  0x2000005c   Data          48  filter.o(.data)
    KF_Pitch                                 0x2000008c   Data          48  filter.o(.data)
    tuner_cmd_ready                          0x200000bc   Data           1  tuner_bridge.o(.data)
    gpio_index                               0x200000c4   Data          12  ml_gpio.o(.data)
    tim_index                                0x200000d0   Data          12  ml_tim.o(.data)
    uart_index                               0x200000dc   Data          12  ml_uart.o(.data)
    __stdout                                 0x200000e8   Data           4  ml_uart.o(.data)
    ax                                       0x200000ec   Data           2  ml_mpu6050.o(.data)
    ay                                       0x200000ee   Data           2  ml_mpu6050.o(.data)
    az                                       0x200000f0   Data           2  ml_mpu6050.o(.data)
    gx                                       0x200000f2   Data           2  ml_mpu6050.o(.data)
    gy                                       0x200000f4   Data           2  ml_mpu6050.o(.data)
    gz                                       0x200000f6   Data           2  ml_mpu6050.o(.data)
    roll_gyro                                0x200000f8   Data           4  ml_mpu6050.o(.data)
    pitch_gyro                               0x200000fc   Data           4  ml_mpu6050.o(.data)
    yaw_gyro                                 0x20000100   Data           4  ml_mpu6050.o(.data)
    roll_acc                                 0x20000104   Data           4  ml_mpu6050.o(.data)
    pitch_acc                                0x20000108   Data           4  ml_mpu6050.o(.data)
    yaw_acc                                  0x2000010c   Data           4  ml_mpu6050.o(.data)
    roll_Kalman                              0x20000110   Data           4  ml_mpu6050.o(.data)
    pitch_Kalman                             0x20000114   Data           4  ml_mpu6050.o(.data)
    yaw_Kalman                               0x20000118   Data           4  ml_mpu6050.o(.data)
    hmc_x                                    0x2000011c   Data           2  ml_hmc5883l.o(.data)
    hmc_y                                    0x2000011e   Data           2  ml_hmc5883l.o(.data)
    hmc_z                                    0x20000120   Data           2  ml_hmc5883l.o(.data)
    yaw_hmc                                  0x20000124   Data           4  ml_hmc5883l.o(.data)
    motorA                                   0x20000128   Data          52  pid.o(.bss)
    motorB                                   0x2000015c   Data          52  pid.o(.bss)
    angle                                    0x20000190   Data          52  pid.o(.bss)
    tuner_cmd_buf                            0x200001c4   Data          80  tuner_bridge.o(.bss)
    __libspace_start                         0x20000214   Data          96  libspace.o(.bss)
    __temporary_stack_top$libspace           0x20000274   Data           0  libspace.o(.bss)



==============================================================================

Memory Map of the image

  Image Entry point : 0x080000ed

  Load Region LR_IROM1 (Base: 0x08000000, Size: 0x000069d0, Max: 0x00010000, ABSOLUTE)

    Execution Region ER_IROM1 (Exec base: 0x08000000, Load base: 0x08000000, Size: 0x000068a8, Max: 0x00010000, ABSOLUTE)

    Exec Addr    Load Addr    Size         Type   Attr      Idx    E Section Name        Object

    0x08000000   0x08000000   0x000000ec   Data   RO          444    RESET               startup_stm32f10x_md.o
    0x080000ec   0x080000ec   0x00000008   Code   RO          996  * !!!main             c_w.l(__main.o)
    0x080000f4   0x080000f4   0x00000034   Code   RO         1415    !!!scatter          c_w.l(__scatter.o)
    0x08000128   0x08000128   0x0000001a   Code   RO         1417    !!handler_copy      c_w.l(__scatter_copy.o)
    0x08000142   0x08000142   0x00000002   PAD
    0x08000144   0x08000144   0x0000001c   Code   RO         1419    !!handler_zi        c_w.l(__scatter_zi.o)
    0x08000160   0x08000160   0x00000000   Code   RO          989    .ARM.Collect$$_printf_percent$$00000000  c_w.l(_printf_percent.o)
    0x08000160   0x08000160   0x00000006   Code   RO          988    .ARM.Collect$$_printf_percent$$00000003  c_w.l(_printf_f.o)
    0x08000166   0x08000166   0x00000006   Code   RO          987    .ARM.Collect$$_printf_percent$$0000000A  c_w.l(_printf_u.o)
    0x0800016c   0x0800016c   0x00000004   Code   RO         1099    .ARM.Collect$$_printf_percent$$00000017  c_w.l(_printf_percent_end.o)
    0x08000170   0x08000170   0x00000002   Code   RO         1241    .ARM.Collect$$libinit$$00000000  c_w.l(libinit.o)
    0x08000172   0x08000172   0x00000000   Code   RO         1243    .ARM.Collect$$libinit$$00000002  c_w.l(libinit2.o)
    0x08000172   0x08000172   0x00000000   Code   RO         1245    .ARM.Collect$$libinit$$00000004  c_w.l(libinit2.o)
    0x08000172   0x08000172   0x00000000   Code   RO         1248    .ARM.Collect$$libinit$$0000000A  c_w.l(libinit2.o)
    0x08000172   0x08000172   0x00000000   Code   RO         1250    .ARM.Collect$$libinit$$0000000C  c_w.l(libinit2.o)
    0x08000172   0x08000172   0x00000000   Code   RO         1252    .ARM.Collect$$libinit$$0000000E  c_w.l(libinit2.o)
    0x08000172   0x08000172   0x00000006   Code   RO         1253    .ARM.Collect$$libinit$$0000000F  c_w.l(libinit2.o)
    0x08000178   0x08000178   0x00000000   Code   RO         1255    .ARM.Collect$$libinit$$00000011  c_w.l(libinit2.o)
    0x08000178   0x08000178   0x0000000c   Code   RO         1256    .ARM.Collect$$libinit$$00000012  c_w.l(libinit2.o)
    0x08000184   0x08000184   0x00000000   Code   RO         1257    .ARM.Collect$$libinit$$00000013  c_w.l(libinit2.o)
    0x08000184   0x08000184   0x00000000   Code   RO         1259    .ARM.Collect$$libinit$$00000015  c_w.l(libinit2.o)
    0x08000184   0x08000184   0x0000000a   Code   RO         1260    .ARM.Collect$$libinit$$00000016  c_w.l(libinit2.o)
    0x0800018e   0x0800018e   0x00000000   Code   RO         1261    .ARM.Collect$$libinit$$00000017  c_w.l(libinit2.o)
    0x0800018e   0x0800018e   0x00000000   Code   RO         1263    .ARM.Collect$$libinit$$00000019  c_w.l(libinit2.o)
    0x0800018e   0x0800018e   0x00000000   Code   RO         1265    .ARM.Collect$$libinit$$0000001B  c_w.l(libinit2.o)
    0x0800018e   0x0800018e   0x00000000   Code   RO         1267    .ARM.Collect$$libinit$$0000001D  c_w.l(libinit2.o)
    0x0800018e   0x0800018e   0x00000000   Code   RO         1269    .ARM.Collect$$libinit$$0000001F  c_w.l(libinit2.o)
    0x0800018e   0x0800018e   0x00000000   Code   RO         1271    .ARM.Collect$$libinit$$00000021  c_w.l(libinit2.o)
    0x0800018e   0x0800018e   0x00000000   Code   RO         1273    .ARM.Collect$$libinit$$00000023  c_w.l(libinit2.o)
    0x0800018e   0x0800018e   0x00000000   Code   RO         1275    .ARM.Collect$$libinit$$00000025  c_w.l(libinit2.o)
    0x0800018e   0x0800018e   0x00000000   Code   RO         1279    .ARM.Collect$$libinit$$0000002C  c_w.l(libinit2.o)
    0x0800018e   0x0800018e   0x00000000   Code   RO         1281    .ARM.Collect$$libinit$$0000002E  c_w.l(libinit2.o)
    0x0800018e   0x0800018e   0x00000000   Code   RO         1283    .ARM.Collect$$libinit$$00000030  c_w.l(libinit2.o)
    0x0800018e   0x0800018e   0x00000000   Code   RO         1285    .ARM.Collect$$libinit$$00000032  c_w.l(libinit2.o)
    0x0800018e   0x0800018e   0x00000002   Code   RO         1286    .ARM.Collect$$libinit$$00000033  c_w.l(libinit2.o)
    0x08000190   0x08000190   0x00000002   Code   RO         1353    .ARM.Collect$$libshutdown$$00000000  c_w.l(libshutdown.o)
    0x08000192   0x08000192   0x00000000   Code   RO         1374    .ARM.Collect$$libshutdown$$00000002  c_w.l(libshutdown2.o)
    0x08000192   0x08000192   0x00000000   Code   RO         1376    .ARM.Collect$$libshutdown$$00000004  c_w.l(libshutdown2.o)
    0x08000192   0x08000192   0x00000000   Code   RO         1379    .ARM.Collect$$libshutdown$$00000007  c_w.l(libshutdown2.o)
    0x08000192   0x08000192   0x00000000   Code   RO         1382    .ARM.Collect$$libshutdown$$0000000A  c_w.l(libshutdown2.o)
    0x08000192   0x08000192   0x00000000   Code   RO         1384    .ARM.Collect$$libshutdown$$0000000C  c_w.l(libshutdown2.o)
    0x08000192   0x08000192   0x00000000   Code   RO         1387    .ARM.Collect$$libshutdown$$0000000F  c_w.l(libshutdown2.o)
    0x08000192   0x08000192   0x00000002   Code   RO         1388    .ARM.Collect$$libshutdown$$00000010  c_w.l(libshutdown2.o)
    0x08000194   0x08000194   0x00000000   Code   RO         1090    .ARM.Collect$$rtentry$$00000000  c_w.l(__rtentry.o)
    0x08000194   0x08000194   0x00000000   Code   RO         1145    .ARM.Collect$$rtentry$$00000002  c_w.l(__rtentry2.o)
    0x08000194   0x08000194   0x00000006   Code   RO         1157    .ARM.Collect$$rtentry$$00000004  c_w.l(__rtentry4.o)
    0x0800019a   0x0800019a   0x00000000   Code   RO         1147    .ARM.Collect$$rtentry$$00000009  c_w.l(__rtentry2.o)
    0x0800019a   0x0800019a   0x00000004   Code   RO         1148    .ARM.Collect$$rtentry$$0000000A  c_w.l(__rtentry2.o)
    0x0800019e   0x0800019e   0x00000000   Code   RO         1150    .ARM.Collect$$rtentry$$0000000C  c_w.l(__rtentry2.o)
    0x0800019e   0x0800019e   0x00000008   Code   RO         1151    .ARM.Collect$$rtentry$$0000000D  c_w.l(__rtentry2.o)
    0x080001a6   0x080001a6   0x00000002   Code   RO         1291    .ARM.Collect$$rtexit$$00000000  c_w.l(rtexit.o)
    0x080001a8   0x080001a8   0x00000000   Code   RO         1319    .ARM.Collect$$rtexit$$00000002  c_w.l(rtexit2.o)
    0x080001a8   0x080001a8   0x00000004   Code   RO         1320    .ARM.Collect$$rtexit$$00000003  c_w.l(rtexit2.o)
    0x080001ac   0x080001ac   0x00000006   Code   RO         1321    .ARM.Collect$$rtexit$$00000004  c_w.l(rtexit2.o)
    0x080001b2   0x080001b2   0x00000002   PAD
    0x080001b4   0x080001b4   0x00000040   Code   RO          445    .text               startup_stm32f10x_md.o
    0x080001f4   0x080001f4   0x00000002   Code   RO          957    .text               c_w.l(use_no_semi_2.o)
    0x080001f6   0x080001f6   0x00000002   PAD
    0x080001f8   0x080001f8   0x00000018   Code   RO          961    .text               c_w.l(noretval__2printf.o)
    0x08000210   0x08000210   0x00000078   Code   RO          965    .text               c_w.l(_printf_dec.o)
    0x08000288   0x08000288   0x00000160   Code   RO          982    .text               c_w.l(__printf_ss_wp.o)
    0x080003e8   0x080003e8   0x00000024   Code   RO          990    .text               c_w.l(strstr.o)
    0x0800040c   0x0800040c   0x00000096   Code   RO          992    .text               c_w.l(strncmp.o)
    0x080004a2   0x080004a2   0x00000006   Code   RO          994    .text               c_w.l(heapauxi.o)
    0x080004a8   0x080004a8   0x00000002   Code   RO         1088    .text               c_w.l(use_no_semi.o)
    0x080004aa   0x080004aa   0x00000016   Code   RO         1091    .text               c_w.l(_rserrno.o)
    0x080004c0   0x080004c0   0x000000b2   Code   RO         1093    .text               c_w.l(_printf_intcommon.o)
    0x08000572   0x08000572   0x0000041e   Code   RO         1095    .text               c_w.l(_printf_fp_dec.o)
    0x08000990   0x08000990   0x00000024   Code   RO         1097    .text               c_w.l(_printf_char_file.o)
    0x080009b4   0x080009b4   0x000000a4   Code   RO         1100    .text               c_w.l(strtod.o)
    0x08000a58   0x08000a58   0x00000008   Code   RO         1162    .text               c_w.l(rt_locale_intlibspace.o)
    0x08000a60   0x08000a60   0x00000008   Code   RO         1167    .text               c_w.l(rt_errno_addr_intlibspace.o)
    0x08000a68   0x08000a68   0x0000008a   Code   RO         1169    .text               c_w.l(lludiv10.o)
    0x08000af2   0x08000af2   0x00000012   Code   RO         1171    .text               c_w.l(isspace.o)
    0x08000b04   0x08000b04   0x00000030   Code   RO         1173    .text               c_w.l(_printf_char_common.o)
    0x08000b34   0x08000b34   0x00000080   Code   RO         1175    .text               c_w.l(_printf_fp_infnan.o)
    0x08000bb4   0x08000bb4   0x00000040   Code   RO         1177    .text               c_w.l(_sgetc.o)
    0x08000bf4   0x08000bf4   0x000000e4   Code   RO         1179    .text               c_w.l(bigflt0.o)
    0x08000cd8   0x08000cd8   0x00000008   Code   RO         1204    .text               c_w.l(ferror.o)
    0x08000ce0   0x08000ce0   0x00000008   Code   RO         1221    .text               c_w.l(libspace.o)
    0x08000ce8   0x08000ce8   0x0000004a   Code   RO         1224    .text               c_w.l(sys_stackheap_outer.o)
    0x08000d32   0x08000d32   0x00000002   PAD
    0x08000d34   0x08000d34   0x00000010   Code   RO         1226    .text               c_w.l(rt_ctype_table.o)
    0x08000d44   0x08000d44   0x000004f8   Code   RO         1230    .text               c_w.l(scanf_fp.o)
    0x0800123c   0x0800123c   0x00000012   Code   RO         1232    .text               c_w.l(exit.o)
    0x0800124e   0x0800124e   0x00000002   PAD
    0x08001250   0x08001250   0x00000080   Code   RO         1234    .text               c_w.l(strcmpv7m.o)
    0x080012d0   0x080012d0   0x00000320   Code   RO         1325    .text               c_w.l(scanf_hexfp.o)
    0x080015f0   0x080015f0   0x00000134   Code   RO         1327    .text               c_w.l(scanf_infnan.o)
    0x08001724   0x08001724   0x00000026   Code   RO         1343    .text               c_w.l(llshl.o)
    0x0800174a   0x0800174a   0x0000001c   Code   RO         1345    .text               c_w.l(_chval.o)
    0x08001766   0x08001766   0x0000003e   Code   RO         1182    CL$$btod_d2e        c_w.l(btod.o)
    0x080017a4   0x080017a4   0x00000046   Code   RO         1184    CL$$btod_d2e_denorm_low  c_w.l(btod.o)
    0x080017ea   0x080017ea   0x00000060   Code   RO         1183    CL$$btod_d2e_norm_op1  c_w.l(btod.o)
    0x0800184a   0x0800184a   0x00000338   Code   RO         1192    CL$$btod_div_common  c_w.l(btod.o)
    0x08001b82   0x08001b82   0x00000002   PAD
    0x08001b84   0x08001b84   0x00000084   Code   RO         1190    CL$$btod_e2d        c_w.l(btod.o)
    0x08001c08   0x08001c08   0x000000dc   Code   RO         1189    CL$$btod_e2e        c_w.l(btod.o)
    0x08001ce4   0x08001ce4   0x0000002a   Code   RO         1186    CL$$btod_ediv       c_w.l(btod.o)
    0x08001d0e   0x08001d0e   0x0000002a   Code   RO         1188    CL$$btod_edivd      c_w.l(btod.o)
    0x08001d38   0x08001d38   0x0000002a   Code   RO         1185    CL$$btod_emul       c_w.l(btod.o)
    0x08001d62   0x08001d62   0x0000002a   Code   RO         1187    CL$$btod_emuld      c_w.l(btod.o)
    0x08001d8c   0x08001d8c   0x00000244   Code   RO         1191    CL$$btod_mult_common  c_w.l(btod.o)
    0x08001fd0   0x08001fd0   0x00000018   Code   RO          108    i.EXTI0_IRQHandler  isr.o
    0x08001fe8   0x08001fe8   0x00000018   Code   RO          109    i.EXTI1_IRQHandler  isr.o
    0x08002000   0x08002000   0x0000003c   Code   RO          110    i.EXTI2_IRQHandler  isr.o
    0x0800203c   0x0800203c   0x00000018   Code   RO          111    i.EXTI3_IRQHandler  isr.o
    0x08002054   0x08002054   0x0000003c   Code   RO          112    i.EXTI4_IRQHandler  isr.o
    0x08002090   0x08002090   0x00000348   Code   RO          113    i.EXTI9_5_IRQHandler  isr.o
    0x080023d8   0x080023d8   0x00000060   Code   RO          919    i.HMC5883L_GetData  ml_hmc5883l.o
    0x08002438   0x08002438   0x00000040   Code   RO          921    i.HMC5883L_Read     ml_hmc5883l.o
    0x08002478   0x08002478   0x00000022   Code   RO          746    i.I2C_NotSendAck    ml_i2c.o
    0x0800249a   0x0800249a   0x00000040   Code   RO          747    i.I2C_ReceiveByte   ml_i2c.o
    0x080024da   0x080024da   0x00000042   Code   RO          749    i.I2C_SendByte      ml_i2c.o
    0x0800251c   0x0800251c   0x0000002c   Code   RO          750    i.I2C_Start         ml_i2c.o
    0x08002548   0x08002548   0x00000022   Code   RO          751    i.I2C_Stop          ml_i2c.o
    0x0800256a   0x0800256a   0x00000030   Code   RO          752    i.I2C_WaitAck       ml_i2c.o
    0x0800259a   0x0800259a   0x00000140   Code   RO          359    i.Kalman_Filter     filter.o
    0x080026da   0x080026da   0x00000002   PAD
    0x080026dc   0x080026dc   0x000000b8   Code   RO          709    i.MPU6050_GetData   ml_mpu6050.o
    0x08002794   0x08002794   0x00000040   Code   RO          711    i.MPU6050_Read      ml_mpu6050.o
    0x080027d4   0x080027d4   0x00000028   Code   RO          543    i.NVIC_Group_Config  ml_nvic.o
    0x080027fc   0x080027fc   0x0000004c   Code   RO          544    i.NVIC_init         ml_nvic.o
    0x08002848   0x08002848   0x0000002a   Code   RO          799    i.OLED_Clear        ml_oled.o
    0x08002872   0x08002872   0x0000002c   Code   RO          801    i.OLED_I2C_Init     ml_oled.o
    0x0800289e   0x0800289e   0x0000004a   Code   RO          802    i.OLED_I2C_SendByte  ml_oled.o
    0x080028e8   0x080028e8   0x0000002c   Code   RO          803    i.OLED_I2C_Start    ml_oled.o
    0x08002914   0x08002914   0x00000022   Code   RO          804    i.OLED_I2C_Stop     ml_oled.o
    0x08002936   0x08002936   0x000000ae   Code   RO          805    i.OLED_Init         ml_oled.o
    0x080029e4   0x080029e4   0x00000014   Code   RO          806    i.OLED_Pow          ml_oled.o
    0x080029f8   0x080029f8   0x00000022   Code   RO          807    i.OLED_SetCursor    ml_oled.o
    0x08002a1a   0x08002a1a   0x00000002   PAD
    0x08002a1c   0x08002a1c   0x00000074   Code   RO          809    i.OLED_ShowChar     ml_oled.o
    0x08002a90   0x08002a90   0x00000044   Code   RO          812    i.OLED_ShowNum      ml_oled.o
    0x08002ad4   0x08002ad4   0x00000028   Code   RO          814    i.OLED_ShowString   ml_oled.o
    0x08002afc   0x08002afc   0x00000020   Code   RO          815    i.OLED_WriteCommand  ml_oled.o
    0x08002b1c   0x08002b1c   0x00000020   Code   RO          816    i.OLED_WriteData    ml_oled.o
    0x08002b3c   0x08002b3c   0x00000008   Code   RO          408    i.SetSysClock       system_stm32f10x.o
    0x08002b44   0x08002b44   0x000000e0   Code   RO          409    i.SetSysClockTo72   system_stm32f10x.o
    0x08002c24   0x08002c24   0x00000060   Code   RO          411    i.SystemInit        system_stm32f10x.o
    0x08002c84   0x08002c84   0x0000001e   Code   RO          114    i.TIM2_IRQHandler   isr.o
    0x08002ca2   0x08002ca2   0x00000002   PAD
    0x08002ca4   0x08002ca4   0x00000024   Code   RO          115    i.TIM3_IRQHandler   isr.o
    0x08002cc8   0x08002cc8   0x0000001c   Code   RO          116    i.TIM4_IRQHandler   isr.o
    0x08002ce4   0x08002ce4   0x00000074   Code   RO          117    i.USART1_IRQHandler  isr.o
    0x08002d58   0x08002d58   0x0000001c   Code   RO          118    i.USART2_IRQHandler  isr.o
    0x08002d74   0x08002d74   0x0000001c   Code   RO          119    i.USART3_IRQHandler  isr.o
    0x08002d90   0x08002d90   0x00000028   Code   RO         1131    i.__ARM_fpclassify  m_ws.l(fpclassify.o)
    0x08002db8   0x08002db8   0x000000aa   Code   RO         1133    i.__kernel_poly     m_ws.l(poly.o)
    0x08002e62   0x08002e62   0x00000006   Code   RO         1118    i.__mathlib_dbl_infnan  m_ws.l(dunder.o)
    0x08002e68   0x08002e68   0x00000004   Code   RO         1119    i.__mathlib_dbl_infnan2  m_ws.l(dunder.o)
    0x08002e6c   0x08002e6c   0x0000000e   Code   RO         1121    i.__mathlib_dbl_overflow  m_ws.l(dunder.o)
    0x08002e7a   0x08002e7a   0x00000002   PAD
    0x08002e7c   0x08002e7c   0x00000010   Code   RO         1123    i.__mathlib_dbl_underflow  m_ws.l(dunder.o)
    0x08002e8c   0x08002e8c   0x00000010   Code   RO         1312    i.__mathlib_narrow  m_ws.l(narrow.o)
    0x08002e9c   0x08002e9c   0x000000bc   Code   RO         1313    i.__mathlib_tofloat  m_ws.l(narrow.o)
    0x08002f58   0x08002f58   0x00000016   Code   RO         1355    i.__support_ldexp   m_ws.l(ldexp.o)
    0x08002f6e   0x08002f6e   0x0000000e   Code   RO          977    i._is_digit         c_w.l(__printf_wp.o)
    0x08002f7c   0x08002f7c   0x00000004   Code   RO          603    i._sys_exit         ml_uart.o
    0x08002f80   0x08002f80   0x00000220   Code   RO         1057    i.atan              m_ws.l(atan.o)
    0x080031a0   0x080031a0   0x00000180   Code   RO         1067    i.atan2             m_ws.l(atan2.o)
    0x08003320   0x08003320   0x0000002a   Code   RO         1075    i.atof              m_ws.l(atof.o)
    0x0800334a   0x0800334a   0x0000000e   Code   RO          187    i.buzzer_off        motor.o
    0x08003358   0x08003358   0x0000000e   Code   RO          188    i.buzzer_on         motor.o
    0x08003366   0x08003366   0x00000018   Code   RO          519    i.delay_ms          ml_delay.o
    0x0800337e   0x0800337e   0x0000002e   Code   RO          521    i.delay_us          ml_delay.o
    0x080033ac   0x080033ac   0x000000be   Code   RO          320    i.digtal            gray_track.o
    0x0800346a   0x0800346a   0x0000002c   Code   RO          189    i.encoder_init      motor.o
    0x08003496   0x08003496   0x00000002   PAD
    0x08003498   0x08003498   0x0000010c   Code   RO          691    i.exti_init         ml_exti.o
    0x080035a4   0x080035a4   0x00000148   Code   RO          692    i.exti_pin_init     ml_exti.o
    0x080036ec   0x080036ec   0x0000001c   Code   RO          604    i.fputc             ml_uart.o
    0x08003708   0x08003708   0x00000058   Code   RO         1336    i.frexp             m_ws.l(frexp.o)
    0x08003760   0x08003760   0x00000050   Code   RO          321    i.get_sensor_position  gray_track.o
    0x080037b0   0x080037b0   0x00000024   Code   RO          450    i.gpio_get          ml_gpio.o
    0x080037d4   0x080037d4   0x000001a4   Code   RO          451    i.gpio_init         ml_gpio.o
    0x08003978   0x08003978   0x00000040   Code   RO          452    i.gpio_set          ml_gpio.o
    0x080039b8   0x080039b8   0x00000054   Code   RO          322    i.gray_init         gray_track.o
    0x08003a0c   0x08003a0c   0x0000002c   Code   RO          190    i.indicator_init    motor.o
    0x08003a38   0x08003a38   0x00000032   Code   RO          191    i.key1_pressed      motor.o
    0x08003a6a   0x08003a6a   0x00000032   Code   RO          192    i.key2_pressed      motor.o
    0x08003a9c   0x08003a9c   0x0000003c   Code   RO          193    i.key_init          motor.o
    0x08003ad8   0x08003ad8   0x00000074   Code   RO         1356    i.ldexp             m_ws.l(ldexp.o)
    0x08003b4c   0x08003b4c   0x0000000e   Code   RO          194    i.led_off           motor.o
    0x08003b5a   0x08003b5a   0x0000000e   Code   RO          195    i.led_on            motor.o
    0x08003b68   0x08003b68   0x00000424   Code   RO            1    i.main              main.o
    0x08003f8c   0x08003f8c   0x00000038   Code   RO          196    i.motorA_duty       motor.o
    0x08003fc4   0x08003fc4   0x00000038   Code   RO          197    i.motorB_duty       motor.o
    0x08003ffc   0x08003ffc   0x00000044   Code   RO          198    i.motor_init        motor.o
    0x08004040   0x08004040   0x000000a4   Code   RO          272    i.motor_target_set  pid.o
    0x080040e4   0x080040e4   0x000000c2   Code   RO          273    i.pid_cal           pid.o
    0x080041a6   0x080041a6   0x00000002   PAD
    0x080041a8   0x080041a8   0x00000100   Code   RO          274    i.pid_control       pid.o
    0x080042a8   0x080042a8   0x0000000e   Code   RO          275    i.pid_init          pid.o
    0x080042b6   0x080042b6   0x00000002   PAD
    0x080042b8   0x080042b8   0x00000028   Code   RO          276    i.pidout_limit      pid.o
    0x080042e0   0x080042e0   0x00000170   Code   RO          561    i.pwm_init          ml_pwm.o
    0x08004450   0x08004450   0x000000ac   Code   RO          562    i.pwm_pin_init      ml_pwm.o
    0x080044fc   0x080044fc   0x00000114   Code   RO          563    i.pwm_update        ml_pwm.o
    0x08004610   0x08004610   0x000000a8   Code   RO            2    i.signal_update     main.o
    0x080046b8   0x080046b8   0x00000070   Code   RO          585    i.tim_interrupt_ms_init  ml_tim.o
    0x08004728   0x08004728   0x0000008c   Code   RO          323    i.track             gray_track.o
    0x080047b4   0x080047b4   0x0000008c   Code   RO          324    i.track_with_speed  gray_track.o
    0x08004840   0x08004840   0x000002c0   Code   RO          383    i.tuner_bridge_process_cmd  tuner_bridge.o
    0x08004b00   0x08004b00   0x00000104   Code   RO          384    i.tuner_bridge_send_csv  tuner_bridge.o
    0x08004c04   0x08004c04   0x000000a0   Code   RO          605    i.uart_baud_config  ml_uart.o
    0x08004ca4   0x08004ca4   0x00000064   Code   RO          607    i.uart_init         ml_uart.o
    0x08004d08   0x08004d08   0x00000056   Code   RO          608    i.uart_pin_init     ml_uart.o
    0x08004d5e   0x08004d5e   0x00000002   PAD
    0x08004d60   0x08004d60   0x00000020   Code   RO          609    i.uart_sendbyte     ml_uart.o
    0x08004d80   0x08004d80   0x0000001a   Code   RO          610    i.uart_sendstr      ml_uart.o
    0x08004d9a   0x08004d9a   0x00000002   PAD
    0x08004d9c   0x08004d9c   0x0000002c   Code   RO         1209    locale$$code        c_w.l(lc_numeric_c.o)
    0x08004dc8   0x08004dc8   0x0000002c   Code   RO         1294    locale$$code        c_w.l(lc_ctype_c.o)
    0x08004df4   0x08004df4   0x00000062   Code   RO          998    x$fpl$d2f           fz_ws.l(d2f.o)
    0x08004e56   0x08004e56   0x00000002   PAD
    0x08004e58   0x08004e58   0x00000150   Code   RO         1000    x$fpl$dadd          fz_ws.l(daddsub_clz.o)
    0x08004fa8   0x08004fa8   0x00000010   Code   RO         1211    x$fpl$dcheck1       fz_ws.l(dcheck1.o)
    0x08004fb8   0x08004fb8   0x00000018   Code   RO         1287    x$fpl$dcmpinf       fz_ws.l(dcmpi.o)
    0x08004fd0   0x08004fd0   0x000002b0   Code   RO         1007    x$fpl$ddiv          fz_ws.l(ddiv.o)
    0x08005280   0x08005280   0x00000078   Code   RO         1333    x$fpl$deqf          fz_ws.l(deqf.o)
    0x080052f8   0x080052f8   0x0000002e   Code   RO         1015    x$fpl$dflt          fz_ws.l(dflt_clz.o)
    0x08005326   0x08005326   0x00000026   Code   RO         1014    x$fpl$dfltu         fz_ws.l(dflt_clz.o)
    0x0800534c   0x0800534c   0x00000078   Code   RO         1213    x$fpl$dleqf         fz_ws.l(dleqf.o)
    0x080053c4   0x080053c4   0x00000154   Code   RO         1020    x$fpl$dmul          fz_ws.l(dmul.o)
    0x08005518   0x08005518   0x0000009c   Code   RO         1102    x$fpl$dnaninf       fz_ws.l(dnaninf.o)
    0x080055b4   0x080055b4   0x0000000c   Code   RO         1104    x$fpl$dretinf       fz_ws.l(dretinf.o)
    0x080055c0   0x080055c0   0x0000006c   Code   RO         1106    x$fpl$drleqf        fz_ws.l(drleqf.o)
    0x0800562c   0x0800562c   0x00000016   Code   RO         1001    x$fpl$drsb          fz_ws.l(daddsub_clz.o)
    0x08005642   0x08005642   0x00000002   PAD
    0x08005644   0x08005644   0x000001d4   Code   RO         1002    x$fpl$dsub          fz_ws.l(daddsub_clz.o)
    0x08005818   0x08005818   0x00000056   Code   RO         1022    x$fpl$f2d           fz_ws.l(f2d.o)
    0x0800586e   0x0800586e   0x00000002   PAD
    0x08005870   0x08005870   0x000000c4   Code   RO         1024    x$fpl$fadd          fz_ws.l(faddsub_clz.o)
    0x08005934   0x08005934   0x00000018   Code   RO         1108    x$fpl$fcmpinf       fz_ws.l(fcmpi.o)
    0x0800594c   0x0800594c   0x00000184   Code   RO         1031    x$fpl$fdiv          fz_ws.l(fdiv.o)
    0x08005ad0   0x08005ad0   0x00000036   Code   RO         1034    x$fpl$ffix          fz_ws.l(ffix.o)
    0x08005b06   0x08005b06   0x00000002   PAD
    0x08005b08   0x08005b08   0x0000003e   Code   RO         1038    x$fpl$ffixu         fz_ws.l(ffixu.o)
    0x08005b46   0x08005b46   0x00000002   PAD
    0x08005b48   0x08005b48   0x00000030   Code   RO         1043    x$fpl$fflt          fz_ws.l(fflt_clz.o)
    0x08005b78   0x08005b78   0x00000026   Code   RO         1042    x$fpl$ffltu         fz_ws.l(fflt_clz.o)
    0x08005b9e   0x08005b9e   0x00000002   PAD
    0x08005ba0   0x08005ba0   0x00000068   Code   RO         1048    x$fpl$fleqf         fz_ws.l(fleqf.o)
    0x08005c08   0x08005c08   0x00000102   Code   RO         1050    x$fpl$fmul          fz_ws.l(fmul.o)
    0x08005d0a   0x08005d0a   0x0000008c   Code   RO         1110    x$fpl$fnaninf       fz_ws.l(fnaninf.o)
    0x08005d96   0x08005d96   0x0000000a   Code   RO         1112    x$fpl$fretinf       fz_ws.l(fretinf.o)
    0x08005da0   0x08005da0   0x00000062   Code   RO         1052    x$fpl$frleqf        fz_ws.l(frleqf.o)
    0x08005e02   0x08005e02   0x00000014   Code   RO         1025    x$fpl$frsb          fz_ws.l(faddsub_clz.o)
    0x08005e16   0x08005e16   0x00000002   PAD
    0x08005e18   0x08005e18   0x000000ea   Code   RO         1026    x$fpl$fsub          fz_ws.l(faddsub_clz.o)
    0x08005f02   0x08005f02   0x00000006   Code   RO         1217    x$fpl$ieeestatus    fz_ws.l(istatus.o)
    0x08005f08   0x08005f08   0x00000004   Code   RO         1054    x$fpl$printf1       fz_ws.l(printf1.o)
    0x08005f0c   0x08005f0c   0x00000064   Code   RO         1289    x$fpl$retnan        fz_ws.l(retnan.o)
    0x08005f70   0x08005f70   0x0000005c   Code   RO         1114    x$fpl$scalbn        fz_ws.l(scalbn.o)
    0x08005fcc   0x08005fcc   0x00000004   Code   RO         1219    x$fpl$scanf1        fz_ws.l(scanf1.o)
    0x08005fd0   0x08005fd0   0x00000008   Code   RO         1304    x$fpl$scanf2        fz_ws.l(scanf2.o)
    0x08005fd8   0x08005fd8   0x00000030   Code   RO         1310    x$fpl$trapveneer    fz_ws.l(trapv.o)
    0x08006008   0x08006008   0x00000000   Code   RO         1116    x$fpl$usenofp       fz_ws.l(usenofp.o)
    0x08006008   0x08006008   0x00000020   Data   RO          325    .constdata          gray_track.o
    0x08006028   0x08006028   0x000005f0   Data   RO          817    .constdata          ml_oled.o
    0x08006618   0x08006618   0x00000098   Data   RO         1058    .constdata          m_ws.l(atan.o)
    0x080066b0   0x080066b0   0x00000008   Data   RO         1135    .constdata          m_ws.l(qnan.o)
    0x080066b8   0x080066b8   0x00000094   Data   RO         1180    .constdata          c_w.l(bigflt0.o)
    0x0800674c   0x0800674c   0x00000020   Data   RO         1413    Region$$Table       anon$$obj.o
    0x0800676c   0x0800676c   0x00000008   Data   RO         1298    c$$dinf             fz_ws.l(fpconst.o)
    0x08006774   0x08006774   0x00000008   Data   RO         1301    c$$dmax             fz_ws.l(fpconst.o)
    0x0800677c   0x0800677c   0x0000001c   Data   RO         1208    locale$$data        c_w.l(lc_numeric_c.o)
    0x08006798   0x08006798   0x00000110   Data   RO         1293    locale$$data        c_w.l(lc_ctype_c.o)


    Execution Region RW_IRAM1 (Exec base: 0x20000000, Load base: 0x080068a8, Size: 0x00000878, Max: 0x00005000, ABSOLUTE)

    Exec Addr    Load Addr    Size         Type   Attr      Idx    E Section Name        Object

    0x20000000   0x080068a8   0x00000004   Data   RW            3    .data               main.o
    0x20000004   0x080068ac   0x00000001   Data   RW          120    .data               isr.o
    0x20000005   0x080068ad   0x00000003   PAD
    0x20000008   0x080068b0   0x00000010   Data   RW          199    .data               motor.o
    0x20000018   0x080068c0   0x00000008   Data   RW          278    .data               pid.o
    0x20000020   0x080068c8   0x0000000c   Data   RW          326    .data               gray_track.o
    0x2000002c   0x080068d4   0x00000090   Data   RW          361    .data               filter.o
    0x200000bc   0x08006964   0x00000008   Data   RW          386    .data               tuner_bridge.o
    0x200000c4   0x0800696c   0x0000000c   Data   RW          453    .data               ml_gpio.o
    0x200000d0   0x08006978   0x0000000c   Data   RW          586    .data               ml_tim.o
    0x200000dc   0x08006984   0x00000010   Data   RW          611    .data               ml_uart.o
    0x200000ec   0x08006994   0x00000030   Data   RW          713    .data               ml_mpu6050.o
    0x2000011c   0x080069c4   0x0000000c   Data   RW          923    .data               ml_hmc5883l.o
    0x20000128        -       0x0000009c   Zero   RW          277    .bss                pid.o
    0x200001c4        -       0x00000050   Zero   RW          385    .bss                tuner_bridge.o
    0x20000214        -       0x00000060   Zero   RW         1222    .bss                c_w.l(libspace.o)
    0x20000274   0x080069d0   0x00000004   PAD
    0x20000278        -       0x00000200   Zero   RW          443    HEAP                startup_stm32f10x_md.o
    0x20000478        -       0x00000400   Zero   RW          442    STACK               startup_stm32f10x_md.o


==============================================================================

Image component sizes


      Code (inc. data)   RO Data    RW Data    ZI Data      Debug   Object Name

       320          0          0        144          0       1594   filter.o
       634         48         32         12          0       3242   gray_track.o
      1298        178          0          1          0       4882   isr.o
      1228        192          0          4          0     208127   main.o
        70          0          0          0          0        906   ml_delay.o
       596         38          0          0          0       1392   ml_exti.o
       520         22          0         12          0       4567   ml_gpio.o
       160         14          0         12          0       1359   ml_hmc5883l.o
       290          0          0          0          0       2835   ml_i2c.o
       248         24          0         48          0       1722   ml_mpu6050.o
       116         16          0          0          0       1052   ml_nvic.o
       754          6       1520          0          0       7329   ml_oled.o
       816         36          0          0          0       1899   ml_pwm.o
       112          8          0         12          0       1376   ml_tim.o
       436         34          0         16          0       5419   ml_uart.o
       484         20          0         16          0       5522   motor.o
       668         64          0          8        156       3710   pid.o
        64         26        236          0       1536        800   startup_stm32f10x_md.o
       328         28          0          0          0       1741   system_stm32f10x.o
       964        290          0          8         80       2323   tuner_bridge.o

    ----------------------------------------------------------------------
     10122       1044       1820        296       1772     261797   Object Totals
         0          0         32          0          0          0   (incl. Generated)
        16          0          0          3          0          0   (incl. Padding)

    ----------------------------------------------------------------------

      Code (inc. data)   RO Data    RW Data    ZI Data      Debug   Library Member Name

         8          0          0          0          0         68   __main.o
       352          0          0          0          0         88   __printf_ss_wp.o
        14          0          0          0          0         68   __printf_wp.o
         0          0          0          0          0          0   __rtentry.o
        12          0          0          0          0          0   __rtentry2.o
         6          0          0          0          0          0   __rtentry4.o
        52          8          0          0          0          0   __scatter.o
        26          0          0          0          0          0   __scatter_copy.o
        28          0          0          0          0          0   __scatter_zi.o
        28          0          0          0          0         68   _chval.o
        48          6          0          0          0         96   _printf_char_common.o
        36          4          0          0          0         80   _printf_char_file.o
       120         16          0          0          0         92   _printf_dec.o
         6          0          0          0          0          0   _printf_f.o
      1054          0          0          0          0        216   _printf_fp_dec.o
       128         16          0          0          0         84   _printf_fp_infnan.o
       178          0          0          0          0         88   _printf_intcommon.o
         0          0          0          0          0          0   _printf_percent.o
         4          0          0          0          0          0   _printf_percent_end.o
         6          0          0          0          0          0   _printf_u.o
        22          0          0          0          0        100   _rserrno.o
        64          0          0          0          0         84   _sgetc.o
       228          4        148          0          0         96   bigflt0.o
      2152        136          0          0          0        960   btod.o
        18          0          0          0          0         80   exit.o
         8          0          0          0          0         68   ferror.o
         6          0          0          0          0        152   heapauxi.o
        18          0          0          0          0         76   isspace.o
        44         10        272          0          0         76   lc_ctype_c.o
        44         10         28          0          0         76   lc_numeric_c.o
         2          0          0          0          0          0   libinit.o
        30          0          0          0          0          0   libinit2.o
         2          0          0          0          0          0   libshutdown.o
         2          0          0          0          0          0   libshutdown2.o
         8          4          0          0         96         68   libspace.o
        38          0          0          0          0         68   llshl.o
       138          0          0          0          0         80   lludiv10.o
        24          4          0          0          0         84   noretval__2printf.o
        16          4          0          0          0         76   rt_ctype_table.o
         8          4          0          0          0         68   rt_errno_addr_intlibspace.o
         8          4          0          0          0         68   rt_locale_intlibspace.o
         2          0          0          0          0          0   rtexit.o
        10          0          0          0          0          0   rtexit2.o
      1272         16          0          0          0        168   scanf_fp.o
       800         14          0          0          0        100   scanf_hexfp.o
       308         16          0          0          0        100   scanf_infnan.o
       128          0          0          0          0         68   strcmpv7m.o
       150          0          0          0          0         80   strncmp.o
        36          0          0          0          0         80   strstr.o
       164         14          0          0          0        120   strtod.o
        74          0          0          0          0         80   sys_stackheap_outer.o
         2          0          0          0          0         68   use_no_semi.o
         2          0          0          0          0         68   use_no_semi_2.o
        98          4          0          0          0         92   d2f.o
       826         16          0          0          0        348   daddsub_clz.o
        16          4          0          0          0         68   dcheck1.o
        24          0          0          0          0         68   dcmpi.o
       688        140          0          0          0        208   ddiv.o
       120          4          0          0          0         92   deqf.o
        84          0          0          0          0        136   dflt_clz.o
       120          4          0          0          0         92   dleqf.o
       340         12          0          0          0        104   dmul.o
       156          4          0          0          0         92   dnaninf.o
        12          0          0          0          0         68   dretinf.o
       108          0          0          0          0         80   drleqf.o
        86          4          0          0          0         84   f2d.o
       450          8          0          0          0        236   faddsub_clz.o
        24          0          0          0          0         68   fcmpi.o
       388         76          0          0          0         96   fdiv.o
        54          4          0          0          0         84   ffix.o
        62          4          0          0          0         84   ffixu.o
        86          0          0          0          0        136   fflt_clz.o
       104          4          0          0          0         84   fleqf.o
       258          4          0          0          0         84   fmul.o
       140          4          0          0          0         84   fnaninf.o
         0          0         16          0          0          0   fpconst.o
        10          0          0          0          0         68   fretinf.o
        98          0          0          0          0         68   frleqf.o
         6          0          0          0          0         68   istatus.o
         4          0          0          0          0         68   printf1.o
       100          0          0          0          0         68   retnan.o
        92          0          0          0          0         68   scalbn.o
         4          0          0          0          0         68   scanf1.o
         8          0          0          0          0         84   scanf2.o
        48          0          0          0          0         68   trapv.o
         0          0          0          0          0          0   usenofp.o
       544         70        152          0          0        124   atan.o
       384         38          0          0          0        144   atan2.o
        42          0          0          0          0         84   atof.o
        40          6          0          0          0        272   dunder.o
        40          0          0          0          0         68   fpclassify.o
        88          8          0          0          0         76   frexp.o
       138          0          0          0          0        160   ldexp.o
       204          4          0          0          0        168   narrow.o
       170          0          0          0          0         96   poly.o
         0          0          8          0          0          0   qnan.o

    ----------------------------------------------------------------------
     14226        714        624          0        100       8468   Library Totals
        28          2          0          0          4          0   (incl. Padding)

    ----------------------------------------------------------------------

      Code (inc. data)   RO Data    RW Data    ZI Data      Debug   Library Name

      7934        290        448          0         96       4160   c_w.l
      4614        296         16          0          0       3116   fz_ws.l
      1650        126        160          0          0       1192   m_ws.l

    ----------------------------------------------------------------------
     14226        714        624          0        100       8468   Library Totals

    ----------------------------------------------------------------------

==============================================================================


      Code (inc. data)   RO Data    RW Data    ZI Data      Debug   

     24348       1758       2444        296       1872     261109   Grand Totals
     24348       1758       2444        296       1872     261109   ELF Image Totals
     24348       1758       2444        296          0          0   ROM Totals

==============================================================================

    Total RO  Size (Code + RO Data)                26792 (  26.16kB)
    Total RW  Size (RW Data + ZI Data)              2168 (   2.12kB)
    Total ROM Size (Code + RO Data + RW Data)      27088 (  26.45kB)

==============================================================================

